Archive member included to satisfy reference by file (symbol)

/usr/lib/gcc/arm-none-eabi/6.3.1/thumb/v7e-m/fpv4-sp/hard/libgcc.a(_aeabi_uldivmod.o)
                              projects/lab1/out/libs/lpc_open/lpc_chip_43xx/src/i2s_18xx_43xx.o (__aeabi_uldivmod)
/usr/lib/gcc/arm-none-eabi/6.3.1/thumb/v7e-m/fpv4-sp/hard/libgcc.a(_udivmoddi4.o)
                              /usr/lib/gcc/arm-none-eabi/6.3.1/thumb/v7e-m/fpv4-sp/hard/libgcc.a(_aeabi_uldivmod.o) (__udivmoddi4)
/usr/lib/gcc/arm-none-eabi/6.3.1/thumb/v7e-m/fpv4-sp/hard/libgcc.a(_dvmd_tls.o)
                              /usr/lib/gcc/arm-none-eabi/6.3.1/thumb/v7e-m/fpv4-sp/hard/libgcc.a(_aeabi_uldivmod.o) (__aeabi_ldiv0)
/usr/lib/gcc/arm-none-eabi/6.3.1/../../../arm-none-eabi/lib/thumb/v7e-m/fpv4-sp/hard/libc_nano.a(lib_a-init.o)
                              projects/lab1/out/libs/cmsis_core//src/armv7m_startup.o (__libc_init_array)
/usr/lib/gcc/arm-none-eabi/6.3.1/../../../arm-none-eabi/lib/thumb/v7e-m/fpv4-sp/hard/libc_nano.a(lib_a-memcpy.o)
                              projects/lab1/out/libs/lpc_open/lpc_chip_43xx/src/ring_buffer.o (memcpy)
/usr/lib/gcc/arm-none-eabi/6.3.1/../../../arm-none-eabi/lib/thumb/v7e-m/fpv4-sp/hard/libc_nano.a(lib_a-memset.o)
                              projects/lab1/out/libs/lpc_open/lpc_chip_43xx/src/clock_18xx_43xx.o (memset)

Allocating common symbols
Common symbol       size              file

pIsrADC0            0x4               projects/lab1/out/modules/drivers_bm//src/adc.o
SystemCoreClock     0x4               projects/lab1/out/libs/lpc_open/lpc_chip_43xx/src/chip_18xx_43xx.o
pIsrTimer           0x4               projects/lab1/out/modules/drivers_bm//src/timer.o

Discarded input sections

 .group         0x0000000000000000        0x8 projects/lab1/out/projects/lab1/src/configuracion.o
 .group         0x0000000000000000        0x8 projects/lab1/out/projects/lab1/src/configuracion.o
 .group         0x0000000000000000        0x8 projects/lab1/out/projects/lab1/src/configuracion.o
 .group         0x0000000000000000        0x8 projects/lab1/out/projects/lab1/src/configuracion.o
 .group         0x0000000000000000        0x8 projects/lab1/out/projects/lab1/src/configuracion.o
 .group         0x0000000000000000        0x8 projects/lab1/out/projects/lab1/src/configuracion.o
 .group         0x0000000000000000        0x8 projects/lab1/out/projects/lab1/src/configuracion.o
 .group         0x0000000000000000        0x8 projects/lab1/out/projects/lab1/src/configuracion.o
 .group         0x0000000000000000        0x8 projects/lab1/out/projects/lab1/src/configuracion.o
 .group         0x0000000000000000        0x8 projects/lab1/out/projects/lab1/src/configuracion.o
 .group         0x0000000000000000        0x8 projects/lab1/out/projects/lab1/src/configuracion.o
 .group         0x0000000000000000        0x8 projects/lab1/out/projects/lab1/src/configuracion.o
 .group         0x0000000000000000        0x8 projects/lab1/out/projects/lab1/src/configuracion.o
 .group         0x0000000000000000        0x8 projects/lab1/out/projects/lab1/src/configuracion.o
 .group         0x0000000000000000        0x8 projects/lab1/out/projects/lab1/src/configuracion.o
 .group         0x0000000000000000        0x8 projects/lab1/out/projects/lab1/src/configuracion.o
 .group         0x0000000000000000        0x8 projects/lab1/out/projects/lab1/src/configuracion.o
 .group         0x0000000000000000        0x8 projects/lab1/out/projects/lab1/src/configuracion.o
 .group         0x0000000000000000        0x8 projects/lab1/out/projects/lab1/src/configuracion.o
 .group         0x0000000000000000        0x8 projects/lab1/out/projects/lab1/src/configuracion.o
 .group         0x0000000000000000        0x8 projects/lab1/out/projects/lab1/src/configuracion.o
 .group         0x0000000000000000        0x8 projects/lab1/out/projects/lab1/src/configuracion.o
 .group         0x0000000000000000        0x8 projects/lab1/out/projects/lab1/src/configuracion.o
 .group         0x0000000000000000        0x8 projects/lab1/out/projects/lab1/src/configuracion.o
 .group         0x0000000000000000        0x8 projects/lab1/out/projects/lab1/src/configuracion.o
 .group         0x0000000000000000        0x8 projects/lab1/out/projects/lab1/src/configuracion.o
 .group         0x0000000000000000        0x8 projects/lab1/out/projects/lab1/src/configuracion.o
 .group         0x0000000000000000        0x8 projects/lab1/out/projects/lab1/src/configuracion.o
 .group         0x0000000000000000        0x8 projects/lab1/out/projects/lab1/src/configuracion.o
 .group         0x0000000000000000        0x8 projects/lab1/out/projects/lab1/src/configuracion.o
 .group         0x0000000000000000        0x8 projects/lab1/out/projects/lab1/src/configuracion.o
 .group         0x0000000000000000        0x8 projects/lab1/out/projects/lab1/src/configuracion.o
 .group         0x0000000000000000        0x8 projects/lab1/out/projects/lab1/src/configuracion.o
[...]
Memory Configuration

Name             Origin             Length             Attributes
MFlashA512       0x000000001a000000 0x0000000000080000 xr
MFlashB512       0x000000001b000000 0x0000000000080000 xr
RamLoc32         0x0000000010000000 0x0000000000008000 xrw
RamLoc40         0x0000000010080000 0x000000000000a000 xrw
RamAHB32         0x0000000020000000 0x0000000000008000 xrw
RamAHB16         0x0000000020008000 0x0000000000004000 xrw
RamAHB_ETB16     0x000000002000c000 0x0000000000004000 xrw
*default*        0x0000000000000000 0xffffffffffffffff

Linker script and memory map

START GROUP
LOAD projects/lab1/out/projects/lab1/src/configuracion.o
LOAD projects/lab1/out/projects/lab1/src/lab1.o
LOAD projects/lab1/out/libs/cmsis_core//src/armv7m_startup.o
LOAD projects/lab1/out/libs/sys_newlib//src/system.o
LOAD projects/lab1/out/modules/drivers_bm//src/display.o
LOAD projects/lab1/out/modules/drivers_bm//src/uart.o
LOAD projects/lab1/out/modules/drivers_bm//src/soc.o
LOAD projects/lab1/out/modules/drivers_bm//src/led.o
LOAD projects/lab1/out/modules/drivers_bm//src/itoa.o
LOAD projects/lab1/out/modules/drivers_bm//src/unt.o
LOAD projects/lab1/out/modules/drivers_bm//src/dac.o
LOAD projects/lab1/out/modules/drivers_bm//src/adc.o
LOAD projects/lab1/out/modules/drivers_bm//src/timer.o
LOAD projects/lab1/out/modules/drivers_bm//src/switch.o
LOAD projects/lab1/out/libs/lpc_open/boards/edu_ciaa_nxp/src/board.o
LOAD projects/lab1/out/libs/lpc_open/boards/edu_ciaa_nxp/src/board_sysinit.o
LOAD projects/lab1/out/libs/lpc_open/lpc_chip_43xx/src/ccan_18xx_43xx.o
LOAD projects/lab1/out/libs/lpc_open/lpc_chip_43xx/src/gpiogroup_18xx_43xx.o
LOAD projects/lab1/out/libs/lpc_open/lpc_chip_43xx/src/dac_18xx_43xx.o
LOAD projects/lab1/out/libs/lpc_open/lpc_chip_43xx/src/ritimer_18xx_43xx.o
LOAD projects/lab1/out/libs/lpc_open/lpc_chip_43xx/src/i2s_18xx_43xx.o
LOAD projects/lab1/out/libs/lpc_open/lpc_chip_43xx/src/lcd_18xx_43xx.o
LOAD projects/lab1/out/libs/lpc_open/lpc_chip_43xx/src/uart_18xx_43xx.o
LOAD projects/lab1/out/libs/lpc_open/lpc_chip_43xx/src/adc_18xx_43xx.o
LOAD projects/lab1/out/libs/lpc_open/lpc_chip_43xx/src/stopwatch_18xx_43xx.o
LOAD projects/lab1/out/libs/lpc_open/lpc_chip_43xx/src/clock_18xx_43xx.o
LOAD projects/lab1/out/libs/lpc_open/lpc_chip_43xx/src/chip_18xx_43xx.o
LOAD projects/lab1/out/libs/lpc_open/lpc_chip_43xx/src/pmc_18xx_43xx.o
LOAD projects/lab1/out/libs/lpc_open/lpc_chip_43xx/src/otp_18xx_43xx.o
LOAD projects/lab1/out/libs/lpc_open/lpc_chip_43xx/src/aes_18xx_43xx.o
LOAD projects/lab1/out/libs/lpc_open/lpc_chip_43xx/src/sysinit_18xx_43xx.o
LOAD projects/lab1/out/libs/lpc_open/lpc_chip_43xx/src/atimer_18xx_43xx.o
LOAD projects/lab1/out/libs/lpc_open/lpc_chip_43xx/src/sdif_18xx_43xx.o
LOAD projects/lab1/out/libs/lpc_open/lpc_chip_43xx/src/timer_18xx_43xx.o
LOAD projects/lab1/out/libs/lpc_open/lpc_chip_43xx/src/iap_18xx_43xx.o
LOAD projects/lab1/out/libs/lpc_open/lpc_chip_43xx/src/wwdt_18xx_43xx.o
LOAD projects/lab1/out/libs/lpc_open/lpc_chip_43xx/src/ring_buffer.o
LOAD projects/lab1/out/libs/lpc_open/lpc_chip_43xx/src/i2cm_18xx_43xx.o
LOAD projects/lab1/out/libs/lpc_open/lpc_chip_43xx/src/pinint_18xx_43xx.o
LOAD projects/lab1/out/libs/lpc_open/lpc_chip_43xx/src/eeprom_18xx_43xx.o
LOAD projects/lab1/out/libs/lpc_open/lpc_chip_43xx/src/rtc_18xx_43xx.o
LOAD projects/lab1/out/libs/lpc_open/lpc_chip_43xx/src/sct_18xx_43xx.o
LOAD projects/lab1/out/libs/lpc_open/lpc_chip_43xx/src/emc_18xx_43xx.o
LOAD projects/lab1/out/libs/lpc_open/lpc_chip_43xx/src/sdio_18xx_43xx.o
LOAD projects/lab1/out/libs/lpc_open/lpc_chip_43xx/src/spi_18xx_43xx.o
LOAD projects/lab1/out/libs/lpc_open/lpc_chip_43xx/src/gpio_18xx_43xx.o
LOAD projects/lab1/out/libs/lpc_open/lpc_chip_43xx/src/sdmmc_18xx_43xx.o
LOAD projects/lab1/out/libs/lpc_open/lpc_chip_43xx/src/gpdma_18xx_43xx.o
LOAD projects/lab1/out/libs/lpc_open/lpc_chip_43xx/src/evrt_18xx_43xx.o
LOAD projects/lab1/out/libs/lpc_open/lpc_chip_43xx/src/sct_pwm_18xx_43xx.o
LOAD projects/lab1/out/libs/lpc_open/lpc_chip_43xx/src/enet_18xx_43xx.o
LOAD projects/lab1/out/libs/lpc_open/lpc_chip_43xx/src/ssp_18xx_43xx.o
LOAD projects/lab1/out/libs/lpc_open/lpc_chip_43xx/src/i2c_18xx_43xx.o
LOAD projects/lab1/out/libs/lpc_open/lpc_startup/src/crp.o
LOAD projects/lab1/out/libs/lpc_open/lpc_startup/src/sysinit.o
LOAD projects/lab1/out/libs/lpc_open/lpc_startup/src/vendor_interrupt.o
END GROUP
LOAD /usr/lib/gcc/arm-none-eabi/6.3.1/../../../arm-none-eabi/lib/thumb/v7e-m/fpv4-sp/hard/libstdc++_nano.a
LOAD /usr/lib/gcc/arm-none-eabi/6.3.1/../../../arm-none-eabi/lib/thumb/v7e-m/fpv4-sp/hard/libm.a
START GROUP
LOAD /usr/lib/gcc/arm-none-eabi/6.3.1/thumb/v7e-m/fpv4-sp/hard/libgcc.a
LOAD /usr/lib/gcc/arm-none-eabi/6.3.1/../../../arm-none-eabi/lib/thumb/v7e-m/fpv4-sp/hard/libc_nano.a
END GROUP
START GROUP
LOAD /usr/lib/gcc/arm-none-eabi/6.3.1/thumb/v7e-m/fpv4-sp/hard/libgcc.a
LOAD /usr/lib/gcc/arm-none-eabi/6.3.1/../../../arm-none-eabi/lib/thumb/v7e-m/fpv4-sp/hard/libc_nano.a
END GROUP
                0x000000001a080000                __top_MFlashA512 = 0x1a080000
                0x000000001b080000                __top_MFlashB512 = 0x1b080000
                0x0000000010008000                __top_RamLoc32 = 0x10008000
                0x000000001008a000                __top_RamLoc40 = 0x1008a000
                0x0000000020008000                __top_RamAHB32 = 0x20008000
                0x000000002000c000                __top_RamAHB16 = 0x2000c000
                0x0000000020010000                __top_RamAHB_ETB16 = 0x20010000
START GROUP
LOAD /usr/lib/gcc/arm-none-eabi/6.3.1/thumb/v7e-m/fpv4-sp/hard/libgcc.a
LOAD /usr/lib/gcc/arm-none-eabi/6.3.1/../../../arm-none-eabi/lib/thumb/v7e-m/fpv4-sp/hard/libc.a
LOAD /usr/lib/gcc/arm-none-eabi/6.3.1/../../../arm-none-eabi/lib/thumb/v7e-m/fpv4-sp/hard/libm.a
END GROUP

.text_Flash2    0x000000001b000000        0x0
 FILL mask 0xff
 *(.text_Flash2*)
 *(.text_MFlashB512*)
 *(.text.$Flash2*)
 *(.text.$MFlashB512*)
 *(.rodata.$Flash2*)
 *(.rodata.$MFlashB512*)

.text           0x000000001a000000     0x1a48
 FILL mask 0xff
                0x000000001a000000                __vectors_start__ = ABSOLUTE (.)
 *(.isr_vector)
 .isr_vector    0x000000001a000000       0x40 projects/lab1/out/libs/cmsis_core//src/armv7m_startup.o
                0x000000001a000000                g_pfnVectors
 *(.isr_vendor_vector)
 .isr_vendor_vector
                0x000000001a000040       0xd4 projects/lab1/out/libs/lpc_open/lpc_startup/src/vendor_interrupt.o
                0x000000001a000040                g_pfnVendorVectors
                0x000000001a000114                . = ALIGN (0x4)
                0x000000001a000114                __section_table_start = .
                0x000000001a000114                __data_section_table = .
                0x000000001a000114        0x4 LONG 0x1a001a54 LOADADDR (.data)
                0x000000001a000118        0x4 LONG 0x10000000 ADDR (.data)
                0x000000001a00011c        0x4 LONG 0x38 SIZEOF (.data)
                0x000000001a000120        0x4 LONG 0x1a001a54 LOADADDR (.data_RAM2)
                0x000000001a000124        0x4 LONG 0x10080000 ADDR (.data_RAM2)
                0x000000001a000128        0x4 LONG 0x0 SIZEOF (.data_RAM2)
                0x000000001a00012c        0x4 LONG 0x1a001a54 LOADADDR (.data_RAM3)
                0x000000001a000130        0x4 LONG 0x20000000 ADDR (.data_RAM3)
                0x000000001a000134        0x4 LONG 0x0 SIZEOF (.data_RAM3)
                0x000000001a000138        0x4 LONG 0x1a001a54 LOADADDR (.data_RAM4)
                0x000000001a00013c        0x4 LONG 0x20008000 ADDR (.data_RAM4)
                0x000000001a000140        0x4 LONG 0x0 SIZEOF (.data_RAM4)
                0x000000001a000144        0x4 LONG 0x1a001a54 LOADADDR (.data_RAM5)
                0x000000001a000148        0x4 LONG 0x2000c000 ADDR (.data_RAM5)
                0x000000001a00014c        0x4 LONG 0x0 SIZEOF (.data_RAM5)
                0x000000001a000150                __data_section_table_end = .
                0x000000001a000150                __bss_section_table = .
                0x000000001a000150        0x4 LONG 0x10000038 ADDR (.bss)
                0x000000001a000154        0x4 LONG 0x14 SIZEOF (.bss)
                0x000000001a000158        0x4 LONG 0x10080000 ADDR (.bss_RAM2)
                0x000000001a00015c        0x4 LONG 0x0 SIZEOF (.bss_RAM2)
                0x000000001a000160        0x4 LONG 0x20000000 ADDR (.bss_RAM3)
                0x000000001a000164        0x4 LONG 0x0 SIZEOF (.bss_RAM3)
                0x000000001a000168        0x4 LONG 0x20008000 ADDR (.bss_RAM4)
                0x000000001a00016c        0x4 LONG 0x0 SIZEOF (.bss_RAM4)
                0x000000001a000170        0x4 LONG 0x2000c000 ADDR (.bss_RAM5)
                0x000000001a000174        0x4 LONG 0x0 SIZEOF (.bss_RAM5)
                0x000000001a000178                __bss_section_table_end = .
                0x000000001a000178                __section_table_end = .
 *(.after_vectors*)
 .after_vectors
                0x000000001a000178       0x42 projects/lab1/out/libs/cmsis_core//src/armv7m_startup.o
                0x000000001a000178                NMI_Handler
                0x000000001a00017a                HardFault_Handler
                0x000000001a00017c                MemManage_Handler
                0x000000001a00017e                BusFault_Handler
                0x000000001a000180                UsageFault_Handler
                0x000000001a000182                SVC_Handler
                0x000000001a000184                DebugMon_Handler
                0x000000001a000186                PendSV_Handler
                0x000000001a00018a                data_init
                0x000000001a0001a8                bss_init
 .after_vectors
                0x000000001a0001ba        0x2 projects/lab1/out/libs/lpc_open/lpc_startup/src/vendor_interrupt.o
                0x000000001a0001ba                TIMER2_IRQHandler
                0x000000001a0001ba                RIT_IRQHandler
                0x000000001a0001ba                ADCHS_IRQHandler
                0x000000001a0001ba                FLASH_EEPROM_IRQHandler
                0x000000001a0001ba                I2C0_IRQHandler
                0x000000001a0001ba                SDIO_IRQHandler
                0x000000001a0001ba                ATIMER_IRQHandler
                0x000000001a0001ba                I2C1_IRQHandler
                0x000000001a0001ba                UART1_IRQHandler
                0x000000001a0001ba                GPIO5_IRQHandler
                0x000000001a0001ba                CAN1_IRQHandler
                0x000000001a0001ba                USB1_IRQHandler
                0x000000001a0001ba                I2S0_IRQHandler
                0x000000001a0001ba                TIMER3_IRQHandler
                0x000000001a0001ba                UART0_IRQHandler
                0x000000001a0001ba                SGPIO_IRQHandler
                0x000000001a0001ba                ADC0_IRQHandler
                0x000000001a0001ba                GPIO6_IRQHandler
                0x000000001a0001ba                IntDefaultHandler
                0x000000001a0001ba                GPIO1_IRQHandler
                0x000000001a0001ba                SSP0_IRQHandler
                0x000000001a0001ba                ADC1_IRQHandler
                0x000000001a0001ba                RTC_IRQHandler
                0x000000001a0001ba                TIMER0_IRQHandler
                0x000000001a0001ba                SPI_IRQHandler
                0x000000001a0001ba                LCD_IRQHandler
                0x000000001a0001ba                TIMER1_IRQHandler
                0x000000001a0001ba                UART2_IRQHandler
                0x000000001a0001ba                GPIO2_IRQHandler
                0x000000001a0001ba                I2S1_IRQHandler
                0x000000001a0001ba                SSP1_IRQHandler
                0x000000001a0001ba                USB0_IRQHandler
                0x000000001a0001ba                GPIO3_IRQHandler
                0x000000001a0001ba                SCT_IRQHandler
                0x000000001a0001ba                WDT_IRQHandler
                0x000000001a0001ba                GPIO7_IRQHandler
                0x000000001a0001ba                SPIFI_IRQHandler
                0x000000001a0001ba                QEI_IRQHandler
                0x000000001a0001ba                ETH_IRQHandler
                0x000000001a0001ba                CAN0_IRQHandler
                0x000000001a0001ba                GINT0_IRQHandler
                0x000000001a0001ba                DAC_IRQHandler
                0x000000001a0001ba                M0SUB_IRQHandler
                0x000000001a0001ba                GPIO0_IRQHandler
                0x000000001a0001ba                DMA_IRQHandler
                0x000000001a0001ba                EVRT_IRQHandler
                0x000000001a0001ba                UART3_IRQHandler
                0x000000001a0001ba                MCPWM_IRQHandler
                0x000000001a0001ba                M0APP_IRQHandler
                0x000000001a0001ba                GINT1_IRQHandler
                0x000000001a0001ba                GPIO4_IRQHandler
                0x00000000000002fc                . = 0x2fc
 *fill*         0x000000001a0001bc      0x140 ff
                0x000000001a0002fc                PROVIDE (__CRP_WORD_START__, .)
 *(.crp)
 .crp           0x000000001a0002fc        0x4 projects/lab1/out/libs/lpc_open/lpc_startup/src/crp.o
                0x000000001a0002fc                CRP_WORD
                0x000000001a000300                PROVIDE (__CRP_WORD_END__, .)
                0x0000000000000001                ASSERT (! ((__CRP_WORD_START__ == __CRP_WORD_END__)), Linker CRP Enabled, but no CRP_WORD provided within application)
 *(.text*)
 .text.ConfigurarInterrupcion
                0x000000001a000300       0x4c projects/lab1/out/projects/lab1/src/configuracion.o
                0x000000001a000300                ConfigurarInterrupcion
 .text.ConfigurarPuertosLaboratorio
                0x000000001a00034c       0x94 projects/lab1/out/projects/lab1/src/configuracion.o
                0x000000001a00034c                ConfigurarPuertosLaboratorio
 .text.SysTick_Handler
                0x000000001a0003e0       0x5c projects/lab1/out/projects/lab1/src/lab1.o
                0x000000001a0003e0                SysTick_Handler
 .text.ConfigurarUART
                0x000000001a00043c       0x28 projects/lab1/out/projects/lab1/src/lab1.o
                0x000000001a00043c                ConfigurarUART
 .text.UARTDisponible
                0x000000001a000464        0x8 projects/lab1/out/projects/lab1/src/lab1.o
                0x000000001a000464                UARTDisponible
 .text.UARTLeerByte
                0x000000001a00046c       0x2c projects/lab1/out/projects/lab1/src/lab1.o
                0x000000001a00046c                UARTLeerByte
 .text.main     0x000000001a000498      0x154 projects/lab1/out/projects/lab1/src/lab1.o
                0x000000001a000498                main
 .text.initialise_monitor_handles
                0x000000001a0005ec        0x2 projects/lab1/out/libs/cmsis_core//src/armv7m_startup.o
                0x000000001a0005ec                initialise_monitor_handles
 *fill*         0x000000001a0005ee        0x2 ff
 .text.Reset_Handler
                0x000000001a0005f0       0x88 projects/lab1/out/libs/cmsis_core//src/armv7m_startup.o
                0x000000001a0005f0                Reset_Handler
 .text._fini    0x000000001a000678        0x2 projects/lab1/out/libs/cmsis_core//src/armv7m_startup.o
                0x000000001a000678                _fini
 .text._init    0x000000001a00067a        0x2 projects/lab1/out/libs/cmsis_core//src/armv7m_startup.o
                0x000000001a00067a                _init
 .text.Led_On   0x000000001a00067c       0x78 projects/lab1/out/modules/drivers_bm//src/led.o
                0x000000001a00067c                Led_On
 .text.Led_Off  0x000000001a0006f4       0x78 projects/lab1/out/modules/drivers_bm//src/led.o
                0x000000001a0006f4                Led_Off
 .text.Led_Toggle
                0x000000001a00076c       0x78 projects/lab1/out/modules/drivers_bm//src/led.o
                0x000000001a00076c                Led_Toggle
 .text.Board_LED_Init
                0x000000001a0007e4       0x44 projects/lab1/out/libs/lpc_open/boards/edu_ciaa_nxp/src/board.o
 .text.Board_TEC_Init
                0x000000001a000828       0x40 projects/lab1/out/libs/lpc_open/boards/edu_ciaa_nxp/src/board.o
 .text.Board_GPIO_Init
                0x000000001a000868       0x40 projects/lab1/out/libs/lpc_open/boards/edu_ciaa_nxp/src/board.o
 .text.Board_ADC_Init
                0x000000001a0008a8       0x30 projects/lab1/out/libs/lpc_open/boards/edu_ciaa_nxp/src/board.o
 .text.Board_SPI_Init
                0x000000001a0008d8       0x38 projects/lab1/out/libs/lpc_open/boards/edu_ciaa_nxp/src/board.o
 .text.Board_I2C_Init
                0x000000001a000910       0x24 projects/lab1/out/libs/lpc_open/boards/edu_ciaa_nxp/src/board.o
 .text.Board_Debug_Init
                0x000000001a000934       0x24 projects/lab1/out/libs/lpc_open/boards/edu_ciaa_nxp/src/board.o
                0x000000001a000934                Board_Debug_Init
 .text.Board_Init
                0x000000001a000958       0x2c projects/lab1/out/libs/lpc_open/boards/edu_ciaa_nxp/src/board.o
                0x000000001a000958                Board_Init
 .text.__stdio_init
                0x000000001a000984        0x8 projects/lab1/out/libs/lpc_open/boards/edu_ciaa_nxp/src/board.o
                0x000000001a000984                __stdio_init
 .text.Board_SetupMuxing
                0x000000001a00098c       0x38 projects/lab1/out/libs/lpc_open/boards/edu_ciaa_nxp/src/board_sysinit.o
                0x000000001a00098c                Board_SetupMuxing
 .text.Board_SetupClocking
                0x000000001a0009c4       0x6c projects/lab1/out/libs/lpc_open/boards/edu_ciaa_nxp/src/board_sysinit.o
                0x000000001a0009c4                Board_SetupClocking
 .text.Board_SystemInit
                0x000000001a000a30        0xc projects/lab1/out/libs/lpc_open/boards/edu_ciaa_nxp/src/board_sysinit.o
                0x000000001a000a30                Board_SystemInit
 .text.Chip_UART_GetIndex
                0x000000001a000a3c       0x2c projects/lab1/out/libs/lpc_open/lpc_chip_43xx/src/uart_18xx_43xx.o
 .text.Chip_UART_Init
                0x000000001a000a68       0x54 projects/lab1/out/libs/lpc_open/lpc_chip_43xx/src/uart_18xx_43xx.o
                0x000000001a000a68                Chip_UART_Init
 .text.Chip_UART_SetBaudFDR
                0x000000001a000abc       0xe8 projects/lab1/out/libs/lpc_open/lpc_chip_43xx/src/uart_18xx_43xx.o
                0x000000001a000abc                Chip_UART_SetBaudFDR
 .text.Chip_ADC_GetClockIndex
                0x000000001a000ba4       0x14 projects/lab1/out/libs/lpc_open/lpc_chip_43xx/src/adc_18xx_43xx.o
 .text.getClkDiv
                0x000000001a000bb8       0x32 projects/lab1/out/libs/lpc_open/lpc_chip_43xx/src/adc_18xx_43xx.o
 *fill*         0x000000001a000bea        0x2 ff
 .text.Chip_ADC_Init
                0x000000001a000bec       0x40 projects/lab1/out/libs/lpc_open/lpc_chip_43xx/src/adc_18xx_43xx.o
                0x000000001a000bec                Chip_ADC_Init
 .text.Chip_ADC_SetSampleRate
                0x000000001a000c2c       0x32 projects/lab1/out/libs/lpc_open/lpc_chip_43xx/src/adc_18xx_43xx.o
                0x000000001a000c2c                Chip_ADC_SetSampleRate
 .text.Chip_ADC_SetResolution
                0x000000001a000c5e        0xc projects/lab1/out/libs/lpc_open/lpc_chip_43xx/src/adc_18xx_43xx.o
                0x000000001a000c5e                Chip_ADC_SetResolution
 *fill*         0x000000001a000c6a        0x2 ff
 .text.pll_calc_divs
                0x000000001a000c6c       0xa0 projects/lab1/out/libs/lpc_open/lpc_chip_43xx/src/clock_18xx_43xx.o
 .text.pll_get_frac
                0x000000001a000d0c      0x10c projects/lab1/out/libs/lpc_open/lpc_chip_43xx/src/clock_18xx_43xx.o
 .text.Chip_Clock_FindBaseClock
                0x000000001a000e18       0x4c projects/lab1/out/libs/lpc_open/lpc_chip_43xx/src/clock_18xx_43xx.o
 .text.Chip_Clock_EnableCrystal
                0x000000001a000e64       0x4c projects/lab1/out/libs/lpc_open/lpc_chip_43xx/src/clock_18xx_43xx.o
                0x000000001a000e64                Chip_Clock_EnableCrystal
 .text.Chip_Clock_GetDividerSource
                0x000000001a000eb0       0x1c projects/lab1/out/libs/lpc_open/lpc_chip_43xx/src/clock_18xx_43xx.o
                0x000000001a000eb0                Chip_Clock_GetDividerSource
 .text.Chip_Clock_GetDividerDivisor
                0x000000001a000ecc       0x1c projects/lab1/out/libs/lpc_open/lpc_chip_43xx/src/clock_18xx_43xx.o
                0x000000001a000ecc                Chip_Clock_GetDividerDivisor
 .text.Chip_Clock_GetClockInputHz
                0x000000001a000ee8       0xb8 projects/lab1/out/libs/lpc_open/lpc_chip_43xx/src/clock_18xx_43xx.o
                0x000000001a000ee8                Chip_Clock_GetClockInputHz
 .text.Chip_Clock_CalcMainPLLValue
                0x000000001a000fa0       0x80 projects/lab1/out/libs/lpc_open/lpc_chip_43xx/src/clock_18xx_43xx.o
                0x000000001a000fa0                Chip_Clock_CalcMainPLLValue
 .text.Chip_Clock_GetMainPLLHz
                0x000000001a001020       0x6c projects/lab1/out/libs/lpc_open/lpc_chip_43xx/src/clock_18xx_43xx.o
                0x000000001a001020                Chip_Clock_GetMainPLLHz
 .text.Chip_Clock_GetDivRate
                0x000000001a00108c       0x22 projects/lab1/out/libs/lpc_open/lpc_chip_43xx/src/clock_18xx_43xx.o
 *fill*         0x000000001a0010ae        0x2 ff
 .text.Chip_Clock_SetBaseClock
                0x000000001a0010b0       0x58 projects/lab1/out/libs/lpc_open/lpc_chip_43xx/src/clock_18xx_43xx.o
                0x000000001a0010b0                Chip_Clock_SetBaseClock
 .text.Chip_Clock_GetBaseClock
                0x000000001a001108       0x26 projects/lab1/out/libs/lpc_open/lpc_chip_43xx/src/clock_18xx_43xx.o
                0x000000001a001108                Chip_Clock_GetBaseClock
 .text.Chip_Clock_GetBaseClocktHz
                0x000000001a00112e        0xc projects/lab1/out/libs/lpc_open/lpc_chip_43xx/src/clock_18xx_43xx.o
                0x000000001a00112e                Chip_Clock_GetBaseClocktHz
 *fill*         0x000000001a00113a        0x2 ff
 .text.Chip_Clock_EnableOpts
                0x000000001a00113c       0x3c projects/lab1/out/libs/lpc_open/lpc_chip_43xx/src/clock_18xx_43xx.o
                0x000000001a00113c                Chip_Clock_EnableOpts
 .text.Chip_Clock_Enable
                0x000000001a001178       0x34 projects/lab1/out/libs/lpc_open/lpc_chip_43xx/src/clock_18xx_43xx.o
                0x000000001a001178                Chip_Clock_Enable
 .text.Chip_Clock_GetRate
                0x000000001a0011ac       0x4c projects/lab1/out/libs/lpc_open/lpc_chip_43xx/src/clock_18xx_43xx.o
                0x000000001a0011ac                Chip_Clock_GetRate
 .text.SystemCoreClockUpdate
                0x000000001a0011f8       0x14 projects/lab1/out/libs/lpc_open/lpc_chip_43xx/src/chip_18xx_43xx.o
                0x000000001a0011f8                SystemCoreClockUpdate
 .text.Chip_SetupCoreClock
                0x000000001a00120c      0x154 projects/lab1/out/libs/lpc_open/lpc_chip_43xx/src/sysinit_18xx_43xx.o
                0x000000001a00120c                Chip_SetupCoreClock
 .text.Chip_GPIO_Init
                0x000000001a001360        0x2 projects/lab1/out/libs/lpc_open/lpc_chip_43xx/src/gpio_18xx_43xx.o
                0x000000001a001360                Chip_GPIO_Init
 *fill*         0x000000001a001362        0x2 ff
 .text.Chip_SSP_GetClockIndex
                0x000000001a001364       0x14 projects/lab1/out/libs/lpc_open/lpc_chip_43xx/src/ssp_18xx_43xx.o
 .text.Chip_SSP_GetPeriphClockIndex
                0x000000001a001378       0x18 projects/lab1/out/libs/lpc_open/lpc_chip_43xx/src/ssp_18xx_43xx.o
 .text.Chip_SSP_SetClockRate
                0x000000001a001390       0x12 projects/lab1/out/libs/lpc_open/lpc_chip_43xx/src/ssp_18xx_43xx.o
                0x000000001a001390                Chip_SSP_SetClockRate
 .text.Chip_SSP_SetBitRate
                0x000000001a0013a2       0x3e projects/lab1/out/libs/lpc_open/lpc_chip_43xx/src/ssp_18xx_43xx.o
                0x000000001a0013a2                Chip_SSP_SetBitRate
 .text.Chip_SSP_Init
                0x000000001a0013e0       0x38 projects/lab1/out/libs/lpc_open/lpc_chip_43xx/src/ssp_18xx_43xx.o
                0x000000001a0013e0                Chip_SSP_Init
 .text.Chip_I2C_EventHandler
                0x000000001a001418       0x20 projects/lab1/out/libs/lpc_open/lpc_chip_43xx/src/i2c_18xx_43xx.o
                0x000000001a001418                Chip_I2C_EventHandler
 .text.Chip_I2C_Init
                0x000000001a001438       0x24 projects/lab1/out/libs/lpc_open/lpc_chip_43xx/src/i2c_18xx_43xx.o
                0x000000001a001438                Chip_I2C_Init
 .text.Chip_I2C_SetClockRate
                0x000000001a00145c       0x38 projects/lab1/out/libs/lpc_open/lpc_chip_43xx/src/i2c_18xx_43xx.o
                0x000000001a00145c                Chip_I2C_SetClockRate
 .text.SystemInit
                0x000000001a001494       0x40 projects/lab1/out/libs/lpc_open/lpc_startup/src/sysinit.o
                0x000000001a001494                SystemInit
 .text          0x000000001a0014d4       0x30 /usr/lib/gcc/arm-none-eabi/6.3.1/thumb/v7e-m/fpv4-sp/hard/libgcc.a(_aeabi_uldivmod.o)
                0x000000001a0014d4                __aeabi_uldivmod
 .text          0x000000001a001504      0x2dc /usr/lib/gcc/arm-none-eabi/6.3.1/thumb/v7e-m/fpv4-sp/hard/libgcc.a(_udivmoddi4.o)
                0x000000001a001504                __udivmoddi4
 .text          0x000000001a0017e0        0x4 /usr/lib/gcc/arm-none-eabi/6.3.1/thumb/v7e-m/fpv4-sp/hard/libgcc.a(_dvmd_tls.o)
                0x000000001a0017e0                __aeabi_ldiv0
                0x000000001a0017e0                __aeabi_idiv0
 .text          0x000000001a0017e4       0x50 /usr/lib/gcc/arm-none-eabi/6.3.1/../../../arm-none-eabi/lib/thumb/v7e-m/fpv4-sp/hard/libc_nano.a(lib_a-init.o)
                0x000000001a0017e4                __libc_init_array
 .text          0x000000001a001834       0x9c /usr/lib/gcc/arm-none-eabi/6.3.1/../../../arm-none-eabi/lib/thumb/v7e-m/fpv4-sp/hard/libc_nano.a(lib_a-memset.o)
                0x000000001a001834                memset
 *(.rodata .rodata.* .constdata .constdata.*)
 .rodata.ExtRateIn
                0x000000001a0018d0        0x4 projects/lab1/out/libs/lpc_open/boards/edu_ciaa_nxp/src/board.o
                0x000000001a0018d0                ExtRateIn
 .rodata.GpioButtons
                0x000000001a0018d4        0x8 projects/lab1/out/libs/lpc_open/boards/edu_ciaa_nxp/src/board.o
 .rodata.GpioLeds
                0x000000001a0018dc        0xc projects/lab1/out/libs/lpc_open/boards/edu_ciaa_nxp/src/board.o
 .rodata.GpioPorts
                0x000000001a0018e8       0x12 projects/lab1/out/libs/lpc_open/boards/edu_ciaa_nxp/src/board.o
 *fill*         0x000000001a0018fa        0x2 ff
 .rodata.OscRateIn
                0x000000001a0018fc        0x4 projects/lab1/out/libs/lpc_open/boards/edu_ciaa_nxp/src/board.o
                0x000000001a0018fc                OscRateIn
 .rodata.InitClkStates
                0x000000001a001900        0x4 projects/lab1/out/libs/lpc_open/boards/edu_ciaa_nxp/src/board_sysinit.o
 .rodata.pinmuxing
                0x000000001a001904       0x74 projects/lab1/out/libs/lpc_open/boards/edu_ciaa_nxp/src/board_sysinit.o
 .rodata.UART_BClock
                0x000000001a001978        0x8 projects/lab1/out/libs/lpc_open/lpc_chip_43xx/src/uart_18xx_43xx.o
 .rodata.UART_PClock
                0x000000001a001980        0x8 projects/lab1/out/libs/lpc_open/lpc_chip_43xx/src/uart_18xx_43xx.o
 .rodata        0x000000001a001988        0x4 projects/lab1/out/libs/lpc_open/lpc_chip_43xx/src/clock_18xx_43xx.o
 .rodata.Chip_Clock_SetDivider.str1.4
                0x000000001a00198c        0x8 projects/lab1/out/libs/lpc_open/lpc_chip_43xx/src/clock_18xx_43xx.o
                                          0x6 (size before relaxing)
 .rodata.periph_to_base
                0x000000001a001994       0x6c projects/lab1/out/libs/lpc_open/lpc_chip_43xx/src/clock_18xx_43xx.o
 .rodata.InitClkStates
                0x000000001a001a00       0x48 projects/lab1/out/libs/lpc_open/lpc_chip_43xx/src/sysinit_18xx_43xx.o
                0x000000001a001a48                . = ALIGN (0x4)

.glue_7         0x000000001a001a48        0x0
 .glue_7        0x000000001a001a48        0x0 linker stubs

.glue_7t        0x000000001a001a48        0x0
 .glue_7t       0x000000001a001a48        0x0 linker stubs

.vfp11_veneer   0x000000001a001a48        0x0
 .vfp11_veneer  0x000000001a001a48        0x0 linker stubs

.v4_bx          0x000000001a001a48        0x0
 .v4_bx         0x000000001a001a48        0x0 linker stubs

.iplt           0x000000001a001a48        0x0
 .iplt          0x000000001a001a48        0x0 projects/lab1/out/projects/lab1/src/configuracion.o
                0x000000001a001a48                . = ALIGN (0x4)

.preinit_array  0x000000001a001a48        0x0
                0x000000001a001a48                PROVIDE (__preinit_array_start, .)
 *(.preinit_array*)
                0x000000001a001a48                PROVIDE (__preinit_array_end, .)

.init_array     0x000000001a001a48        0x4
                0x000000001a001a48                PROVIDE (__init_array_start, .)
 *(SORT(.init_array.*))
 *(.init_array*)
 .init_array    0x000000001a001a48        0x4 projects/lab1/out/libs/sys_newlib//src/system.o
                0x000000001a001a4c                PROVIDE (__init_array_end, .)
                0x000000001a001a4c                . = ALIGN (0x4)

.ARM.extab
 *(.ARM.extab* .gnu.linkonce.armextab.*)
                0x000000001a001a4c                __exidx_start = .

.ARM.exidx      0x000000001a001a4c        0x8
 *(.ARM.exidx* .gnu.linkonce.armexidx.*)
 .ARM.exidx     0x000000001a001a4c        0x8 /usr/lib/gcc/arm-none-eabi/6.3.1/thumb/v7e-m/fpv4-sp/hard/libgcc.a(_udivmoddi4.o)
                0x000000001a001a54                __exidx_end = .
                0x000000001a001a54                _etext = .

.rel.dyn        0x000000001a001a54        0x0
 .rel.iplt      0x000000001a001a54        0x0 projects/lab1/out/projects/lab1/src/configuracion.o

.data_RAM2      0x0000000010080000        0x0 load address 0x000000001a001a54
 FILL mask 0xff
 *(.ramfunc.$RAM2)
 *(.ramfunc.$RamLoc40)
 *(.data.$RAM2*)
 *(.data.$RamLoc40*)
                0x0000000010080000                . = ALIGN (0x4)

.data_RAM3      0x0000000020000000        0x0 load address 0x000000001a001a54
 FILL mask 0xff
 *(.ramfunc.$RAM3)
 *(.ramfunc.$RamAHB32)
 *(.data.$RAM3*)
 *(.data.$RamAHB32*)
                0x0000000020000000                . = ALIGN (0x4)

.data_RAM4      0x0000000020008000        0x0 load address 0x000000001a001a54
 FILL mask 0xff
 *(.ramfunc.$RAM4)
 *(.ramfunc.$RamAHB16)
 *(.data.$RAM4*)
 *(.data.$RamAHB16*)
                0x0000000020008000                . = ALIGN (0x4)

.data_RAM5      0x000000002000c000        0x0 load address 0x000000001a001a54
 FILL mask 0xff
 *(.ramfunc.$RAM5)
 *(.ramfunc.$RamAHB_ETB16)
 *(.data.$RAM5*)
 *(.data.$RamAHB_ETB16*)
                0x000000002000c000                . = ALIGN (0x4)

.uninit_RESERVED
                0x0000000010000000        0x0
 *(.bss.$RESERVED*)
                0x0000000010000000                . = ALIGN (0x4)
                0x0000000010000000                _end_uninit_RESERVED = .

.data           0x0000000010000000       0x38 load address 0x000000001a001a54
 FILL mask 0xff
                0x0000000010000000                _data = .
 *(vtable)
 *(.ramfunc*)
 *(.data*)
 .data.i2c      0x0000000010000000       0x38 projects/lab1/out/libs/lpc_open/lpc_chip_43xx/src/i2c_18xx_43xx.o
                0x0000000010000038                . = ALIGN (0x4)
                0x0000000010000038                _edata = .

.igot.plt       0x0000000010000038        0x0 load address 0x000000001a001a8c
 .igot.plt      0x0000000010000038        0x0 projects/lab1/out/projects/lab1/src/configuracion.o

.bss_RAM2       0x0000000010080000        0x0
 *(.bss.$RAM2*)
 *(.bss.$RamLoc40*)
                0x0000000010080000                . = ALIGN (0x4)

.bss_RAM3       0x0000000020000000        0x0
 *(.bss.$RAM3*)
 *(.bss.$RamAHB32*)
                0x0000000020000000                . = ALIGN (0x4)

.bss_RAM4       0x0000000020008000        0x0
 *(.bss.$RAM4*)
 *(.bss.$RamAHB16*)
                0x0000000020008000                . = ALIGN (0x4)

.bss_RAM5       0x000000002000c000        0x0
 *(.bss.$RAM5*)
 *(.bss.$RamAHB_ETB16*)
                0x000000002000c000                . = ALIGN (0x4)

.bss            0x0000000010000038       0x14
                0x0000000010000038                _bss = .
 *(.bss*)
 .bss.actualizar
                0x0000000010000038        0x1 projects/lab1/out/projects/lab1/src/lab1.o
 *fill*         0x0000000010000039        0x3 
 .bss.contador.11021
                0x000000001000003c        0x4 projects/lab1/out/projects/lab1/src/lab1.o
 .bss.audio_usb_pll_freq
                0x0000000010000040        0x8 projects/lab1/out/libs/lpc_open/lpc_chip_43xx/src/clock_18xx_43xx.o
 *(COMMON)
 COMMON         0x0000000010000048        0x4 projects/lab1/out/libs/lpc_open/lpc_chip_43xx/src/chip_18xx_43xx.o
                0x0000000010000048                SystemCoreClock
                0x000000001000004c                . = ALIGN (0x4)
                0x000000001000004c                _ebss = .
                [!provide]                        PROVIDE (end, .)

.noinit_RAM2    0x0000000010080000        0x0
 *(.noinit.$RAM2*)
 *(.noinit.$RamLoc40*)
                0x0000000010080000                . = ALIGN (0x4)

.noinit_RAM3    0x0000000020000000        0x0
 *(.noinit.$RAM3*)
 *(.noinit.$RamAHB32*)
                0x0000000020000000                . = ALIGN (0x4)

.noinit_RAM4    0x0000000020008000        0x0
 *(.noinit.$RAM4*)
 *(.noinit.$RamAHB16*)
                0x0000000020008000                . = ALIGN (0x4)

.noinit_RAM5    0x000000002000c000        0x0
 *(.noinit.$RAM5*)
 *(.noinit.$RamAHB_ETB16*)
                0x000000002000c000                . = ALIGN (0x4)

.noinit         0x000000001000004c        0x0
                0x000000001000004c                _noinit = .
 *(.noinit*)
                0x000000001000004c                . = ALIGN (0x4)
                0x000000001000004c                _end_noinit = .
                0x000000001000004c                PROVIDE (_pvHeapStart, .)
                0x0000000010008000                PROVIDE (_vStackTop, (__top_RamLoc32 - 0x0))
                0xffffffff53ff729e                PROVIDE (__valid_user_code_checksum, (0x0 - ((((((_vStackTop + (Reset_Handler + 0x1)) + (NMI_Handler + 0x1)) + (HardFault_Handler + 0x1)) + (DEFINED (MemManage_Handler)?MemManage_Handler:0x0 + 0x1)) + (DEFINED (BusFault_Handler)?BusFault_Handler:0x0 + 0x1)) + (DEFINED (UsageFault_Handler)?UsageFault_Handler:0x0 + 0x1))))
OUTPUT(projects/lab1/out/lab1.elf elf32-littlearm)

.debug_info     0x0000000000000000    0x11a79
 .debug_info    0x0000000000000000      0xf3d projects/lab1/out/projects/lab1/src/configuracion.o
 .debug_info    0x0000000000000f3d     0x1565 projects/lab1/out/projects/lab1/src/lab1.o
 .debug_info    0x00000000000024a2      0x308 projects/lab1/out/libs/cmsis_core//src/armv7m_startup.o
 .debug_info    0x00000000000027aa      0xf34 projects/lab1/out/libs/sys_newlib//src/system.o
 .debug_info    0x00000000000036de      0xd0f projects/lab1/out/modules/drivers_bm//src/led.o
 .debug_info    0x00000000000043ed     0x210c projects/lab1/out/libs/lpc_open/boards/edu_ciaa_nxp/src/board.o
 .debug_info    0x00000000000064f9     0x14ab projects/lab1/out/libs/lpc_open/boards/edu_ciaa_nxp/src/board_sysinit.o
 .debug_info    0x00000000000079a4     0x164c projects/lab1/out/libs/lpc_open/lpc_chip_43xx/src/uart_18xx_43xx.o
 .debug_info    0x0000000000008ff0      0xaed projects/lab1/out/libs/lpc_open/lpc_chip_43xx/src/adc_18xx_43xx.o
 .debug_info    0x0000000000009add     0x18e4 projects/lab1/out/libs/lpc_open/lpc_chip_43xx/src/clock_18xx_43xx.o
 .debug_info    0x000000000000b3c1      0xc3b projects/lab1/out/libs/lpc_open/lpc_chip_43xx/src/chip_18xx_43xx.o
 .debug_info    0x000000000000bffc      0xaae projects/lab1/out/libs/lpc_open/lpc_chip_43xx/src/sysinit_18xx_43xx.o
 .debug_info    0x000000000000caaa      0x220 projects/lab1/out/libs/lpc_open/lpc_chip_43xx/src/gpio_18xx_43xx.o
 .debug_info    0x000000000000ccca     0x1605 projects/lab1/out/libs/lpc_open/lpc_chip_43xx/src/ssp_18xx_43xx.o
 .debug_info    0x000000000000e2cf     0x1361 projects/lab1/out/libs/lpc_open/lpc_chip_43xx/src/i2c_18xx_43xx.o
 .debug_info    0x000000000000f630       0x3f projects/lab1/out/libs/lpc_open/lpc_startup/src/crp.o
 .debug_info    0x000000000000f66f      0xbaa projects/lab1/out/libs/lpc_open/lpc_startup/src/sysinit.o
 .debug_info    0x0000000000010219       0x74 projects/lab1/out/libs/lpc_open/lpc_startup/src/vendor_interrupt.o
 .debug_info    0x000000000001028d       0xcf /usr/lib/gcc/arm-none-eabi/6.3.1/thumb/v7e-m/fpv4-sp/hard/libgcc.a(_aeabi_uldivmod.o)
 .debug_info    0x000000000001035c      0xc24 /usr/lib/gcc/arm-none-eabi/6.3.1/thumb/v7e-m/fpv4-sp/hard/libgcc.a(_udivmoddi4.o)
 .debug_info    0x0000000000010f80       0xd3 /usr/lib/gcc/arm-none-eabi/6.3.1/thumb/v7e-m/fpv4-sp/hard/libgcc.a(_dvmd_tls.o)
 .debug_info    0x0000000000011053      0x110 /usr/lib/gcc/arm-none-eabi/6.3.1/../../../arm-none-eabi/lib/thumb/v7e-m/fpv4-sp/hard/libc_nano.a(lib_a-init.o)
 .debug_info    0x0000000000011163      0x916 /usr/lib/gcc/arm-none-eabi/6.3.1/../../../arm-none-eabi/lib/thumb/v7e-m/fpv4-sp/hard/libc_nano.a(lib_a-memset.o)

.debug_abbrev   0x0000000000000000     0x2d34
 .debug_abbrev  0x0000000000000000      0x225 projects/lab1/out/projects/lab1/src/configuracion.o
 .debug_abbrev  0x0000000000000225      0x2e2 projects/lab1/out/projects/lab1/src/lab1.o
 .debug_abbrev  0x0000000000000507      0x10d projects/lab1/out/libs/cmsis_core//src/armv7m_startup.o
 .debug_abbrev  0x0000000000000614      0x2b7 projects/lab1/out/libs/sys_newlib//src/system.o
 .debug_abbrev  0x00000000000008cb      0x1f8 projects/lab1/out/modules/drivers_bm//src/led.o
 .debug_abbrev  0x0000000000000ac3      0x46f projects/lab1/out/libs/lpc_open/boards/edu_ciaa_nxp/src/board.o
 .debug_abbrev  0x0000000000000f32      0x2eb projects/lab1/out/libs/lpc_open/boards/edu_ciaa_nxp/src/board_sysinit.o
 .debug_abbrev  0x000000000000121d      0x3b3 projects/lab1/out/libs/lpc_open/lpc_chip_43xx/src/uart_18xx_43xx.o
 .debug_abbrev  0x00000000000015d0      0x1f5 projects/lab1/out/libs/lpc_open/lpc_chip_43xx/src/adc_18xx_43xx.o
 .debug_abbrev  0x00000000000017c5      0x36f projects/lab1/out/libs/lpc_open/lpc_chip_43xx/src/clock_18xx_43xx.o
 .debug_abbrev  0x0000000000001b34      0x1bf projects/lab1/out/libs/lpc_open/lpc_chip_43xx/src/chip_18xx_43xx.o
 .debug_abbrev  0x0000000000001cf3      0x1ff projects/lab1/out/libs/lpc_open/lpc_chip_43xx/src/sysinit_18xx_43xx.o
 .debug_abbrev  0x0000000000001ef2      0x100 projects/lab1/out/libs/lpc_open/lpc_chip_43xx/src/gpio_18xx_43xx.o
 .debug_abbrev  0x0000000000001ff2      0x33d projects/lab1/out/libs/lpc_open/lpc_chip_43xx/src/ssp_18xx_43xx.o
 .debug_abbrev  0x000000000000232f      0x340 projects/lab1/out/libs/lpc_open/lpc_chip_43xx/src/i2c_18xx_43xx.o
 .debug_abbrev  0x000000000000266f       0x36 projects/lab1/out/libs/lpc_open/lpc_startup/src/crp.o
 .debug_abbrev  0x00000000000026a5      0x216 projects/lab1/out/libs/lpc_open/lpc_startup/src/sysinit.o
 .debug_abbrev  0x00000000000028bb       0x74 projects/lab1/out/libs/lpc_open/lpc_startup/src/vendor_interrupt.o
 .debug_abbrev  0x000000000000292f       0x14 /usr/lib/gcc/arm-none-eabi/6.3.1/thumb/v7e-m/fpv4-sp/hard/libgcc.a(_aeabi_uldivmod.o)
 .debug_abbrev  0x0000000000002943      0x18c /usr/lib/gcc/arm-none-eabi/6.3.1/thumb/v7e-m/fpv4-sp/hard/libgcc.a(_udivmoddi4.o)
 .debug_abbrev  0x0000000000002acf       0x14 /usr/lib/gcc/arm-none-eabi/6.3.1/thumb/v7e-m/fpv4-sp/hard/libgcc.a(_dvmd_tls.o)
 .debug_abbrev  0x0000000000002ae3       0xba /usr/lib/gcc/arm-none-eabi/6.3.1/../../../arm-none-eabi/lib/thumb/v7e-m/fpv4-sp/hard/libc_nano.a(lib_a-init.o)
 .debug_abbrev  0x0000000000002b9d      0x197 /usr/lib/gcc/arm-none-eabi/6.3.1/../../../arm-none-eabi/lib/thumb/v7e-m/fpv4-sp/hard/libc_nano.a(lib_a-memset.o)

.debug_loc      0x0000000000000000     0x7525
 .debug_loc     0x0000000000000000      0x5f7 projects/lab1/out/projects/lab1/src/configuracion.o
 .debug_loc     0x00000000000005f7      0x4b3 projects/lab1/out/projects/lab1/src/lab1.o
 .debug_loc     0x0000000000000aaa      0x206 projects/lab1/out/libs/cmsis_core//src/armv7m_startup.o
 .debug_loc     0x0000000000000cb0      0x586 projects/lab1/out/libs/sys_newlib//src/system.o
 .debug_loc     0x0000000000001236      0xab8 projects/lab1/out/modules/drivers_bm//src/led.o
 .debug_loc     0x0000000000001cee      0x5b0 projects/lab1/out/libs/lpc_open/boards/edu_ciaa_nxp/src/board.o
 .debug_loc     0x000000000000229e       0xf5 projects/lab1/out/libs/lpc_open/boards/edu_ciaa_nxp/src/board_sysinit.o
 .debug_loc     0x0000000000002393      0xd25 projects/lab1/out/libs/lpc_open/lpc_chip_43xx/src/uart_18xx_43xx.o
 .debug_loc     0x00000000000030b8      0x673 projects/lab1/out/libs/lpc_open/lpc_chip_43xx/src/adc_18xx_43xx.o
 .debug_loc     0x000000000000372b     0x1295 projects/lab1/out/libs/lpc_open/lpc_chip_43xx/src/clock_18xx_43xx.o
 .debug_loc     0x00000000000049c0      0x1b5 projects/lab1/out/libs/lpc_open/lpc_chip_43xx/src/sysinit_18xx_43xx.o
 .debug_loc     0x0000000000004b75      0xd79 projects/lab1/out/libs/lpc_open/lpc_chip_43xx/src/ssp_18xx_43xx.o
 .debug_loc     0x00000000000058ee      0xc42 projects/lab1/out/libs/lpc_open/lpc_chip_43xx/src/i2c_18xx_43xx.o
 .debug_loc     0x0000000000006530       0x13 projects/lab1/out/libs/lpc_open/lpc_startup/src/sysinit.o
 .debug_loc     0x0000000000006543      0xd77 /usr/lib/gcc/arm-none-eabi/6.3.1/thumb/v7e-m/fpv4-sp/hard/libgcc.a(_udivmoddi4.o)
 .debug_loc     0x00000000000072ba       0xae /usr/lib/gcc/arm-none-eabi/6.3.1/../../../arm-none-eabi/lib/thumb/v7e-m/fpv4-sp/hard/libc_nano.a(lib_a-init.o)
 .debug_loc     0x0000000000007368      0x1bd /usr/lib/gcc/arm-none-eabi/6.3.1/../../../arm-none-eabi/lib/thumb/v7e-m/fpv4-sp/hard/libc_nano.a(lib_a-memset.o)

.debug_aranges  0x0000000000000000      0x868
 .debug_aranges
                0x0000000000000000       0x28 projects/lab1/out/projects/lab1/src/configuracion.o
 .debug_aranges
                0x0000000000000028       0x40 projects/lab1/out/projects/lab1/src/lab1.o
 .debug_aranges
                0x0000000000000068       0x90 projects/lab1/out/libs/cmsis_core//src/armv7m_startup.o
 .debug_aranges
                0x00000000000000f8       0xe0 projects/lab1/out/libs/sys_newlib//src/system.o
 .debug_aranges
                0x00000000000001d8       0x38 projects/lab1/out/modules/drivers_bm//src/led.o
 .debug_aranges
                0x0000000000000210       0xc0 projects/lab1/out/libs/lpc_open/boards/edu_ciaa_nxp/src/board.o
 .debug_aranges
                0x00000000000002d0       0x30 projects/lab1/out/libs/lpc_open/boards/edu_ciaa_nxp/src/board_sysinit.o
 .debug_aranges
                0x0000000000000300       0xa8 projects/lab1/out/libs/lpc_open/lpc_chip_43xx/src/uart_18xx_43xx.o
 .debug_aranges
                0x00000000000003a8       0x90 projects/lab1/out/libs/lpc_open/lpc_chip_43xx/src/adc_18xx_43xx.o
 .debug_aranges
                0x0000000000000438      0x128 projects/lab1/out/libs/lpc_open/lpc_chip_43xx/src/clock_18xx_43xx.o
 .debug_aranges
                0x0000000000000560       0x38 projects/lab1/out/libs/lpc_open/lpc_chip_43xx/src/chip_18xx_43xx.o
 .debug_aranges
                0x0000000000000598       0x38 projects/lab1/out/libs/lpc_open/lpc_chip_43xx/src/sysinit_18xx_43xx.o
 .debug_aranges
                0x00000000000005d0       0x28 projects/lab1/out/libs/lpc_open/lpc_chip_43xx/src/gpio_18xx_43xx.o
 .debug_aranges
                0x00000000000005f8       0xa0 projects/lab1/out/libs/lpc_open/lpc_chip_43xx/src/ssp_18xx_43xx.o
 .debug_aranges
                0x0000000000000698       0xd8 projects/lab1/out/libs/lpc_open/lpc_chip_43xx/src/i2c_18xx_43xx.o
 .debug_aranges
                0x0000000000000770       0x18 projects/lab1/out/libs/lpc_open/lpc_startup/src/crp.o
 .debug_aranges
                0x0000000000000788       0x20 projects/lab1/out/libs/lpc_open/lpc_startup/src/sysinit.o
 .debug_aranges
                0x00000000000007a8       0x20 projects/lab1/out/libs/lpc_open/lpc_startup/src/vendor_interrupt.o
 .debug_aranges
                0x00000000000007c8       0x20 /usr/lib/gcc/arm-none-eabi/6.3.1/thumb/v7e-m/fpv4-sp/hard/libgcc.a(_aeabi_uldivmod.o)
 .debug_aranges
                0x00000000000007e8       0x20 /usr/lib/gcc/arm-none-eabi/6.3.1/thumb/v7e-m/fpv4-sp/hard/libgcc.a(_udivmoddi4.o)
 .debug_aranges
                0x0000000000000808       0x20 /usr/lib/gcc/arm-none-eabi/6.3.1/thumb/v7e-m/fpv4-sp/hard/libgcc.a(_dvmd_tls.o)
 .debug_aranges
                0x0000000000000828       0x20 /usr/lib/gcc/arm-none-eabi/6.3.1/../../../arm-none-eabi/lib/thumb/v7e-m/fpv4-sp/hard/libc_nano.a(lib_a-init.o)
 .debug_aranges
                0x0000000000000848       0x20 /usr/lib/gcc/arm-none-eabi/6.3.1/../../../arm-none-eabi/lib/thumb/v7e-m/fpv4-sp/hard/libc_nano.a(lib_a-memset.o)

.debug_ranges   0x0000000000000000      0x8c0
 .debug_ranges  0x0000000000000000       0x18 projects/lab1/out/projects/lab1/src/configuracion.o
 .debug_ranges  0x0000000000000018       0x30 projects/lab1/out/projects/lab1/src/lab1.o
 .debug_ranges  0x0000000000000048       0x80 projects/lab1/out/libs/cmsis_core//src/armv7m_startup.o
 .debug_ranges  0x00000000000000c8       0xd0 projects/lab1/out/libs/sys_newlib//src/system.o
 .debug_ranges  0x0000000000000198       0x28 projects/lab1/out/modules/drivers_bm//src/led.o
 .debug_ranges  0x00000000000001c0       0xf8 projects/lab1/out/libs/lpc_open/boards/edu_ciaa_nxp/src/board.o
 .debug_ranges  0x00000000000002b8       0x50 projects/lab1/out/libs/lpc_open/boards/edu_ciaa_nxp/src/board_sysinit.o
 .debug_ranges  0x0000000000000308       0xb0 projects/lab1/out/libs/lpc_open/lpc_chip_43xx/src/uart_18xx_43xx.o
 .debug_ranges  0x00000000000003b8       0x80 projects/lab1/out/libs/lpc_open/lpc_chip_43xx/src/adc_18xx_43xx.o
 .debug_ranges  0x0000000000000438      0x190 projects/lab1/out/libs/lpc_open/lpc_chip_43xx/src/clock_18xx_43xx.o
 .debug_ranges  0x00000000000005c8       0x28 projects/lab1/out/libs/lpc_open/lpc_chip_43xx/src/chip_18xx_43xx.o
 .debug_ranges  0x00000000000005f0       0x28 projects/lab1/out/libs/lpc_open/lpc_chip_43xx/src/sysinit_18xx_43xx.o
 .debug_ranges  0x0000000000000618       0x18 projects/lab1/out/libs/lpc_open/lpc_chip_43xx/src/gpio_18xx_43xx.o
 .debug_ranges  0x0000000000000630       0xc0 projects/lab1/out/libs/lpc_open/lpc_chip_43xx/src/ssp_18xx_43xx.o
 .debug_ranges  0x00000000000006f0       0xc8 projects/lab1/out/libs/lpc_open/lpc_chip_43xx/src/i2c_18xx_43xx.o
 .debug_ranges  0x00000000000007b8       0x28 projects/lab1/out/libs/lpc_open/lpc_startup/src/sysinit.o
 .debug_ranges  0x00000000000007e0       0x10 projects/lab1/out/libs/lpc_open/lpc_startup/src/vendor_interrupt.o
 .debug_ranges  0x00000000000007f0       0xd0 /usr/lib/gcc/arm-none-eabi/6.3.1/thumb/v7e-m/fpv4-sp/hard/libgcc.a(_udivmoddi4.o)

.debug_macro    0x0000000000000000     0x91d9
 .debug_macro   0x0000000000000000      0x325 projects/lab1/out/projects/lab1/src/configuracion.o
 .debug_macro   0x0000000000000325      0x8c8 projects/lab1/out/projects/lab1/src/configuracion.o
 .debug_macro   0x0000000000000bed       0x10 projects/lab1/out/projects/lab1/src/configuracion.o
 .debug_macro   0x0000000000000bfd       0x22 projects/lab1/out/projects/lab1/src/configuracion.o
 .debug_macro   0x0000000000000c1f       0x4f projects/lab1/out/projects/lab1/src/configuracion.o
 .debug_macro   0x0000000000000c6e       0x44 projects/lab1/out/projects/lab1/src/configuracion.o
 .debug_macro   0x0000000000000cb2       0xfd projects/lab1/out/projects/lab1/src/configuracion.o
 .debug_macro   0x0000000000000daf       0x5e projects/lab1/out/projects/lab1/src/configuracion.o
 .debug_macro   0x0000000000000e0d      0x1df projects/lab1/out/projects/lab1/src/configuracion.o
 .debug_macro   0x0000000000000fec       0x22 projects/lab1/out/projects/lab1/src/configuracion.o
 .debug_macro   0x000000000000100e       0x73 projects/lab1/out/projects/lab1/src/configuracion.o
 .debug_macro   0x0000000000001081       0x22 projects/lab1/out/projects/lab1/src/configuracion.o
 .debug_macro   0x00000000000010a3       0x1c projects/lab1/out/projects/lab1/src/configuracion.o
 .debug_macro   0x00000000000010bf       0x22 projects/lab1/out/projects/lab1/src/configuracion.o
 .debug_macro   0x00000000000010e1       0xdf projects/lab1/out/projects/lab1/src/configuracion.o
 .debug_macro   0x00000000000011c0     0x102d projects/lab1/out/projects/lab1/src/configuracion.o
 .debug_macro   0x00000000000021ed      0x11f projects/lab1/out/projects/lab1/src/configuracion.o
 .debug_macro   0x000000000000230c      0x2c3 projects/lab1/out/projects/lab1/src/configuracion.o
 .debug_macro   0x00000000000025cf      0x112 projects/lab1/out/projects/lab1/src/configuracion.o
 .debug_macro   0x00000000000026e1       0x11 projects/lab1/out/projects/lab1/src/configuracion.o
 .debug_macro   0x00000000000026f2       0x2a projects/lab1/out/projects/lab1/src/configuracion.o
 .debug_macro   0x000000000000271c       0x16 projects/lab1/out/projects/lab1/src/configuracion.o
 .debug_macro   0x0000000000002732      0x2e6 projects/lab1/out/projects/lab1/src/configuracion.o
 .debug_macro   0x0000000000002a18       0x82 projects/lab1/out/projects/lab1/src/configuracion.o
 .debug_macro   0x0000000000002a9a      0x13d projects/lab1/out/projects/lab1/src/configuracion.o
 .debug_macro   0x0000000000002bd7      0x198 projects/lab1/out/projects/lab1/src/configuracion.o
 .debug_macro   0x0000000000002d6f       0x34 projects/lab1/out/projects/lab1/src/configuracion.o
 .debug_macro   0x0000000000002da3       0x58 projects/lab1/out/projects/lab1/src/configuracion.o
 .debug_macro   0x0000000000002dfb      0x236 projects/lab1/out/projects/lab1/src/configuracion.o
 .debug_macro   0x0000000000003031      0x572 projects/lab1/out/projects/lab1/src/configuracion.o
 .debug_macro   0x00000000000035a3       0x16 projects/lab1/out/projects/lab1/src/configuracion.o
 .debug_macro   0x00000000000035b9      0x18a projects/lab1/out/projects/lab1/src/configuracion.o
 .debug_macro   0x0000000000003743       0x88 projects/lab1/out/projects/lab1/src/configuracion.o
 .debug_macro   0x00000000000037cb      0x1b9 projects/lab1/out/projects/lab1/src/configuracion.o
 .debug_macro   0x0000000000003984      0x1da projects/lab1/out/projects/lab1/src/configuracion.o
 .debug_macro   0x0000000000003b5e       0x40 projects/lab1/out/projects/lab1/src/configuracion.o
 .debug_macro   0x0000000000003b9e       0x1c projects/lab1/out/projects/lab1/src/configuracion.o
 .debug_macro   0x0000000000003bba       0x2e projects/lab1/out/projects/lab1/src/configuracion.o
 .debug_macro   0x0000000000003be8       0x2e projects/lab1/out/projects/lab1/src/configuracion.o
 .debug_macro   0x0000000000003c16       0x22 projects/lab1/out/projects/lab1/src/configuracion.o
 .debug_macro   0x0000000000003c38      0x201 projects/lab1/out/projects/lab1/src/configuracion.o
 .debug_macro   0x0000000000003e39       0xe0 projects/lab1/out/projects/lab1/src/configuracion.o
 .debug_macro   0x0000000000003f19      0x34c projects/lab1/out/projects/lab1/src/configuracion.o
 .debug_macro   0x0000000000004265       0xdc projects/lab1/out/projects/lab1/src/configuracion.o
 .debug_macro   0x0000000000004341       0xc4 projects/lab1/out/projects/lab1/src/configuracion.o
 .debug_macro   0x0000000000004405       0x8f projects/lab1/out/projects/lab1/src/configuracion.o
 .debug_macro   0x0000000000004494       0x94 projects/lab1/out/projects/lab1/src/configuracion.o
 .debug_macro   0x0000000000004528       0xb8 projects/lab1/out/projects/lab1/src/configuracion.o
 .debug_macro   0x00000000000045e0       0x4c projects/lab1/out/projects/lab1/src/configuracion.o
 .debug_macro   0x000000000000462c       0x16 projects/lab1/out/projects/lab1/src/configuracion.o
 .debug_macro   0x0000000000004642      0x328 projects/lab1/out/projects/lab1/src/configuracion.o
 .debug_macro   0x000000000000496a       0x3a projects/lab1/out/projects/lab1/src/configuracion.o
 .debug_macro   0x00000000000049a4       0xd0 projects/lab1/out/projects/lab1/src/configuracion.o
 .debug_macro   0x0000000000004a74       0x18 projects/lab1/out/projects/lab1/src/configuracion.o
 .debug_macro   0x0000000000004a8c       0x22 projects/lab1/out/projects/lab1/src/configuracion.o
 .debug_macro   0x0000000000004aae       0x40 projects/lab1/out/projects/lab1/src/configuracion.o
 .debug_macro   0x0000000000004aee      0x413 projects/lab1/out/projects/lab1/src/lab1.o
 .debug_macro   0x0000000000004f01       0x4c projects/lab1/out/projects/lab1/src/lab1.o
 .debug_macro   0x0000000000004f4d       0x55 projects/lab1/out/projects/lab1/src/lab1.o
 .debug_macro   0x0000000000004fa2       0x35 projects/lab1/out/projects/lab1/src/lab1.o
 .debug_macro   0x0000000000004fd7       0x9c projects/lab1/out/projects/lab1/src/lab1.o
 .debug_macro   0x0000000000005073       0x16 projects/lab1/out/projects/lab1/src/lab1.o
 .debug_macro   0x0000000000005089      0x10e projects/lab1/out/projects/lab1/src/lab1.o
 .debug_macro   0x0000000000005197       0x86 projects/lab1/out/projects/lab1/src/lab1.o
 .debug_macro   0x000000000000521d       0x4a projects/lab1/out/projects/lab1/src/lab1.o
 .debug_macro   0x0000000000005267       0x52 projects/lab1/out/projects/lab1/src/lab1.o
 .debug_macro   0x00000000000052b9       0x1f projects/lab1/out/projects/lab1/src/lab1.o
 .debug_macro   0x00000000000052d8       0x43 projects/lab1/out/projects/lab1/src/lab1.o
 .debug_macro   0x000000000000531b       0x20 projects/lab1/out/projects/lab1/src/lab1.o
 .debug_macro   0x000000000000533b      0x187 projects/lab1/out/projects/lab1/src/lab1.o
 .debug_macro   0x00000000000054c2      0x330 projects/lab1/out/projects/lab1/src/lab1.o
 .debug_macro   0x00000000000057f2       0x22 projects/lab1/out/projects/lab1/src/lab1.o
 .debug_macro   0x0000000000005814       0x6c projects/lab1/out/projects/lab1/src/lab1.o
 .debug_macro   0x0000000000005880       0xd9 projects/lab1/out/projects/lab1/src/lab1.o
 .debug_macro   0x0000000000005959       0x11 projects/lab1/out/projects/lab1/src/lab1.o
 .debug_macro   0x000000000000596a       0x16 projects/lab1/out/projects/lab1/src/lab1.o
 .debug_macro   0x0000000000005980       0x16 projects/lab1/out/projects/lab1/src/lab1.o
 .debug_macro   0x0000000000005996       0x35 projects/lab1/out/projects/lab1/src/lab1.o
 .debug_macro   0x00000000000059cb       0x1d projects/lab1/out/libs/cmsis_core//src/armv7m_startup.o
 .debug_macro   0x00000000000059e8      0x15e projects/lab1/out/libs/sys_newlib//src/system.o
 .debug_macro   0x0000000000005b46      0x16d projects/lab1/out/libs/sys_newlib//src/system.o
 .debug_macro   0x0000000000005cb3       0x10 projects/lab1/out/libs/sys_newlib//src/system.o
 .debug_macro   0x0000000000005cc3       0x10 projects/lab1/out/libs/sys_newlib//src/system.o
 .debug_macro   0x0000000000005cd3      0x241 projects/lab1/out/libs/sys_newlib//src/system.o
 .debug_macro   0x0000000000005f14       0x10 projects/lab1/out/libs/sys_newlib//src/system.o
 .debug_macro   0x0000000000005f24       0xb6 projects/lab1/out/libs/sys_newlib//src/system.o
 .debug_macro   0x0000000000005fda      0x11a projects/lab1/out/libs/sys_newlib//src/system.o
 .debug_macro   0x00000000000060f4       0x16 projects/lab1/out/libs/sys_newlib//src/system.o
 .debug_macro   0x000000000000610a      0x3c0 projects/lab1/out/modules/drivers_bm//src/led.o
 .debug_macro   0x00000000000064ca       0x10 projects/lab1/out/modules/drivers_bm//src/led.o
 .debug_macro   0x00000000000064da      0x433 projects/lab1/out/libs/lpc_open/boards/edu_ciaa_nxp/src/board.o
 .debug_macro   0x000000000000690d       0x52 projects/lab1/out/libs/lpc_open/boards/edu_ciaa_nxp/src/board.o
 .debug_macro   0x000000000000695f       0x16 projects/lab1/out/libs/lpc_open/boards/edu_ciaa_nxp/src/board.o
 .debug_macro   0x0000000000006975       0x97 projects/lab1/out/libs/lpc_open/boards/edu_ciaa_nxp/src/board.o
 .debug_macro   0x0000000000006a0c      0x32a projects/lab1/out/libs/lpc_open/boards/edu_ciaa_nxp/src/board.o
 .debug_macro   0x0000000000006d36       0xf6 projects/lab1/out/libs/lpc_open/boards/edu_ciaa_nxp/src/board.o
 .debug_macro   0x0000000000006e2c       0x10 projects/lab1/out/libs/lpc_open/boards/edu_ciaa_nxp/src/board.o
 .debug_macro   0x0000000000006e3c       0x16 projects/lab1/out/libs/lpc_open/boards/edu_ciaa_nxp/src/board.o
 .debug_macro   0x0000000000006e52      0x143 projects/lab1/out/libs/lpc_open/boards/edu_ciaa_nxp/src/board.o
 .debug_macro   0x0000000000006f95       0x20 projects/lab1/out/libs/lpc_open/boards/edu_ciaa_nxp/src/board.o
 .debug_macro   0x0000000000006fb5       0xee projects/lab1/out/libs/lpc_open/boards/edu_ciaa_nxp/src/board.o
 .debug_macro   0x00000000000070a3      0x421 projects/lab1/out/libs/lpc_open/boards/edu_ciaa_nxp/src/board_sysinit.o
 .debug_macro   0x00000000000074c4      0x315 projects/lab1/out/libs/lpc_open/lpc_chip_43xx/src/uart_18xx_43xx.o
 .debug_macro   0x00000000000077d9      0x315 projects/lab1/out/libs/lpc_open/lpc_chip_43xx/src/adc_18xx_43xx.o
 .debug_macro   0x0000000000007aee      0x31b projects/lab1/out/libs/lpc_open/lpc_chip_43xx/src/clock_18xx_43xx.o
 .debug_macro   0x0000000000007e09      0x315 projects/lab1/out/libs/lpc_open/lpc_chip_43xx/src/chip_18xx_43xx.o
 .debug_macro   0x000000000000811e      0x315 projects/lab1/out/libs/lpc_open/lpc_chip_43xx/src/sysinit_18xx_43xx.o
 .debug_macro   0x0000000000008433      0x315 projects/lab1/out/libs/lpc_open/lpc_chip_43xx/src/gpio_18xx_43xx.o
 .debug_macro   0x0000000000008748      0x315 projects/lab1/out/libs/lpc_open/lpc_chip_43xx/src/ssp_18xx_43xx.o
 .debug_macro   0x0000000000008a5d      0x327 projects/lab1/out/libs/lpc_open/lpc_chip_43xx/src/i2c_18xx_43xx.o
 .debug_macro   0x0000000000008d84       0x17 projects/lab1/out/libs/lpc_open/lpc_startup/src/crp.o
 .debug_macro   0x0000000000008d9b      0x421 projects/lab1/out/libs/lpc_open/lpc_startup/src/sysinit.o
 .debug_macro   0x00000000000091bc       0x1d projects/lab1/out/libs/lpc_open/lpc_startup/src/vendor_interrupt.o

.debug_line     0x0000000000000000     0x79ec
 .debug_line    0x0000000000000000      0x68d projects/lab1/out/projects/lab1/src/configuracion.o
 .debug_line    0x000000000000068d      0x7b8 projects/lab1/out/projects/lab1/src/lab1.o
 .debug_line    0x0000000000000e45       0xf7 projects/lab1/out/libs/cmsis_core//src/armv7m_startup.o
 .debug_line    0x0000000000000f3c      0x3bc projects/lab1/out/libs/sys_newlib//src/system.o
 .debug_line    0x00000000000012f8      0x75d projects/lab1/out/modules/drivers_bm//src/led.o
 .debug_line    0x0000000000001a55      0x969 projects/lab1/out/libs/lpc_open/boards/edu_ciaa_nxp/src/board.o
 .debug_line    0x00000000000023be      0x788 projects/lab1/out/libs/lpc_open/boards/edu_ciaa_nxp/src/board_sysinit.o
 .debug_line    0x0000000000002b46      0x904 projects/lab1/out/libs/lpc_open/lpc_chip_43xx/src/uart_18xx_43xx.o
 .debug_line    0x000000000000344a      0x748 projects/lab1/out/libs/lpc_open/lpc_chip_43xx/src/adc_18xx_43xx.o
 .debug_line    0x0000000000003b92      0xa3f projects/lab1/out/libs/lpc_open/lpc_chip_43xx/src/clock_18xx_43xx.o
 .debug_line    0x00000000000045d1      0x665 projects/lab1/out/libs/lpc_open/lpc_chip_43xx/src/chip_18xx_43xx.o
 .debug_line    0x0000000000004c36      0x6c7 projects/lab1/out/libs/lpc_open/lpc_chip_43xx/src/sysinit_18xx_43xx.o
 .debug_line    0x00000000000052fd      0x62a projects/lab1/out/libs/lpc_open/lpc_chip_43xx/src/gpio_18xx_43xx.o
 .debug_line    0x0000000000005927      0xa96 projects/lab1/out/libs/lpc_open/lpc_chip_43xx/src/ssp_18xx_43xx.o
 .debug_line    0x00000000000063bd      0x8fc projects/lab1/out/libs/lpc_open/lpc_chip_43xx/src/i2c_18xx_43xx.o
 .debug_line    0x0000000000006cb9       0x44 projects/lab1/out/libs/lpc_open/lpc_startup/src/crp.o
 .debug_line    0x0000000000006cfd      0x72e projects/lab1/out/libs/lpc_open/lpc_startup/src/sysinit.o
 .debug_line    0x000000000000742b       0x61 projects/lab1/out/libs/lpc_open/lpc_startup/src/vendor_interrupt.o
 .debug_line    0x000000000000748c       0x67 /usr/lib/gcc/arm-none-eabi/6.3.1/thumb/v7e-m/fpv4-sp/hard/libgcc.a(_aeabi_uldivmod.o)
 .debug_line    0x00000000000074f3      0x258 /usr/lib/gcc/arm-none-eabi/6.3.1/thumb/v7e-m/fpv4-sp/hard/libgcc.a(_udivmoddi4.o)
 .debug_line    0x000000000000774b       0x67 /usr/lib/gcc/arm-none-eabi/6.3.1/thumb/v7e-m/fpv4-sp/hard/libgcc.a(_dvmd_tls.o)
 .debug_line    0x00000000000077b2       0xbe /usr/lib/gcc/arm-none-eabi/6.3.1/../../../arm-none-eabi/lib/thumb/v7e-m/fpv4-sp/hard/libc_nano.a(lib_a-init.o)
 .debug_line    0x0000000000007870      0x17c /usr/lib/gcc/arm-none-eabi/6.3.1/../../../arm-none-eabi/lib/thumb/v7e-m/fpv4-sp/hard/libc_nano.a(lib_a-memset.o)

.debug_str      0x0000000000000000    0x1e753
 .debug_str     0x0000000000000000    0x16314 projects/lab1/out/projects/lab1/src/configuracion.o
                                      0x16572 (size before relaxing)
 .debug_str     0x0000000000016314     0x3a42 projects/lab1/out/projects/lab1/src/lab1.o
                                      0x19a85 (size before relaxing)
 .debug_str     0x0000000000019d56      0x212 projects/lab1/out/libs/cmsis_core//src/armv7m_startup.o
                                       0x2768 (size before relaxing)
 .debug_str     0x0000000000019f68      0xac5 projects/lab1/out/libs/sys_newlib//src/system.o
                                       0x62a1 (size before relaxing)
 .debug_str     0x000000000001aa2d      0x26a projects/lab1/out/modules/drivers_bm//src/led.o
                                      0x16353 (size before relaxing)
 .debug_str     0x000000000001ac97     0x11e8 projects/lab1/out/libs/lpc_open/boards/edu_ciaa_nxp/src/board.o
                                      0x1ad6e (size before relaxing)
 .debug_str     0x000000000001be7f      0x336 projects/lab1/out/libs/lpc_open/boards/edu_ciaa_nxp/src/board_sysinit.o
                                      0x1a6ff (size before relaxing)
 .debug_str     0x000000000001c1b5      0x3da projects/lab1/out/libs/lpc_open/lpc_chip_43xx/src/uart_18xx_43xx.o
                                      0x16e70 (size before relaxing)
 .debug_str     0x000000000001c58f      0x14a projects/lab1/out/libs/lpc_open/lpc_chip_43xx/src/adc_18xx_43xx.o
                                      0x1680b (size before relaxing)
 .debug_str     0x000000000001c6d9      0x5cd projects/lab1/out/libs/lpc_open/lpc_chip_43xx/src/clock_18xx_43xx.o
                                      0x17222 (size before relaxing)
 .debug_str     0x000000000001cca6       0x76 projects/lab1/out/libs/lpc_open/lpc_chip_43xx/src/chip_18xx_43xx.o
                                      0x16d60 (size before relaxing)
 .debug_str     0x000000000001cd1c       0xbc projects/lab1/out/libs/lpc_open/lpc_chip_43xx/src/sysinit_18xx_43xx.o
                                      0x16cc1 (size before relaxing)
 .debug_str     0x000000000001cdd8       0x42 projects/lab1/out/libs/lpc_open/lpc_chip_43xx/src/gpio_18xx_43xx.o
                                      0x15fc2 (size before relaxing)
 .debug_str     0x000000000001ce1a      0x3e8 projects/lab1/out/libs/lpc_open/lpc_chip_43xx/src/ssp_18xx_43xx.o
                                      0x16a01 (size before relaxing)
 .debug_str     0x000000000001d202      0x590 projects/lab1/out/libs/lpc_open/lpc_chip_43xx/src/i2c_18xx_43xx.o
                                      0x16fa2 (size before relaxing)
 .debug_str     0x000000000001d792       0x43 projects/lab1/out/libs/lpc_open/lpc_startup/src/crp.o
                                       0x255f (size before relaxing)
 .debug_str     0x000000000001d7d5       0x65 projects/lab1/out/libs/lpc_open/lpc_startup/src/sysinit.o
                                      0x199d1 (size before relaxing)
 .debug_str     0x000000000001d83a       0x56 projects/lab1/out/libs/lpc_open/lpc_startup/src/vendor_interrupt.o
                                       0x25b6 (size before relaxing)
 .debug_str     0x000000000001d890      0xc06 /usr/lib/gcc/arm-none-eabi/6.3.1/thumb/v7e-m/fpv4-sp/hard/libgcc.a(_udivmoddi4.o)
                                        0xcf4 (size before relaxing)
 .debug_str     0x000000000001e496      0x190 /usr/lib/gcc/arm-none-eabi/6.3.1/../../../arm-none-eabi/lib/thumb/v7e-m/fpv4-sp/hard/libc_nano.a(lib_a-init.o)
                                        0x253 (size before relaxing)
 .debug_str     0x000000000001e626      0x12d /usr/lib/gcc/arm-none-eabi/6.3.1/../../../arm-none-eabi/lib/thumb/v7e-m/fpv4-sp/hard/libc_nano.a(lib_a-memset.o)
                                        0x61a (size before relaxing)

.comment        0x0000000000000000       0x31
 .comment       0x0000000000000000       0x31 projects/lab1/out/projects/lab1/src/configuracion.o
                                         0x32 (size before relaxing)
 .comment       0x0000000000000031       0x32 projects/lab1/out/projects/lab1/src/lab1.o
 .comment       0x0000000000000031       0x32 projects/lab1/out/libs/cmsis_core//src/armv7m_startup.o
 .comment       0x0000000000000031       0x32 projects/lab1/out/libs/sys_newlib//src/system.o
 .comment       0x0000000000000031       0x32 projects/lab1/out/modules/drivers_bm//src/led.o
 .comment       0x0000000000000031       0x32 projects/lab1/out/libs/lpc_open/boards/edu_ciaa_nxp/src/board.o
 .comment       0x0000000000000031       0x32 projects/lab1/out/libs/lpc_open/boards/edu_ciaa_nxp/src/board_sysinit.o
 .comment       0x0000000000000031       0x32 projects/lab1/out/libs/lpc_open/lpc_chip_43xx/src/uart_18xx_43xx.o
 .comment       0x0000000000000031       0x32 projects/lab1/out/libs/lpc_open/lpc_chip_43xx/src/adc_18xx_43xx.o
 .comment       0x0000000000000031       0x32 projects/lab1/out/libs/lpc_open/lpc_chip_43xx/src/clock_18xx_43xx.o
 .comment       0x0000000000000031       0x32 projects/lab1/out/libs/lpc_open/lpc_chip_43xx/src/chip_18xx_43xx.o
 .comment       0x0000000000000031       0x32 projects/lab1/out/libs/lpc_open/lpc_chip_43xx/src/sysinit_18xx_43xx.o
 .comment       0x0000000000000031       0x32 projects/lab1/out/libs/lpc_open/lpc_chip_43xx/src/gpio_18xx_43xx.o
 .comment       0x0000000000000031       0x32 projects/lab1/out/libs/lpc_open/lpc_chip_43xx/src/ssp_18xx_43xx.o
 .comment       0x0000000000000031       0x32 projects/lab1/out/libs/lpc_open/lpc_chip_43xx/src/i2c_18xx_43xx.o
 .comment       0x0000000000000031       0x32 projects/lab1/out/libs/lpc_open/lpc_startup/src/crp.o
 .comment       0x0000000000000031       0x32 projects/lab1/out/libs/lpc_open/lpc_startup/src/sysinit.o
 .comment       0x0000000000000031       0x32 projects/lab1/out/libs/lpc_open/lpc_startup/src/vendor_interrupt.o
 .comment       0x0000000000000031       0x32 /usr/lib/gcc/arm-none-eabi/6.3.1/thumb/v7e-m/fpv4-sp/hard/libgcc.a(_udivmoddi4.o)
 .comment       0x0000000000000031       0x32 /usr/lib/gcc/arm-none-eabi/6.3.1/../../../arm-none-eabi/lib/thumb/v7e-m/fpv4-sp/hard/libc_nano.a(lib_a-init.o)
 .comment       0x0000000000000031       0x32 /usr/lib/gcc/arm-none-eabi/6.3.1/../../../arm-none-eabi/lib/thumb/v7e-m/fpv4-sp/hard/libc_nano.a(lib_a-memset.o)

.ARM.attributes
                0x0000000000000000       0x37
 .ARM.attributes
                0x0000000000000000       0x39 projects/lab1/out/projects/lab1/src/configuracion.o
 .ARM.attributes
                0x0000000000000039       0x39 projects/lab1/out/projects/lab1/src/lab1.o
 .ARM.attributes
                0x0000000000000072       0x39 projects/lab1/out/libs/cmsis_core//src/armv7m_startup.o
 .ARM.attributes
                0x00000000000000ab       0x39 projects/lab1/out/libs/sys_newlib//src/system.o
 .ARM.attributes
                0x00000000000000e4       0x39 projects/lab1/out/modules/drivers_bm//src/led.o
 .ARM.attributes
                0x000000000000011d       0x39 projects/lab1/out/libs/lpc_open/boards/edu_ciaa_nxp/src/board.o
 .ARM.attributes
                0x0000000000000156       0x39 projects/lab1/out/libs/lpc_open/boards/edu_ciaa_nxp/src/board_sysinit.o
 .ARM.attributes
                0x000000000000018f       0x39 projects/lab1/out/libs/lpc_open/lpc_chip_43xx/src/uart_18xx_43xx.o
 .ARM.attributes
                0x00000000000001c8       0x39 projects/lab1/out/libs/lpc_open/lpc_chip_43xx/src/adc_18xx_43xx.o
 .ARM.attributes
                0x0000000000000201       0x39 projects/lab1/out/libs/lpc_open/lpc_chip_43xx/src/clock_18xx_43xx.o
 .ARM.attributes
                0x000000000000023a       0x39 projects/lab1/out/libs/lpc_open/lpc_chip_43xx/src/chip_18xx_43xx.o
 .ARM.attributes
                0x0000000000000273       0x39 projects/lab1/out/libs/lpc_open/lpc_chip_43xx/src/sysinit_18xx_43xx.o
 .ARM.attributes
                0x00000000000002ac       0x39 projects/lab1/out/libs/lpc_open/lpc_chip_43xx/src/gpio_18xx_43xx.o
 .ARM.attributes
                0x00000000000002e5       0x39 projects/lab1/out/libs/lpc_open/lpc_chip_43xx/src/ssp_18xx_43xx.o
 .ARM.attributes
                0x000000000000031e       0x39 projects/lab1/out/libs/lpc_open/lpc_chip_43xx/src/i2c_18xx_43xx.o
 .ARM.attributes
                0x0000000000000357       0x39 projects/lab1/out/libs/lpc_open/lpc_startup/src/crp.o
 .ARM.attributes
                0x0000000000000390       0x39 projects/lab1/out/libs/lpc_open/lpc_startup/src/sysinit.o
 .ARM.attributes
                0x00000000000003c9       0x39 projects/lab1/out/libs/lpc_open/lpc_startup/src/vendor_interrupt.o
 .ARM.attributes
                0x0000000000000402       0x22 /usr/lib/gcc/arm-none-eabi/6.3.1/thumb/v7e-m/fpv4-sp/hard/libgcc.a(_aeabi_uldivmod.o)
 .ARM.attributes
                0x0000000000000424       0x34 /usr/lib/gcc/arm-none-eabi/6.3.1/thumb/v7e-m/fpv4-sp/hard/libgcc.a(_udivmoddi4.o)
 .ARM.attributes
                0x0000000000000458       0x22 /usr/lib/gcc/arm-none-eabi/6.3.1/thumb/v7e-m/fpv4-sp/hard/libgcc.a(_dvmd_tls.o)
 .ARM.attributes
                0x000000000000047a       0x34 /usr/lib/gcc/arm-none-eabi/6.3.1/../../../arm-none-eabi/lib/thumb/v7e-m/fpv4-sp/hard/libc_nano.a(lib_a-init.o)
 .ARM.attributes
                0x00000000000004ae       0x34 /usr/lib/gcc/arm-none-eabi/6.3.1/../../../arm-none-eabi/lib/thumb/v7e-m/fpv4-sp/hard/libc_nano.a(lib_a-memset.o)

.debug_frame    0x0000000000000000     0x12f0
 .debug_frame   0x0000000000000000       0x44 projects/lab1/out/projects/lab1/src/configuracion.o
 .debug_frame   0x0000000000000044       0x88 projects/lab1/out/projects/lab1/src/lab1.o
 .debug_frame   0x00000000000000cc      0x114 projects/lab1/out/libs/cmsis_core//src/armv7m_startup.o
 .debug_frame   0x00000000000001e0      0x1d8 projects/lab1/out/libs/sys_newlib//src/system.o
 .debug_frame   0x00000000000003b8       0x58 projects/lab1/out/modules/drivers_bm//src/led.o
 .debug_frame   0x0000000000000410      0x204 projects/lab1/out/libs/lpc_open/boards/edu_ciaa_nxp/src/board.o
 .debug_frame   0x0000000000000614       0x5c projects/lab1/out/libs/lpc_open/boards/edu_ciaa_nxp/src/board_sysinit.o
 .debug_frame   0x0000000000000670      0x1f4 projects/lab1/out/libs/lpc_open/lpc_chip_43xx/src/uart_18xx_43xx.o
 .debug_frame   0x0000000000000864      0x160 projects/lab1/out/libs/lpc_open/lpc_chip_43xx/src/adc_18xx_43xx.o
 .debug_frame   0x00000000000009c4      0x314 projects/lab1/out/libs/lpc_open/lpc_chip_43xx/src/clock_18xx_43xx.o
 .debug_frame   0x0000000000000cd8       0x70 projects/lab1/out/libs/lpc_open/lpc_chip_43xx/src/chip_18xx_43xx.o
 .debug_frame   0x0000000000000d48       0x7c projects/lab1/out/libs/lpc_open/lpc_chip_43xx/src/sysinit_18xx_43xx.o
 .debug_frame   0x0000000000000dc4       0x30 projects/lab1/out/libs/lpc_open/lpc_chip_43xx/src/gpio_18xx_43xx.o
 .debug_frame   0x0000000000000df4      0x198 projects/lab1/out/libs/lpc_open/lpc_chip_43xx/src/ssp_18xx_43xx.o
 .debug_frame   0x0000000000000f8c      0x25c projects/lab1/out/libs/lpc_open/lpc_chip_43xx/src/i2c_18xx_43xx.o
 .debug_frame   0x00000000000011e8       0x28 projects/lab1/out/libs/lpc_open/lpc_startup/src/sysinit.o
 .debug_frame   0x0000000000001210       0x20 projects/lab1/out/libs/lpc_open/lpc_startup/src/vendor_interrupt.o
 .debug_frame   0x0000000000001230       0x2c /usr/lib/gcc/arm-none-eabi/6.3.1/thumb/v7e-m/fpv4-sp/hard/libgcc.a(_aeabi_uldivmod.o)
 .debug_frame   0x000000000000125c       0x34 /usr/lib/gcc/arm-none-eabi/6.3.1/thumb/v7e-m/fpv4-sp/hard/libgcc.a(_udivmoddi4.o)
 .debug_frame   0x0000000000001290       0x2c /usr/lib/gcc/arm-none-eabi/6.3.1/../../../arm-none-eabi/lib/thumb/v7e-m/fpv4-sp/hard/libc_nano.a(lib_a-init.o)
 .debug_frame   0x00000000000012bc       0x34 /usr/lib/gcc/arm-none-eabi/6.3.1/../../../arm-none-eabi/lib/thumb/v7e-m/fpv4-sp/hard/libc_nano.a(lib_a-memset.o)

Cross Reference Table

Symbol                                            File
ADC0_IRQHandler                                   projects/lab1/out/libs/lpc_open/lpc_startup/src/vendor_interrupt.o
ADC1_IRQHandler                                   projects/lab1/out/libs/lpc_open/lpc_startup/src/vendor_interrupt.o
ADCHS_IRQHandler                                  projects/lab1/out/libs/lpc_open/lpc_startup/src/vendor_interrupt.o
ATIMER_IRQHandler                                 projects/lab1/out/libs/lpc_open/lpc_startup/src/vendor_interrupt.o
Board_ADC_ReadBegin                               projects/lab1/out/libs/lpc_open/boards/edu_ciaa_nxp/src/board.o
Board_ADC_ReadEnd                                 projects/lab1/out/libs/lpc_open/boards/edu_ciaa_nxp/src/board.o
Board_ADC_ReadWait                                projects/lab1/out/libs/lpc_open/boards/edu_ciaa_nxp/src/board.o
Board_Debug_Init                                  projects/lab1/out/libs/lpc_open/boards/edu_ciaa_nxp/src/board.o
Board_Init                                        projects/lab1/out/libs/lpc_open/boards/edu_ciaa_nxp/src/board.o
                                                  projects/lab1/out/libs/lpc_open/lpc_startup/src/sysinit.o
Board_LED_Set                                     projects/lab1/out/libs/lpc_open/boards/edu_ciaa_nxp/src/board.o
Board_LED_Test                                    projects/lab1/out/libs/lpc_open/boards/edu_ciaa_nxp/src/board.o
Board_LED_Toggle                                  projects/lab1/out/libs/lpc_open/boards/edu_ciaa_nxp/src/board.o
Board_SetupClocking                               projects/lab1/out/libs/lpc_open/boards/edu_ciaa_nxp/src/board_sysinit.o
Board_SetupMuxing                                 projects/lab1/out/libs/lpc_open/boards/edu_ciaa_nxp/src/board_sysinit.o
Board_SystemInit                                  projects/lab1/out/libs/lpc_open/boards/edu_ciaa_nxp/src/board_sysinit.o
                                                  projects/lab1/out/libs/lpc_open/lpc_startup/src/sysinit.o
Board_TEC_GetStatus                               projects/lab1/out/libs/lpc_open/boards/edu_ciaa_nxp/src/board.o
Board_UARTGetChar                                 projects/lab1/out/libs/lpc_open/boards/edu_ciaa_nxp/src/board.o
Board_UARTPutChar                                 projects/lab1/out/libs/lpc_open/boards/edu_ciaa_nxp/src/board.o
Board_UARTPutSTR                                  projects/lab1/out/libs/lpc_open/boards/edu_ciaa_nxp/src/board.o
BusFault_Handler                                  projects/lab1/out/libs/cmsis_core//src/armv7m_startup.o
CAN0_IRQHandler                                   projects/lab1/out/libs/lpc_open/lpc_startup/src/vendor_interrupt.o
CAN1_IRQHandler                                   projects/lab1/out/libs/lpc_open/lpc_startup/src/vendor_interrupt.o
CRP_WORD                                          projects/lab1/out/libs/lpc_open/lpc_startup/src/crp.o
Chip_ADC_DeInit                                   projects/lab1/out/libs/lpc_open/lpc_chip_43xx/src/adc_18xx_43xx.o
Chip_ADC_EnableChannel                            projects/lab1/out/libs/lpc_open/lpc_chip_43xx/src/adc_18xx_43xx.o
                                                  projects/lab1/out/libs/lpc_open/boards/edu_ciaa_nxp/src/board.o
                                                  projects/lab1/out/modules/drivers_bm//src/adc.o
Chip_ADC_Init                                     projects/lab1/out/libs/lpc_open/lpc_chip_43xx/src/adc_18xx_43xx.o
                                                  projects/lab1/out/libs/lpc_open/boards/edu_ciaa_nxp/src/board.o
                                                  projects/lab1/out/modules/drivers_bm//src/adc.o
Chip_ADC_Int_SetChannelCmd                        projects/lab1/out/libs/lpc_open/lpc_chip_43xx/src/adc_18xx_43xx.o
                                                  projects/lab1/out/modules/drivers_bm//src/adc.o
Chip_ADC_ReadByte                                 projects/lab1/out/libs/lpc_open/lpc_chip_43xx/src/adc_18xx_43xx.o
Chip_ADC_ReadStatus                               projects/lab1/out/libs/lpc_open/lpc_chip_43xx/src/adc_18xx_43xx.o
                                                  projects/lab1/out/libs/lpc_open/boards/edu_ciaa_nxp/src/board.o
                                                  projects/lab1/out/modules/drivers_bm//src/adc.o
Chip_ADC_ReadValue                                projects/lab1/out/libs/lpc_open/lpc_chip_43xx/src/adc_18xx_43xx.o
                                                  projects/lab1/out/libs/lpc_open/boards/edu_ciaa_nxp/src/board.o
                                                  projects/lab1/out/modules/drivers_bm//src/adc.o
Chip_ADC_SetBurstCmd                              projects/lab1/out/libs/lpc_open/lpc_chip_43xx/src/adc_18xx_43xx.o
                                                  projects/lab1/out/libs/lpc_open/boards/edu_ciaa_nxp/src/board.o
Chip_ADC_SetResolution                            projects/lab1/out/libs/lpc_open/lpc_chip_43xx/src/adc_18xx_43xx.o
                                                  projects/lab1/out/libs/lpc_open/boards/edu_ciaa_nxp/src/board.o
Chip_ADC_SetSampleRate                            projects/lab1/out/libs/lpc_open/lpc_chip_43xx/src/adc_18xx_43xx.o
                                                  projects/lab1/out/libs/lpc_open/boards/edu_ciaa_nxp/src/board.o
                                                  projects/lab1/out/modules/drivers_bm//src/adc.o
Chip_ADC_SetStartMode                             projects/lab1/out/libs/lpc_open/lpc_chip_43xx/src/adc_18xx_43xx.o
                                                  projects/lab1/out/libs/lpc_open/boards/edu_ciaa_nxp/src/board.o
                                                  projects/lab1/out/modules/drivers_bm//src/adc.o
Chip_AES_Config_DMA                               projects/lab1/out/libs/lpc_open/lpc_chip_43xx/src/aes_18xx_43xx.o
Chip_AES_GetStatusDMA                             projects/lab1/out/libs/lpc_open/lpc_chip_43xx/src/aes_18xx_43xx.o
Chip_AES_Init                                     projects/lab1/out/libs/lpc_open/lpc_chip_43xx/src/aes_18xx_43xx.o
Chip_AES_LoadIV_IC                                projects/lab1/out/libs/lpc_open/lpc_chip_43xx/src/aes_18xx_43xx.o
Chip_AES_LoadIV_SW                                projects/lab1/out/libs/lpc_open/lpc_chip_43xx/src/aes_18xx_43xx.o
Chip_AES_LoadKey                                  projects/lab1/out/libs/lpc_open/lpc_chip_43xx/src/aes_18xx_43xx.o
Chip_AES_LoadKeyRNG                               projects/lab1/out/libs/lpc_open/lpc_chip_43xx/src/aes_18xx_43xx.o
Chip_AES_LoadKeySW                                projects/lab1/out/libs/lpc_open/lpc_chip_43xx/src/aes_18xx_43xx.o
Chip_AES_Operate                                  projects/lab1/out/libs/lpc_open/lpc_chip_43xx/src/aes_18xx_43xx.o
Chip_AES_OperateDMA                               projects/lab1/out/libs/lpc_open/lpc_chip_43xx/src/aes_18xx_43xx.o
Chip_AES_ProgramKey                               projects/lab1/out/libs/lpc_open/lpc_chip_43xx/src/aes_18xx_43xx.o
Chip_AES_SetMode                                  projects/lab1/out/libs/lpc_open/lpc_chip_43xx/src/aes_18xx_43xx.o
Chip_ATIMER_DeInit                                projects/lab1/out/libs/lpc_open/lpc_chip_43xx/src/atimer_18xx_43xx.o
Chip_ATIMER_Init                                  projects/lab1/out/libs/lpc_open/lpc_chip_43xx/src/atimer_18xx_43xx.o
Chip_CCAN_AddReceiveID                            projects/lab1/out/libs/lpc_open/lpc_chip_43xx/src/ccan_18xx_43xx.o
Chip_CCAN_ClearStatus                             projects/lab1/out/libs/lpc_open/lpc_chip_43xx/src/ccan_18xx_43xx.o
Chip_CCAN_DeInit                                  projects/lab1/out/libs/lpc_open/lpc_chip_43xx/src/ccan_18xx_43xx.o
Chip_CCAN_DeleteReceiveID                         projects/lab1/out/libs/lpc_open/lpc_chip_43xx/src/ccan_18xx_43xx.o
Chip_CCAN_GetMsgObject                            projects/lab1/out/libs/lpc_open/lpc_chip_43xx/src/ccan_18xx_43xx.o
Chip_CCAN_Init                                    projects/lab1/out/libs/lpc_open/lpc_chip_43xx/src/ccan_18xx_43xx.o
Chip_CCAN_Send                                    projects/lab1/out/libs/lpc_open/lpc_chip_43xx/src/ccan_18xx_43xx.o
Chip_CCAN_SetBitRate                              projects/lab1/out/libs/lpc_open/lpc_chip_43xx/src/ccan_18xx_43xx.o
Chip_CCAN_SetMsgObject                            projects/lab1/out/libs/lpc_open/lpc_chip_43xx/src/ccan_18xx_43xx.o
Chip_CCAN_SetValidMsg                             projects/lab1/out/libs/lpc_open/lpc_chip_43xx/src/ccan_18xx_43xx.o
Chip_CCAN_TransferMsgObject                       projects/lab1/out/libs/lpc_open/lpc_chip_43xx/src/ccan_18xx_43xx.o
Chip_Clock_CalcMainPLLValue                       projects/lab1/out/libs/lpc_open/lpc_chip_43xx/src/clock_18xx_43xx.o
                                                  projects/lab1/out/libs/lpc_open/lpc_chip_43xx/src/sysinit_18xx_43xx.o
Chip_Clock_ClearPowerDown                         projects/lab1/out/libs/lpc_open/lpc_chip_43xx/src/clock_18xx_43xx.o
Chip_Clock_Disable                                projects/lab1/out/libs/lpc_open/lpc_chip_43xx/src/clock_18xx_43xx.o
                                                  projects/lab1/out/libs/lpc_open/lpc_chip_43xx/src/i2c_18xx_43xx.o
                                                  projects/lab1/out/libs/lpc_open/lpc_chip_43xx/src/ssp_18xx_43xx.o
                                                  projects/lab1/out/libs/lpc_open/lpc_chip_43xx/src/enet_18xx_43xx.o
                                                  projects/lab1/out/libs/lpc_open/lpc_chip_43xx/src/gpdma_18xx_43xx.o
                                                  projects/lab1/out/libs/lpc_open/lpc_chip_43xx/src/spi_18xx_43xx.o
                                                  projects/lab1/out/libs/lpc_open/lpc_chip_43xx/src/sct_18xx_43xx.o
                                                  projects/lab1/out/libs/lpc_open/lpc_chip_43xx/src/i2cm_18xx_43xx.o
                                                  projects/lab1/out/libs/lpc_open/lpc_chip_43xx/src/timer_18xx_43xx.o
                                                  projects/lab1/out/libs/lpc_open/lpc_chip_43xx/src/sdif_18xx_43xx.o
                                                  projects/lab1/out/libs/lpc_open/lpc_chip_43xx/src/adc_18xx_43xx.o
                                                  projects/lab1/out/libs/lpc_open/lpc_chip_43xx/src/uart_18xx_43xx.o
                                                  projects/lab1/out/libs/lpc_open/lpc_chip_43xx/src/lcd_18xx_43xx.o
                                                  projects/lab1/out/libs/lpc_open/lpc_chip_43xx/src/i2s_18xx_43xx.o
                                                  projects/lab1/out/libs/lpc_open/lpc_chip_43xx/src/ritimer_18xx_43xx.o
                                                  projects/lab1/out/libs/lpc_open/lpc_chip_43xx/src/dac_18xx_43xx.o
                                                  projects/lab1/out/libs/lpc_open/lpc_chip_43xx/src/ccan_18xx_43xx.o
Chip_Clock_DisableBaseClock                       projects/lab1/out/libs/lpc_open/lpc_chip_43xx/src/clock_18xx_43xx.o
Chip_Clock_DisableCrystal                         projects/lab1/out/libs/lpc_open/lpc_chip_43xx/src/clock_18xx_43xx.o
Chip_Clock_DisablePLL                             projects/lab1/out/libs/lpc_open/lpc_chip_43xx/src/clock_18xx_43xx.o
Chip_Clock_Enable                                 projects/lab1/out/libs/lpc_open/lpc_chip_43xx/src/clock_18xx_43xx.o
                                                  projects/lab1/out/libs/lpc_open/lpc_chip_43xx/src/i2c_18xx_43xx.o
                                                  projects/lab1/out/libs/lpc_open/lpc_chip_43xx/src/ssp_18xx_43xx.o
                                                  projects/lab1/out/libs/lpc_open/lpc_chip_43xx/src/spi_18xx_43xx.o
                                                  projects/lab1/out/libs/lpc_open/lpc_chip_43xx/src/i2cm_18xx_43xx.o
                                                  projects/lab1/out/libs/lpc_open/lpc_chip_43xx/src/timer_18xx_43xx.o
                                                  projects/lab1/out/libs/lpc_open/lpc_chip_43xx/src/i2s_18xx_43xx.o
Chip_Clock_EnableBaseClock                        projects/lab1/out/libs/lpc_open/lpc_chip_43xx/src/clock_18xx_43xx.o
                                                  projects/lab1/out/libs/lpc_open/lpc_chip_43xx/src/chip_18xx_43xx.o
Chip_Clock_EnableCrystal                          projects/lab1/out/libs/lpc_open/lpc_chip_43xx/src/clock_18xx_43xx.o
                                                  projects/lab1/out/libs/lpc_open/lpc_chip_43xx/src/sysinit_18xx_43xx.o
Chip_Clock_EnableOpts                             projects/lab1/out/libs/lpc_open/lpc_chip_43xx/src/clock_18xx_43xx.o
                                                  projects/lab1/out/libs/lpc_open/lpc_chip_43xx/src/enet_18xx_43xx.o
                                                  projects/lab1/out/libs/lpc_open/lpc_chip_43xx/src/gpdma_18xx_43xx.o
                                                  projects/lab1/out/libs/lpc_open/lpc_chip_43xx/src/sct_18xx_43xx.o
                                                  projects/lab1/out/libs/lpc_open/lpc_chip_43xx/src/sdif_18xx_43xx.o
                                                  projects/lab1/out/libs/lpc_open/lpc_chip_43xx/src/chip_18xx_43xx.o
                                                  projects/lab1/out/libs/lpc_open/lpc_chip_43xx/src/adc_18xx_43xx.o
                                                  projects/lab1/out/libs/lpc_open/lpc_chip_43xx/src/uart_18xx_43xx.o
                                                  projects/lab1/out/libs/lpc_open/lpc_chip_43xx/src/lcd_18xx_43xx.o
                                                  projects/lab1/out/libs/lpc_open/lpc_chip_43xx/src/ritimer_18xx_43xx.o
                                                  projects/lab1/out/libs/lpc_open/lpc_chip_43xx/src/dac_18xx_43xx.o
                                                  projects/lab1/out/libs/lpc_open/lpc_chip_43xx/src/ccan_18xx_43xx.o
Chip_Clock_EnablePLL                              projects/lab1/out/libs/lpc_open/lpc_chip_43xx/src/clock_18xx_43xx.o
                                                  projects/lab1/out/libs/lpc_open/lpc_chip_43xx/src/chip_18xx_43xx.o
Chip_Clock_GetBaseClock                           projects/lab1/out/libs/lpc_open/lpc_chip_43xx/src/clock_18xx_43xx.o
Chip_Clock_GetBaseClockOpts                       projects/lab1/out/libs/lpc_open/lpc_chip_43xx/src/clock_18xx_43xx.o
Chip_Clock_GetBaseClocktHz                        projects/lab1/out/libs/lpc_open/lpc_chip_43xx/src/clock_18xx_43xx.o
                                                  projects/lab1/out/libs/lpc_open/lpc_chip_43xx/src/sdmmc_18xx_43xx.o
                                                  projects/lab1/out/libs/lpc_open/lpc_chip_43xx/src/sdio_18xx_43xx.o
Chip_Clock_GetClockInputHz                        projects/lab1/out/libs/lpc_open/lpc_chip_43xx/src/clock_18xx_43xx.o
                                                  projects/lab1/out/libs/lpc_open/lpc_chip_43xx/src/chip_18xx_43xx.o
Chip_Clock_GetDividerDivisor                      projects/lab1/out/libs/lpc_open/lpc_chip_43xx/src/clock_18xx_43xx.o
Chip_Clock_GetDividerSource                       projects/lab1/out/libs/lpc_open/lpc_chip_43xx/src/clock_18xx_43xx.o
Chip_Clock_GetEMCRate                             projects/lab1/out/libs/lpc_open/lpc_chip_43xx/src/clock_18xx_43xx.o
                                                  projects/lab1/out/libs/lpc_open/lpc_chip_43xx/src/emc_18xx_43xx.o
Chip_Clock_GetMainPLLHz                           projects/lab1/out/libs/lpc_open/lpc_chip_43xx/src/clock_18xx_43xx.o
Chip_Clock_GetPLLStatus                           projects/lab1/out/libs/lpc_open/lpc_chip_43xx/src/clock_18xx_43xx.o
                                                  projects/lab1/out/libs/lpc_open/lpc_chip_43xx/src/chip_18xx_43xx.o
Chip_Clock_GetRate                                projects/lab1/out/libs/lpc_open/lpc_chip_43xx/src/clock_18xx_43xx.o
                                                  projects/lab1/out/libs/lpc_open/lpc_chip_43xx/src/i2c_18xx_43xx.o
                                                  projects/lab1/out/libs/lpc_open/lpc_chip_43xx/src/ssp_18xx_43xx.o
                                                  projects/lab1/out/libs/lpc_open/lpc_chip_43xx/src/sct_pwm_18xx_43xx.o
                                                  projects/lab1/out/libs/lpc_open/lpc_chip_43xx/src/spi_18xx_43xx.o
                                                  projects/lab1/out/libs/lpc_open/lpc_chip_43xx/src/eeprom_18xx_43xx.o
                                                  projects/lab1/out/libs/lpc_open/lpc_chip_43xx/src/i2cm_18xx_43xx.o
                                                  projects/lab1/out/libs/lpc_open/lpc_chip_43xx/src/chip_18xx_43xx.o
                                                  projects/lab1/out/libs/lpc_open/lpc_chip_43xx/src/stopwatch_18xx_43xx.o
                                                  projects/lab1/out/libs/lpc_open/lpc_chip_43xx/src/adc_18xx_43xx.o
                                                  projects/lab1/out/libs/lpc_open/lpc_chip_43xx/src/uart_18xx_43xx.o
                                                  projects/lab1/out/libs/lpc_open/lpc_chip_43xx/src/i2s_18xx_43xx.o
                                                  projects/lab1/out/libs/lpc_open/lpc_chip_43xx/src/ritimer_18xx_43xx.o
                                                  projects/lab1/out/libs/lpc_open/lpc_chip_43xx/src/ccan_18xx_43xx.o
Chip_Clock_IsBaseClockEnabled                     projects/lab1/out/libs/lpc_open/lpc_chip_43xx/src/clock_18xx_43xx.o
Chip_Clock_RTCEnable                              projects/lab1/out/libs/lpc_open/lpc_chip_43xx/src/clock_18xx_43xx.o
                                                  projects/lab1/out/libs/lpc_open/lpc_chip_43xx/src/rtc_18xx_43xx.o
Chip_Clock_SetBaseClock                           projects/lab1/out/libs/lpc_open/lpc_chip_43xx/src/clock_18xx_43xx.o
                                                  projects/lab1/out/libs/lpc_open/lpc_chip_43xx/src/sysinit_18xx_43xx.o
                                                  projects/lab1/out/libs/lpc_open/lpc_chip_43xx/src/chip_18xx_43xx.o
                                                  projects/lab1/out/libs/lpc_open/boards/edu_ciaa_nxp/src/board_sysinit.o
Chip_Clock_SetDivider                             projects/lab1/out/libs/lpc_open/lpc_chip_43xx/src/clock_18xx_43xx.o
                                                  projects/lab1/out/libs/lpc_open/lpc_chip_43xx/src/chip_18xx_43xx.o
Chip_Clock_SetupMainPLLHz                         projects/lab1/out/libs/lpc_open/lpc_chip_43xx/src/clock_18xx_43xx.o
Chip_Clock_SetupMainPLLMult                       projects/lab1/out/libs/lpc_open/lpc_chip_43xx/src/clock_18xx_43xx.o
Chip_Clock_SetupPLL                               projects/lab1/out/libs/lpc_open/lpc_chip_43xx/src/clock_18xx_43xx.o
                                                  projects/lab1/out/libs/lpc_open/lpc_chip_43xx/src/chip_18xx_43xx.o
Chip_Clock_StartPowerDown                         projects/lab1/out/libs/lpc_open/lpc_chip_43xx/src/clock_18xx_43xx.o
Chip_DAC_DeInit                                   projects/lab1/out/libs/lpc_open/lpc_chip_43xx/src/dac_18xx_43xx.o
Chip_DAC_Init                                     projects/lab1/out/libs/lpc_open/lpc_chip_43xx/src/dac_18xx_43xx.o
                                                  projects/lab1/out/modules/drivers_bm//src/dac.o
Chip_DAC_SetBias                                  projects/lab1/out/libs/lpc_open/lpc_chip_43xx/src/dac_18xx_43xx.o
                                                  projects/lab1/out/modules/drivers_bm//src/dac.o
Chip_DAC_UpdateValue                              projects/lab1/out/libs/lpc_open/lpc_chip_43xx/src/dac_18xx_43xx.o
                                                  projects/lab1/out/modules/drivers_bm//src/dac.o
Chip_EEPROM_EraseProgramPage                      projects/lab1/out/libs/lpc_open/lpc_chip_43xx/src/eeprom_18xx_43xx.o
Chip_EEPROM_Init                                  projects/lab1/out/libs/lpc_open/lpc_chip_43xx/src/eeprom_18xx_43xx.o
Chip_EEPROM_WaitForIntStatus                      projects/lab1/out/libs/lpc_open/lpc_chip_43xx/src/eeprom_18xx_43xx.o
Chip_EMC_Dynamic_Enable                           projects/lab1/out/libs/lpc_open/lpc_chip_43xx/src/emc_18xx_43xx.o
Chip_EMC_Dynamic_Init                             projects/lab1/out/libs/lpc_open/lpc_chip_43xx/src/emc_18xx_43xx.o
Chip_EMC_Enable                                   projects/lab1/out/libs/lpc_open/lpc_chip_43xx/src/emc_18xx_43xx.o
Chip_EMC_Init                                     projects/lab1/out/libs/lpc_open/lpc_chip_43xx/src/emc_18xx_43xx.o
Chip_EMC_LowPowerMode                             projects/lab1/out/libs/lpc_open/lpc_chip_43xx/src/emc_18xx_43xx.o
Chip_EMC_Mirror                                   projects/lab1/out/libs/lpc_open/lpc_chip_43xx/src/emc_18xx_43xx.o
Chip_EMC_Static_Init                              projects/lab1/out/libs/lpc_open/lpc_chip_43xx/src/emc_18xx_43xx.o