Archive member included to satisfy reference by file (symbol)

/usr/local/Cellar/gcc-arm-none-eabi/20160928/bin/../lib/gcc/arm-none-eabi/5.4.1/armv7e-m/fpu/libgcc.a(_aeabi_uldivmod.o)
                              projects/ejemplo/out/libs/lpc_open/lpc_chip_43xx/src/i2s_18xx_43xx.o (__aeabi_uldivmod)
/usr/local/Cellar/gcc-arm-none-eabi/20160928/bin/../lib/gcc/arm-none-eabi/5.4.1/armv7e-m/fpu/libgcc.a(_udivmoddi4.o)
                              /usr/local/Cellar/gcc-arm-none-eabi/20160928/bin/../lib/gcc/arm-none-eabi/5.4.1/armv7e-m/fpu/libgcc.a(_aeabi_uldivmod.o) (__udivmoddi4)
/usr/local/Cellar/gcc-arm-none-eabi/20160928/bin/../lib/gcc/arm-none-eabi/5.4.1/armv7e-m/fpu/libgcc.a(_dvmd_tls.o)
                              /usr/local/Cellar/gcc-arm-none-eabi/20160928/bin/../lib/gcc/arm-none-eabi/5.4.1/armv7e-m/fpu/libgcc.a(_aeabi_uldivmod.o) (__aeabi_ldiv0)
/usr/local/Cellar/gcc-arm-none-eabi/20160928/bin/../lib/gcc/arm-none-eabi/5.4.1/../../../../arm-none-eabi/lib/armv7e-m/fpu/libc_nano.a(lib_a-init.o)
                              projects/ejemplo/out/libs/cmsis_core//src/armv7m_startup.o (__libc_init_array)
/usr/local/Cellar/gcc-arm-none-eabi/20160928/bin/../lib/gcc/arm-none-eabi/5.4.1/../../../../arm-none-eabi/lib/armv7e-m/fpu/libc_nano.a(lib_a-memcpy-stub.o)
                              projects/ejemplo/out/libs/lpc_open/lpc_chip_43xx/src/ring_buffer.o (memcpy)
/usr/local/Cellar/gcc-arm-none-eabi/20160928/bin/../lib/gcc/arm-none-eabi/5.4.1/../../../../arm-none-eabi/lib/armv7e-m/fpu/libc_nano.a(lib_a-memset.o)
                              projects/ejemplo/out/libs/lpc_open/lpc_chip_43xx/src/clock_18xx_43xx.o (memset)

Allocating common symbols
Common symbol       size              file

pIsrADC0            0x4               projects/ejemplo/out/modules/drivers_bm//src/adc.o
SystemCoreClock     0x4               projects/ejemplo/out/libs/lpc_open/lpc_chip_43xx/src/chip_18xx_43xx.o
pIsrTimer           0x4               projects/ejemplo/out/modules/drivers_bm//src/timer.o

Discarded input sections

 .group         0x0000000000000000        0x8 projects/ejemplo/out/projects/ejemplo/src/ejemplo.o
 .group         0x0000000000000000        0x8 projects/ejemplo/out/projects/ejemplo/src/ejemplo.o
 .group         0x0000000000000000        0x8 projects/ejemplo/out/projects/ejemplo/src/ejemplo.o
 .group         0x0000000000000000        0x8 projects/ejemplo/out/projects/ejemplo/src/ejemplo.o
 .group         0x0000000000000000        0x8 projects/ejemplo/out/projects/ejemplo/src/ejemplo.o
 .group         0x0000000000000000        0x8 projects/ejemplo/out/projects/ejemplo/src/ejemplo.o
 .group         0x0000000000000000        0x8 projects/ejemplo/out/projects/ejemplo/src/ejemplo.o
 .group         0x0000000000000000        0x8 projects/ejemplo/out/projects/ejemplo/src/ejemplo.o
 .group         0x0000000000000000        0x8 projects/ejemplo/out/projects/ejemplo/src/ejemplo.o
 .group         0x0000000000000000        0x8 projects/ejemplo/out/projects/ejemplo/src/ejemplo.o
 .group         0x0000000000000000        0x8 projects/ejemplo/out/projects/ejemplo/src/ejemplo.o
 .group         0x0000000000000000        0x8 projects/ejemplo/out/projects/ejemplo/src/ejemplo.o
 .group         0x0000000000000000        0x8 projects/ejemplo/out/projects/ejemplo/src/ejemplo.o
 .group         0x0000000000000000        0x8 projects/ejemplo/out/projects/ejemplo/src/ejemplo.o
 .group         0x0000000000000000        0x8 projects/ejemplo/out/projects/ejemplo/src/ejemplo.o
 .group         0x0000000000000000        0x8 projects/ejemplo/out/projects/ejemplo/src/ejemplo.o
 .group         0x0000000000000000        0x8 projects/ejemplo/out/projects/ejemplo/src/ejemplo.o
 .group         0x0000000000000000        0x8 projects/ejemplo/out/projects/ejemplo/src/ejemplo.o
 .group         0x0000000000000000        0x8 projects/ejemplo/out/projects/ejemplo/src/ejemplo.o
 .group         0x0000000000000000        0x8 projects/ejemplo/out/projects/ejemplo/src/ejemplo.o
 .group         0x0000000000000000        0x8 projects/ejemplo/out/projects/ejemplo/src/ejemplo.o
 .group         0x0000000000000000        0x8 projects/ejemplo/out/projects/ejemplo/src/ejemplo.o
 .group         0x0000000000000000        0x8 projects/ejemplo/out/projects/ejemplo/src/ejemplo.o
 .group         0x0000000000000000        0x8 projects/ejemplo/out/projects/ejemplo/src/ejemplo.o
 .group         0x0000000000000000        0x8 projects/ejemplo/out/projects/ejemplo/src/ejemplo.o
 .group         0x0000000000000000        0x8 projects/ejemplo/out/projects/ejemplo/src/ejemplo.o
 .group         0x0000000000000000        0x8 projects/ejemplo/out/projects/ejemplo/src/ejemplo.o
 .group         0x0000000000000000        0x8 projects/ejemplo/out/projects/ejemplo/src/ejemplo.o
 .group         0x0000000000000000        0x8 projects/ejemplo/out/projects/ejemplo/src/ejemplo.o
 .group         0x0000000000000000        0x8 projects/ejemplo/out/projects/ejemplo/src/ejemplo.o
[...]
Memory Configuration

Name             Origin             Length             Attributes
MFlashA512       0x000000001a000000 0x0000000000080000 xr
MFlashB512       0x000000001b000000 0x0000000000080000 xr
RamLoc32         0x0000000010000000 0x0000000000008000 xrw
RamLoc40         0x0000000010080000 0x000000000000a000 xrw
RamAHB32         0x0000000020000000 0x0000000000008000 xrw
RamAHB16         0x0000000020008000 0x0000000000004000 xrw
RamAHB_ETB16     0x000000002000c000 0x0000000000004000 xrw
*default*        0x0000000000000000 0xffffffffffffffff

Linker script and memory map

START GROUP
LOAD projects/ejemplo/out/projects/ejemplo/src/ejemplo.o
LOAD projects/ejemplo/out/libs/cmsis_core//src/armv7m_startup.o
LOAD projects/ejemplo/out/libs/sys_newlib//src/system.o
LOAD projects/ejemplo/out/modules/drivers_bm//src/adc.o
LOAD projects/ejemplo/out/modules/drivers_bm//src/dac.o
LOAD projects/ejemplo/out/modules/drivers_bm//src/display.o
LOAD projects/ejemplo/out/modules/drivers_bm//src/itoa.o
LOAD projects/ejemplo/out/modules/drivers_bm//src/led.o
LOAD projects/ejemplo/out/modules/drivers_bm//src/soc.o
LOAD projects/ejemplo/out/modules/drivers_bm//src/switch.o
LOAD projects/ejemplo/out/modules/drivers_bm//src/timer.o
LOAD projects/ejemplo/out/modules/drivers_bm//src/uart.o
LOAD projects/ejemplo/out/modules/drivers_bm//src/unt.o
LOAD projects/ejemplo/out/libs/lpc_open/boards/edu_ciaa_nxp/src/board.o
LOAD projects/ejemplo/out/libs/lpc_open/boards/edu_ciaa_nxp/src/board_sysinit.o
LOAD projects/ejemplo/out/libs/lpc_open/lpc_chip_43xx/src/adc_18xx_43xx.o
LOAD projects/ejemplo/out/libs/lpc_open/lpc_chip_43xx/src/aes_18xx_43xx.o
LOAD projects/ejemplo/out/libs/lpc_open/lpc_chip_43xx/src/atimer_18xx_43xx.o
LOAD projects/ejemplo/out/libs/lpc_open/lpc_chip_43xx/src/ccan_18xx_43xx.o
LOAD projects/ejemplo/out/libs/lpc_open/lpc_chip_43xx/src/chip_18xx_43xx.o
LOAD projects/ejemplo/out/libs/lpc_open/lpc_chip_43xx/src/clock_18xx_43xx.o
LOAD projects/ejemplo/out/libs/lpc_open/lpc_chip_43xx/src/dac_18xx_43xx.o
LOAD projects/ejemplo/out/libs/lpc_open/lpc_chip_43xx/src/eeprom_18xx_43xx.o
LOAD projects/ejemplo/out/libs/lpc_open/lpc_chip_43xx/src/emc_18xx_43xx.o
LOAD projects/ejemplo/out/libs/lpc_open/lpc_chip_43xx/src/enet_18xx_43xx.o
LOAD projects/ejemplo/out/libs/lpc_open/lpc_chip_43xx/src/evrt_18xx_43xx.o
LOAD projects/ejemplo/out/libs/lpc_open/lpc_chip_43xx/src/gpdma_18xx_43xx.o
LOAD projects/ejemplo/out/libs/lpc_open/lpc_chip_43xx/src/gpio_18xx_43xx.o
LOAD projects/ejemplo/out/libs/lpc_open/lpc_chip_43xx/src/gpiogroup_18xx_43xx.o
LOAD projects/ejemplo/out/libs/lpc_open/lpc_chip_43xx/src/i2c_18xx_43xx.o
LOAD projects/ejemplo/out/libs/lpc_open/lpc_chip_43xx/src/i2cm_18xx_43xx.o
LOAD projects/ejemplo/out/libs/lpc_open/lpc_chip_43xx/src/i2s_18xx_43xx.o
LOAD projects/ejemplo/out/libs/lpc_open/lpc_chip_43xx/src/iap_18xx_43xx.o
LOAD projects/ejemplo/out/libs/lpc_open/lpc_chip_43xx/src/lcd_18xx_43xx.o
LOAD projects/ejemplo/out/libs/lpc_open/lpc_chip_43xx/src/otp_18xx_43xx.o
LOAD projects/ejemplo/out/libs/lpc_open/lpc_chip_43xx/src/pinint_18xx_43xx.o
LOAD projects/ejemplo/out/libs/lpc_open/lpc_chip_43xx/src/pmc_18xx_43xx.o
LOAD projects/ejemplo/out/libs/lpc_open/lpc_chip_43xx/src/ring_buffer.o
LOAD projects/ejemplo/out/libs/lpc_open/lpc_chip_43xx/src/ritimer_18xx_43xx.o
LOAD projects/ejemplo/out/libs/lpc_open/lpc_chip_43xx/src/rtc_18xx_43xx.o
LOAD projects/ejemplo/out/libs/lpc_open/lpc_chip_43xx/src/sct_18xx_43xx.o
LOAD projects/ejemplo/out/libs/lpc_open/lpc_chip_43xx/src/sct_pwm_18xx_43xx.o
LOAD projects/ejemplo/out/libs/lpc_open/lpc_chip_43xx/src/sdif_18xx_43xx.o
LOAD projects/ejemplo/out/libs/lpc_open/lpc_chip_43xx/src/sdio_18xx_43xx.o
LOAD projects/ejemplo/out/libs/lpc_open/lpc_chip_43xx/src/sdmmc_18xx_43xx.o
LOAD projects/ejemplo/out/libs/lpc_open/lpc_chip_43xx/src/spi_18xx_43xx.o
LOAD projects/ejemplo/out/libs/lpc_open/lpc_chip_43xx/src/ssp_18xx_43xx.o
LOAD projects/ejemplo/out/libs/lpc_open/lpc_chip_43xx/src/stopwatch_18xx_43xx.o
LOAD projects/ejemplo/out/libs/lpc_open/lpc_chip_43xx/src/sysinit_18xx_43xx.o
LOAD projects/ejemplo/out/libs/lpc_open/lpc_chip_43xx/src/timer_18xx_43xx.o
LOAD projects/ejemplo/out/libs/lpc_open/lpc_chip_43xx/src/uart_18xx_43xx.o
LOAD projects/ejemplo/out/libs/lpc_open/lpc_chip_43xx/src/wwdt_18xx_43xx.o
LOAD projects/ejemplo/out/libs/lpc_open/lpc_startup/src/crp.o
LOAD projects/ejemplo/out/libs/lpc_open/lpc_startup/src/sysinit.o
LOAD projects/ejemplo/out/libs/lpc_open/lpc_startup/src/vendor_interrupt.o
END GROUP
LOAD /usr/local/Cellar/gcc-arm-none-eabi/20160928/bin/../lib/gcc/arm-none-eabi/5.4.1/../../../../arm-none-eabi/lib/armv7e-m/fpu/libstdc++_nano.a
LOAD /usr/local/Cellar/gcc-arm-none-eabi/20160928/bin/../lib/gcc/arm-none-eabi/5.4.1/../../../../arm-none-eabi/lib/armv7e-m/fpu/libm.a
START GROUP
LOAD /usr/local/Cellar/gcc-arm-none-eabi/20160928/bin/../lib/gcc/arm-none-eabi/5.4.1/armv7e-m/fpu/libgcc.a
LOAD /usr/local/Cellar/gcc-arm-none-eabi/20160928/bin/../lib/gcc/arm-none-eabi/5.4.1/../../../../arm-none-eabi/lib/armv7e-m/fpu/libc_nano.a
END GROUP
START GROUP
LOAD /usr/local/Cellar/gcc-arm-none-eabi/20160928/bin/../lib/gcc/arm-none-eabi/5.4.1/armv7e-m/fpu/libgcc.a
LOAD /usr/local/Cellar/gcc-arm-none-eabi/20160928/bin/../lib/gcc/arm-none-eabi/5.4.1/../../../../arm-none-eabi/lib/armv7e-m/fpu/libc_nano.a
END GROUP
                0x000000001a080000                __top_MFlashA512 = 0x1a080000
                0x000000001b080000                __top_MFlashB512 = 0x1b080000
                0x0000000010008000                __top_RamLoc32 = 0x10008000
                0x000000001008a000                __top_RamLoc40 = 0x1008a000
                0x0000000020008000                __top_RamAHB32 = 0x20008000
                0x000000002000c000                __top_RamAHB16 = 0x2000c000
                0x0000000020010000                __top_RamAHB_ETB16 = 0x20010000
START GROUP
LOAD /usr/local/Cellar/gcc-arm-none-eabi/20160928/bin/../lib/gcc/arm-none-eabi/5.4.1/armv7e-m/fpu/libgcc.a
LOAD /usr/local/Cellar/gcc-arm-none-eabi/20160928/bin/../lib/gcc/arm-none-eabi/5.4.1/../../../../arm-none-eabi/lib/armv7e-m/fpu/libc.a
LOAD /usr/local/Cellar/gcc-arm-none-eabi/20160928/bin/../lib/gcc/arm-none-eabi/5.4.1/../../../../arm-none-eabi/lib/armv7e-m/fpu/libm.a
END GROUP

.text_Flash2    0x000000001b000000        0x0
 FILL mask 0xff
 *(.text_Flash2*)
 *(.text_MFlashB512*)
 *(.text.$Flash2*)
 *(.text.$MFlashB512*)
 *(.rodata.$Flash2*)
 *(.rodata.$MFlashB512*)

.text           0x000000001a000000     0x1730
 FILL mask 0xff
                0x000000001a000000                __vectors_start__ = ABSOLUTE (.)
 *(.isr_vector)
 .isr_vector    0x000000001a000000       0x40 projects/ejemplo/out/libs/cmsis_core//src/armv7m_startup.o
                0x000000001a000000                g_pfnVectors
 *(.isr_vendor_vector)
 .isr_vendor_vector
                0x000000001a000040       0xd4 projects/ejemplo/out/libs/lpc_open/lpc_startup/src/vendor_interrupt.o
                0x000000001a000040                g_pfnVendorVectors
                0x000000001a000114                . = ALIGN (0x4)
                0x000000001a000114                __section_table_start = .
                0x000000001a000114                __data_section_table = .
                0x000000001a000114        0x4 LONG 0x1a00173c LOADADDR (.data)
                0x000000001a000118        0x4 LONG 0x10000000 ADDR (.data)
                0x000000001a00011c        0x4 LONG 0x38 SIZEOF (.data)
                0x000000001a000120        0x4 LONG 0x1a00173c LOADADDR (.data_RAM2)
                0x000000001a000124        0x4 LONG 0x10080000 ADDR (.data_RAM2)
                0x000000001a000128        0x4 LONG 0x0 SIZEOF (.data_RAM2)
                0x000000001a00012c        0x4 LONG 0x1a00173c LOADADDR (.data_RAM3)
                0x000000001a000130        0x4 LONG 0x20000000 ADDR (.data_RAM3)
                0x000000001a000134        0x4 LONG 0x0 SIZEOF (.data_RAM3)
                0x000000001a000138        0x4 LONG 0x1a00173c LOADADDR (.data_RAM4)
                0x000000001a00013c        0x4 LONG 0x20008000 ADDR (.data_RAM4)
                0x000000001a000140        0x4 LONG 0x0 SIZEOF (.data_RAM4)
                0x000000001a000144        0x4 LONG 0x1a00173c LOADADDR (.data_RAM5)
                0x000000001a000148        0x4 LONG 0x2000c000 ADDR (.data_RAM5)
                0x000000001a00014c        0x4 LONG 0x0 SIZEOF (.data_RAM5)
                0x000000001a000150                __data_section_table_end = .
                0x000000001a000150                __bss_section_table = .
                0x000000001a000150        0x4 LONG 0x10000038 ADDR (.bss)
                0x000000001a000154        0x4 LONG 0x10 SIZEOF (.bss)
                0x000000001a000158        0x4 LONG 0x10080000 ADDR (.bss_RAM2)
                0x000000001a00015c        0x4 LONG 0x0 SIZEOF (.bss_RAM2)
                0x000000001a000160        0x4 LONG 0x20000000 ADDR (.bss_RAM3)
                0x000000001a000164        0x4 LONG 0x0 SIZEOF (.bss_RAM3)
                0x000000001a000168        0x4 LONG 0x20008000 ADDR (.bss_RAM4)
                0x000000001a00016c        0x4 LONG 0x0 SIZEOF (.bss_RAM4)
                0x000000001a000170        0x4 LONG 0x2000c000 ADDR (.bss_RAM5)
                0x000000001a000174        0x4 LONG 0x0 SIZEOF (.bss_RAM5)
                0x000000001a000178                __bss_section_table_end = .
                0x000000001a000178                __section_table_end = .
 *(.after_vectors*)
 .after_vectors
                0x000000001a000178       0x54 projects/ejemplo/out/libs/cmsis_core//src/armv7m_startup.o
                0x000000001a000178                NMI_Handler
                0x000000001a00017c                HardFault_Handler
                0x000000001a000180                MemManage_Handler
                0x000000001a000184                BusFault_Handler
                0x000000001a000188                UsageFault_Handler
                0x000000001a00018c                SVC_Handler
                0x000000001a000190                DebugMon_Handler
                0x000000001a000194                PendSV_Handler
                0x000000001a00019c                data_init
                0x000000001a0001b8                bss_init
 .after_vectors
                0x000000001a0001cc        0x4 projects/ejemplo/out/libs/lpc_open/lpc_startup/src/vendor_interrupt.o
                0x000000001a0001cc                GPIO4_IRQHandler
                0x000000001a0001cc                RIT_IRQHandler
                0x000000001a0001cc                ADCHS_IRQHandler
                0x000000001a0001cc                FLASH_EEPROM_IRQHandler
                0x000000001a0001cc                I2C0_IRQHandler
                0x000000001a0001cc                SDIO_IRQHandler
                0x000000001a0001cc                ATIMER_IRQHandler
                0x000000001a0001cc                I2C1_IRQHandler
                0x000000001a0001cc                UART1_IRQHandler
                0x000000001a0001cc                GPIO5_IRQHandler
                0x000000001a0001cc                CAN1_IRQHandler
                0x000000001a0001cc                USB1_IRQHandler
                0x000000001a0001cc                I2S0_IRQHandler
                0x000000001a0001cc                TIMER3_IRQHandler
                0x000000001a0001cc                UART0_IRQHandler
                0x000000001a0001cc                SGPIO_IRQHandler
                0x000000001a0001cc                ADC0_IRQHandler
                0x000000001a0001cc                GPIO6_IRQHandler
                0x000000001a0001cc                IntDefaultHandler
                0x000000001a0001cc                GPIO1_IRQHandler
                0x000000001a0001cc                SSP0_IRQHandler
                0x000000001a0001cc                ADC1_IRQHandler
                0x000000001a0001cc                RTC_IRQHandler
                0x000000001a0001cc                TIMER0_IRQHandler
                0x000000001a0001cc                SPI_IRQHandler
                0x000000001a0001cc                LCD_IRQHandler
                0x000000001a0001cc                TIMER1_IRQHandler
                0x000000001a0001cc                UART2_IRQHandler
                0x000000001a0001cc                GPIO2_IRQHandler
                0x000000001a0001cc                I2S1_IRQHandler
                0x000000001a0001cc                SSP1_IRQHandler
                0x000000001a0001cc                USB0_IRQHandler
                0x000000001a0001cc                GPIO3_IRQHandler
                0x000000001a0001cc                SCT_IRQHandler
                0x000000001a0001cc                WDT_IRQHandler
                0x000000001a0001cc                GPIO7_IRQHandler
                0x000000001a0001cc                SPIFI_IRQHandler
                0x000000001a0001cc                QEI_IRQHandler
                0x000000001a0001cc                ETH_IRQHandler
                0x000000001a0001cc                CAN0_IRQHandler
                0x000000001a0001cc                GINT0_IRQHandler
                0x000000001a0001cc                DAC_IRQHandler
                0x000000001a0001cc                M0SUB_IRQHandler
                0x000000001a0001cc                GPIO0_IRQHandler
                0x000000001a0001cc                DMA_IRQHandler
                0x000000001a0001cc                EVRT_IRQHandler
                0x000000001a0001cc                UART3_IRQHandler
                0x000000001a0001cc                MCPWM_IRQHandler
                0x000000001a0001cc                M0APP_IRQHandler
                0x000000001a0001cc                GINT1_IRQHandler
                0x000000001a0001cc                TIMER2_IRQHandler
                0x00000000000002fc                . = 0x2fc
 *fill*         0x000000001a0001d0      0x12c ff
                0x000000001a0002fc                PROVIDE (__CRP_WORD_START__, .)
 *(.crp)
 .crp           0x000000001a0002fc        0x4 projects/ejemplo/out/libs/lpc_open/lpc_startup/src/crp.o
                0x000000001a0002fc                CRP_WORD
                0x000000001a000300                PROVIDE (__CRP_WORD_END__, .)
                0x0000000000000001                ASSERT (! ((__CRP_WORD_START__ == __CRP_WORD_END__)), Linker CRP Enabled, but no CRP_WORD provided within application)
 *(.text*)
 .text.ConfigurarPuertos
                0x000000001a000300       0x94 projects/ejemplo/out/projects/ejemplo/src/ejemplo.o
                0x000000001a000300                ConfigurarPuertos
 .text.ConfigurarInterrupcion
                0x000000001a000394       0x4c projects/ejemplo/out/projects/ejemplo/src/ejemplo.o
                0x000000001a000394                ConfigurarInterrupcion
 .text.SysTick_Handler
                0x000000001a0003e0       0x24 projects/ejemplo/out/projects/ejemplo/src/ejemplo.o
                0x000000001a0003e0                SysTick_Handler
 .text.main     0x000000001a000404       0xd0 projects/ejemplo/out/projects/ejemplo/src/ejemplo.o
                0x000000001a000404                main
 .text.initialise_monitor_handles
                0x000000001a0004d4        0x4 projects/ejemplo/out/libs/cmsis_core//src/armv7m_startup.o
                0x000000001a0004d4                initialise_monitor_handles
 .text.Reset_Handler
                0x000000001a0004d8       0x88 projects/ejemplo/out/libs/cmsis_core//src/armv7m_startup.o
                0x000000001a0004d8                Reset_Handler
 .text._fini    0x000000001a000560        0x4 projects/ejemplo/out/libs/cmsis_core//src/armv7m_startup.o
                0x000000001a000560                _fini
 .text._init    0x000000001a000564        0x4 projects/ejemplo/out/libs/cmsis_core//src/armv7m_startup.o
                0x000000001a000564                _init
 .text.Board_LED_Init
                0x000000001a000568       0x40 projects/ejemplo/out/libs/lpc_open/boards/edu_ciaa_nxp/src/board.o
 .text.Board_TEC_Init
                0x000000001a0005a8       0x3c projects/ejemplo/out/libs/lpc_open/boards/edu_ciaa_nxp/src/board.o
 .text.Board_GPIO_Init
                0x000000001a0005e4       0x3c projects/ejemplo/out/libs/lpc_open/boards/edu_ciaa_nxp/src/board.o
 .text.Board_ADC_Init
                0x000000001a000620       0x30 projects/ejemplo/out/libs/lpc_open/boards/edu_ciaa_nxp/src/board.o
 .text.Board_SPI_Init
                0x000000001a000650       0x38 projects/ejemplo/out/libs/lpc_open/boards/edu_ciaa_nxp/src/board.o
 .text.Board_I2C_Init
                0x000000001a000688       0x24 projects/ejemplo/out/libs/lpc_open/boards/edu_ciaa_nxp/src/board.o
 .text.Board_Debug_Init
                0x000000001a0006ac       0x24 projects/ejemplo/out/libs/lpc_open/boards/edu_ciaa_nxp/src/board.o
                0x000000001a0006ac                Board_Debug_Init
 .text.Board_Init
                0x000000001a0006d0       0x2c projects/ejemplo/out/libs/lpc_open/boards/edu_ciaa_nxp/src/board.o
                0x000000001a0006d0                Board_Init
 .text.__stdio_init
                0x000000001a0006fc        0x8 projects/ejemplo/out/libs/lpc_open/boards/edu_ciaa_nxp/src/board.o
                0x000000001a0006fc                __stdio_init
 .text.Board_SetupMuxing
                0x000000001a000704       0x34 projects/ejemplo/out/libs/lpc_open/boards/edu_ciaa_nxp/src/board_sysinit.o
                0x000000001a000704                Board_SetupMuxing
 .text.Board_SetupClocking
                0x000000001a000738       0x6c projects/ejemplo/out/libs/lpc_open/boards/edu_ciaa_nxp/src/board_sysinit.o
                0x000000001a000738                Board_SetupClocking
 .text.Board_SystemInit
                0x000000001a0007a4        0xc projects/ejemplo/out/libs/lpc_open/boards/edu_ciaa_nxp/src/board_sysinit.o
                0x000000001a0007a4                Board_SystemInit
 .text.Chip_ADC_GetClockIndex
                0x000000001a0007b0       0x14 projects/ejemplo/out/libs/lpc_open/lpc_chip_43xx/src/adc_18xx_43xx.o
 .text.getClkDiv
                0x000000001a0007c4       0x30 projects/ejemplo/out/libs/lpc_open/lpc_chip_43xx/src/adc_18xx_43xx.o
 .text.Chip_ADC_Init
                0x000000001a0007f4       0x40 projects/ejemplo/out/libs/lpc_open/lpc_chip_43xx/src/adc_18xx_43xx.o
                0x000000001a0007f4                Chip_ADC_Init
 .text.Chip_ADC_SetSampleRate
                0x000000001a000834       0x34 projects/ejemplo/out/libs/lpc_open/lpc_chip_43xx/src/adc_18xx_43xx.o
                0x000000001a000834                Chip_ADC_SetSampleRate
 .text.Chip_ADC_SetResolution
                0x000000001a000868        0xc projects/ejemplo/out/libs/lpc_open/lpc_chip_43xx/src/adc_18xx_43xx.o
                0x000000001a000868                Chip_ADC_SetResolution
 .text.SystemCoreClockUpdate
                0x000000001a000874       0x14 projects/ejemplo/out/libs/lpc_open/lpc_chip_43xx/src/chip_18xx_43xx.o
                0x000000001a000874                SystemCoreClockUpdate
 .text.pll_calc_divs
                0x000000001a000888       0xac projects/ejemplo/out/libs/lpc_open/lpc_chip_43xx/src/clock_18xx_43xx.o
 .text.pll_get_frac
                0x000000001a000934      0x104 projects/ejemplo/out/libs/lpc_open/lpc_chip_43xx/src/clock_18xx_43xx.o
 .text.Chip_Clock_FindBaseClock
                0x000000001a000a38       0x4c projects/ejemplo/out/libs/lpc_open/lpc_chip_43xx/src/clock_18xx_43xx.o
 .text.Chip_Clock_EnableCrystal
                0x000000001a000a84       0x4c projects/ejemplo/out/libs/lpc_open/lpc_chip_43xx/src/clock_18xx_43xx.o
                0x000000001a000a84                Chip_Clock_EnableCrystal
 .text.Chip_Clock_GetDividerSource
                0x000000001a000ad0       0x1c projects/ejemplo/out/libs/lpc_open/lpc_chip_43xx/src/clock_18xx_43xx.o
                0x000000001a000ad0                Chip_Clock_GetDividerSource
 .text.Chip_Clock_GetDividerDivisor
                0x000000001a000aec       0x1c projects/ejemplo/out/libs/lpc_open/lpc_chip_43xx/src/clock_18xx_43xx.o
                0x000000001a000aec                Chip_Clock_GetDividerDivisor
 .text.Chip_Clock_GetClockInputHz
                0x000000001a000b08       0xb8 projects/ejemplo/out/libs/lpc_open/lpc_chip_43xx/src/clock_18xx_43xx.o
                0x000000001a000b08                Chip_Clock_GetClockInputHz
 .text.Chip_Clock_CalcMainPLLValue
                0x000000001a000bc0       0x80 projects/ejemplo/out/libs/lpc_open/lpc_chip_43xx/src/clock_18xx_43xx.o
                0x000000001a000bc0                Chip_Clock_CalcMainPLLValue
 .text.Chip_Clock_GetMainPLLHz
                0x000000001a000c40       0x6c projects/ejemplo/out/libs/lpc_open/lpc_chip_43xx/src/clock_18xx_43xx.o
                0x000000001a000c40                Chip_Clock_GetMainPLLHz
 .text.Chip_Clock_GetDivRate
                0x000000001a000cac       0x24 projects/ejemplo/out/libs/lpc_open/lpc_chip_43xx/src/clock_18xx_43xx.o
 .text.Chip_Clock_SetBaseClock
                0x000000001a000cd0       0x58 projects/ejemplo/out/libs/lpc_open/lpc_chip_43xx/src/clock_18xx_43xx.o
                0x000000001a000cd0                Chip_Clock_SetBaseClock
 .text.Chip_Clock_GetBaseClock
                0x000000001a000d28       0x28 projects/ejemplo/out/libs/lpc_open/lpc_chip_43xx/src/clock_18xx_43xx.o
                0x000000001a000d28                Chip_Clock_GetBaseClock
 .text.Chip_Clock_GetBaseClocktHz
                0x000000001a000d50        0xc projects/ejemplo/out/libs/lpc_open/lpc_chip_43xx/src/clock_18xx_43xx.o
                0x000000001a000d50                Chip_Clock_GetBaseClocktHz
 .text.Chip_Clock_EnableOpts
                0x000000001a000d5c       0x3c projects/ejemplo/out/libs/lpc_open/lpc_chip_43xx/src/clock_18xx_43xx.o
                0x000000001a000d5c                Chip_Clock_EnableOpts
 .text.Chip_Clock_Enable
                0x000000001a000d98       0x34 projects/ejemplo/out/libs/lpc_open/lpc_chip_43xx/src/clock_18xx_43xx.o
                0x000000001a000d98                Chip_Clock_Enable
 .text.Chip_Clock_GetRate
                0x000000001a000dcc       0x4c projects/ejemplo/out/libs/lpc_open/lpc_chip_43xx/src/clock_18xx_43xx.o
                0x000000001a000dcc                Chip_Clock_GetRate
 .text.Chip_GPIO_Init
                0x000000001a000e18        0x4 projects/ejemplo/out/libs/lpc_open/lpc_chip_43xx/src/gpio_18xx_43xx.o
                0x000000001a000e18                Chip_GPIO_Init
 .text.Chip_I2C_EventHandler
                0x000000001a000e1c       0x20 projects/ejemplo/out/libs/lpc_open/lpc_chip_43xx/src/i2c_18xx_43xx.o
                0x000000001a000e1c                Chip_I2C_EventHandler
 .text.Chip_I2C_Init
                0x000000001a000e3c       0x24 projects/ejemplo/out/libs/lpc_open/lpc_chip_43xx/src/i2c_18xx_43xx.o
                0x000000001a000e3c                Chip_I2C_Init
 .text.Chip_I2C_SetClockRate
                0x000000001a000e60       0x38 projects/ejemplo/out/libs/lpc_open/lpc_chip_43xx/src/i2c_18xx_43xx.o
                0x000000001a000e60                Chip_I2C_SetClockRate
 .text.Chip_SSP_GetClockIndex
                0x000000001a000e98       0x14 projects/ejemplo/out/libs/lpc_open/lpc_chip_43xx/src/ssp_18xx_43xx.o
 .text.Chip_SSP_GetPeriphClockIndex
                0x000000001a000eac       0x18 projects/ejemplo/out/libs/lpc_open/lpc_chip_43xx/src/ssp_18xx_43xx.o
 .text.Chip_SSP_SetClockRate
                0x000000001a000ec4       0x14 projects/ejemplo/out/libs/lpc_open/lpc_chip_43xx/src/ssp_18xx_43xx.o
                0x000000001a000ec4                Chip_SSP_SetClockRate
 .text.Chip_SSP_SetBitRate
                0x000000001a000ed8       0x40 projects/ejemplo/out/libs/lpc_open/lpc_chip_43xx/src/ssp_18xx_43xx.o
                0x000000001a000ed8                Chip_SSP_SetBitRate
 .text.Chip_SSP_Init
                0x000000001a000f18       0x38 projects/ejemplo/out/libs/lpc_open/lpc_chip_43xx/src/ssp_18xx_43xx.o
                0x000000001a000f18                Chip_SSP_Init
 .text.Chip_SetupCoreClock
                0x000000001a000f50      0x150 projects/ejemplo/out/libs/lpc_open/lpc_chip_43xx/src/sysinit_18xx_43xx.o
                0x000000001a000f50                Chip_SetupCoreClock
 .text.Chip_UART_GetIndex
                0x000000001a0010a0       0x2c projects/ejemplo/out/libs/lpc_open/lpc_chip_43xx/src/uart_18xx_43xx.o
 .text.Chip_UART_Init
                0x000000001a0010cc       0x54 projects/ejemplo/out/libs/lpc_open/lpc_chip_43xx/src/uart_18xx_43xx.o
                0x000000001a0010cc                Chip_UART_Init
 .text.Chip_UART_SetBaudFDR
                0x000000001a001120       0xe4 projects/ejemplo/out/libs/lpc_open/lpc_chip_43xx/src/uart_18xx_43xx.o
                0x000000001a001120                Chip_UART_SetBaudFDR
 .text.SystemInit
                0x000000001a001204       0x40 projects/ejemplo/out/libs/lpc_open/lpc_startup/src/sysinit.o
                0x000000001a001204                SystemInit
 .text          0x000000001a001244       0x30 /usr/local/Cellar/gcc-arm-none-eabi/20160928/bin/../lib/gcc/arm-none-eabi/5.4.1/armv7e-m/fpu/libgcc.a(_aeabi_uldivmod.o)
                0x000000001a001244                __aeabi_uldivmod
 .text          0x000000001a001274      0x2e4 /usr/local/Cellar/gcc-arm-none-eabi/20160928/bin/../lib/gcc/arm-none-eabi/5.4.1/armv7e-m/fpu/libgcc.a(_udivmoddi4.o)
                0x000000001a001274                __udivmoddi4
 .text          0x000000001a001558        0x4 /usr/local/Cellar/gcc-arm-none-eabi/20160928/bin/../lib/gcc/arm-none-eabi/5.4.1/armv7e-m/fpu/libgcc.a(_dvmd_tls.o)
                0x000000001a001558                __aeabi_ldiv0
                0x000000001a001558                __aeabi_idiv0
 .text.__libc_init_array
                0x000000001a00155c       0x4c /usr/local/Cellar/gcc-arm-none-eabi/20160928/bin/../lib/gcc/arm-none-eabi/5.4.1/../../../../arm-none-eabi/lib/armv7e-m/fpu/libc_nano.a(lib_a-init.o)
                0x000000001a00155c                __libc_init_array
 .text.memset   0x000000001a0015a8       0x10 /usr/local/Cellar/gcc-arm-none-eabi/20160928/bin/../lib/gcc/arm-none-eabi/5.4.1/../../../../arm-none-eabi/lib/armv7e-m/fpu/libc_nano.a(lib_a-memset.o)
                0x000000001a0015a8                memset
 *(.rodata .rodata.* .constdata .constdata.*)
 .rodata.GpioPorts
                0x000000001a0015b8       0x12 projects/ejemplo/out/libs/lpc_open/boards/edu_ciaa_nxp/src/board.o
 *fill*         0x000000001a0015ca        0x2 ff
 .rodata.OscRateIn
                0x000000001a0015cc        0x4 projects/ejemplo/out/libs/lpc_open/boards/edu_ciaa_nxp/src/board.o
                0x000000001a0015cc                OscRateIn
 .rodata.ExtRateIn
                0x000000001a0015d0        0x4 projects/ejemplo/out/libs/lpc_open/boards/edu_ciaa_nxp/src/board.o
                0x000000001a0015d0                ExtRateIn
 .rodata.GpioButtons
                0x000000001a0015d4        0x8 projects/ejemplo/out/libs/lpc_open/boards/edu_ciaa_nxp/src/board.o
 .rodata.GpioLeds
                0x000000001a0015dc        0xc projects/ejemplo/out/libs/lpc_open/boards/edu_ciaa_nxp/src/board.o
 .rodata.InitClkStates
                0x000000001a0015e8        0x4 projects/ejemplo/out/libs/lpc_open/boards/edu_ciaa_nxp/src/board_sysinit.o
 .rodata.pinmuxing
                0x000000001a0015ec       0x74 projects/ejemplo/out/libs/lpc_open/boards/edu_ciaa_nxp/src/board_sysinit.o
 .rodata        0x000000001a001660        0x4 projects/ejemplo/out/libs/lpc_open/lpc_chip_43xx/src/clock_18xx_43xx.o
 .rodata.str1.4
                0x000000001a001664        0x8 projects/ejemplo/out/libs/lpc_open/lpc_chip_43xx/src/clock_18xx_43xx.o
                                          0x6 (size before relaxing)
 .rodata.periph_to_base
                0x000000001a00166c       0x6c projects/ejemplo/out/libs/lpc_open/lpc_chip_43xx/src/clock_18xx_43xx.o
 .rodata.InitClkStates
                0x000000001a0016d8       0x48 projects/ejemplo/out/libs/lpc_open/lpc_chip_43xx/src/sysinit_18xx_43xx.o
 .rodata.UART_BClock
                0x000000001a001720        0x8 projects/ejemplo/out/libs/lpc_open/lpc_chip_43xx/src/uart_18xx_43xx.o
 .rodata.UART_PClock
                0x000000001a001728        0x8 projects/ejemplo/out/libs/lpc_open/lpc_chip_43xx/src/uart_18xx_43xx.o
                0x000000001a001730                . = ALIGN (0x4)

.glue_7         0x000000001a001730        0x0
 .glue_7        0x000000001a001730        0x0 linker stubs

.glue_7t        0x000000001a001730        0x0
 .glue_7t       0x000000001a001730        0x0 linker stubs

.vfp11_veneer   0x000000001a001730        0x0
 .vfp11_veneer  0x000000001a001730        0x0 linker stubs

.v4_bx          0x000000001a001730        0x0
 .v4_bx         0x000000001a001730        0x0 linker stubs

.iplt           0x000000001a001730        0x0
 .iplt          0x000000001a001730        0x0 projects/ejemplo/out/projects/ejemplo/src/ejemplo.o
                0x000000001a001730                . = ALIGN (0x4)

.preinit_array  0x000000001a001730        0x0
                0x000000001a001730                PROVIDE (__preinit_array_start, .)
 *(.preinit_array*)
                0x000000001a001730                PROVIDE (__preinit_array_end, .)

.init_array     0x000000001a001730        0x4
                0x000000001a001730                PROVIDE (__init_array_start, .)
 *(SORT(.init_array.*))
 *(.init_array*)
 .init_array    0x000000001a001730        0x4 projects/ejemplo/out/libs/sys_newlib//src/system.o
                0x000000001a001734                PROVIDE (__init_array_end, .)
                0x000000001a001734                . = ALIGN (0x4)

.ARM.extab
 *(.ARM.extab* .gnu.linkonce.armextab.*)
                0x000000001a001734                __exidx_start = .

.ARM.exidx      0x000000001a001734        0x8
 *(.ARM.exidx* .gnu.linkonce.armexidx.*)
 .ARM.exidx     0x000000001a001734        0x8 /usr/local/Cellar/gcc-arm-none-eabi/20160928/bin/../lib/gcc/arm-none-eabi/5.4.1/armv7e-m/fpu/libgcc.a(_udivmoddi4.o)
                0x000000001a00173c                __exidx_end = .
                0x000000001a00173c                _etext = .

.rel.dyn        0x000000001a00173c        0x0
 .rel.iplt      0x000000001a00173c        0x0 projects/ejemplo/out/projects/ejemplo/src/ejemplo.o

.data_RAM2      0x0000000010080000        0x0 load address 0x000000001a00173c
 FILL mask 0xff
 *(.ramfunc.$RAM2)
 *(.ramfunc.$RamLoc40)
 *(.data.$RAM2*)
 *(.data.$RamLoc40*)
                0x0000000010080000                . = ALIGN (0x4)

.data_RAM3      0x0000000020000000        0x0 load address 0x000000001a00173c
 FILL mask 0xff
 *(.ramfunc.$RAM3)
 *(.ramfunc.$RamAHB32)
 *(.data.$RAM3*)
 *(.data.$RamAHB32*)
                0x0000000020000000                . = ALIGN (0x4)

.data_RAM4      0x0000000020008000        0x0 load address 0x000000001a00173c
 FILL mask 0xff
 *(.ramfunc.$RAM4)
 *(.ramfunc.$RamAHB16)
 *(.data.$RAM4*)
 *(.data.$RamAHB16*)
                0x0000000020008000                . = ALIGN (0x4)

.data_RAM5      0x000000002000c000        0x0 load address 0x000000001a00173c
 FILL mask 0xff
 *(.ramfunc.$RAM5)
 *(.ramfunc.$RamAHB_ETB16)
 *(.data.$RAM5*)
 *(.data.$RamAHB_ETB16*)
                0x000000002000c000                . = ALIGN (0x4)

.uninit_RESERVED
                0x0000000010000000        0x0
 *(.bss.$RESERVED*)
                0x0000000010000000                . = ALIGN (0x4)
                0x0000000010000000                _end_uninit_RESERVED = .

.data           0x0000000010000000       0x38 load address 0x000000001a00173c
 FILL mask 0xff
                0x0000000010000000                _data = .
 *(vtable)
 *(.ramfunc*)
 *(.data*)
 .data.i2c      0x0000000010000000       0x38 projects/ejemplo/out/libs/lpc_open/lpc_chip_43xx/src/i2c_18xx_43xx.o
                0x0000000010000038                . = ALIGN (0x4)
                0x0000000010000038                _edata = .

.igot.plt       0x0000000010000038        0x0 load address 0x000000001a001774
 .igot.plt      0x0000000010000038        0x0 projects/ejemplo/out/projects/ejemplo/src/ejemplo.o

.bss_RAM2       0x0000000010080000        0x0
 *(.bss.$RAM2*)
 *(.bss.$RamLoc40*)
                0x0000000010080000                . = ALIGN (0x4)

.bss_RAM3       0x0000000020000000        0x0
 *(.bss.$RAM3*)
 *(.bss.$RamAHB32*)
                0x0000000020000000                . = ALIGN (0x4)

.bss_RAM4       0x0000000020008000        0x0
 *(.bss.$RAM4*)
 *(.bss.$RamAHB16*)
                0x0000000020008000                . = ALIGN (0x4)

.bss_RAM5       0x000000002000c000        0x0
 *(.bss.$RAM5*)
 *(.bss.$RamAHB_ETB16*)
                0x000000002000c000                . = ALIGN (0x4)

.bss            0x0000000010000038       0x10
                0x0000000010000038                _bss = .
 *(.bss*)
 .bss.contador.9403
                0x0000000010000038        0x4 projects/ejemplo/out/projects/ejemplo/src/ejemplo.o
 .bss.audio_usb_pll_freq
                0x000000001000003c        0x8 projects/ejemplo/out/libs/lpc_open/lpc_chip_43xx/src/clock_18xx_43xx.o
 *(COMMON)
 COMMON         0x0000000010000044        0x4 projects/ejemplo/out/libs/lpc_open/lpc_chip_43xx/src/chip_18xx_43xx.o
                0x0000000010000044                SystemCoreClock
                0x0000000010000048                . = ALIGN (0x4)
                0x0000000010000048                _ebss = .
                [!provide]                        PROVIDE (end, .)

.noinit_RAM2    0x0000000010080000        0x0
 *(.noinit.$RAM2*)
 *(.noinit.$RamLoc40*)
                0x0000000010080000                . = ALIGN (0x4)

.noinit_RAM3    0x0000000020000000        0x0
 *(.noinit.$RAM3*)
 *(.noinit.$RamAHB32*)
                0x0000000020000000                . = ALIGN (0x4)

.noinit_RAM4    0x0000000020008000        0x0
 *(.noinit.$RAM4*)
 *(.noinit.$RamAHB16*)
                0x0000000020008000                . = ALIGN (0x4)

.noinit_RAM5    0x000000002000c000        0x0
 *(.noinit.$RAM5*)
 *(.noinit.$RamAHB_ETB16*)
                0x000000002000c000                . = ALIGN (0x4)

.noinit         0x0000000010000048        0x0
                0x0000000010000048                _noinit = .
 *(.noinit*)
                0x0000000010000048                . = ALIGN (0x4)
                0x0000000010000048                _end_noinit = .
                0x0000000010000048                PROVIDE (_pvHeapStart, .)
                0x0000000010008000                PROVIDE (_vStackTop, (__top_RamLoc32 - 0x0))
                0xffffffff53ff73a2                PROVIDE (__valid_user_code_checksum, (0x0 - ((((((_vStackTop + (Reset_Handler + 0x1)) + (NMI_Handler + 0x1)) + (HardFault_Handler + 0x1)) + (DEFINED (MemManage_Handler)?MemManage_Handler:0x0 + 0x1)) + (DEFINED (BusFault_Handler)?BusFault_Handler:0x0 + 0x1)) + (DEFINED (UsageFault_Handler)?UsageFault_Handler:0x0 + 0x1))))
OUTPUT(projects/ejemplo/out/ejemplo.elf elf32-littlearm)

.debug_info     0x0000000000000000     0xcb56
 .debug_info    0x0000000000000000     0x1383 projects/ejemplo/out/projects/ejemplo/src/ejemplo.o
 .debug_info    0x0000000000001383      0x2fd projects/ejemplo/out/libs/cmsis_core//src/armv7m_startup.o
 .debug_info    0x0000000000001680      0xefc projects/ejemplo/out/libs/sys_newlib//src/system.o
 .debug_info    0x000000000000257c     0x1923 projects/ejemplo/out/libs/lpc_open/boards/edu_ciaa_nxp/src/board.o
 .debug_info    0x0000000000003e9f      0xc92 projects/ejemplo/out/libs/lpc_open/boards/edu_ciaa_nxp/src/board_sysinit.o
 .debug_info    0x0000000000004b31      0xac3 projects/ejemplo/out/libs/lpc_open/lpc_chip_43xx/src/adc_18xx_43xx.o
 .debug_info    0x00000000000055f4      0xc23 projects/ejemplo/out/libs/lpc_open/lpc_chip_43xx/src/chip_18xx_43xx.o
 .debug_info    0x0000000000006217     0x1907 projects/ejemplo/out/libs/lpc_open/lpc_chip_43xx/src/clock_18xx_43xx.o
 .debug_info    0x0000000000007b1e      0x21c projects/ejemplo/out/libs/lpc_open/lpc_chip_43xx/src/gpio_18xx_43xx.o
 .debug_info    0x0000000000007d3a     0x133f projects/ejemplo/out/libs/lpc_open/lpc_chip_43xx/src/i2c_18xx_43xx.o
 .debug_info    0x0000000000009079     0x15d5 projects/ejemplo/out/libs/lpc_open/lpc_chip_43xx/src/ssp_18xx_43xx.o
 .debug_info    0x000000000000a64e      0xa88 projects/ejemplo/out/libs/lpc_open/lpc_chip_43xx/src/sysinit_18xx_43xx.o
 .debug_info    0x000000000000b0d6     0x163d projects/ejemplo/out/libs/lpc_open/lpc_chip_43xx/src/uart_18xx_43xx.o
 .debug_info    0x000000000000c713       0x3f projects/ejemplo/out/libs/lpc_open/lpc_startup/src/crp.o
 .debug_info    0x000000000000c752      0x390 projects/ejemplo/out/libs/lpc_open/lpc_startup/src/sysinit.o
 .debug_info    0x000000000000cae2       0x74 projects/ejemplo/out/libs/lpc_open/lpc_startup/src/vendor_interrupt.o

.debug_abbrev   0x0000000000000000     0x217f
 .debug_abbrev  0x0000000000000000      0x281 projects/ejemplo/out/projects/ejemplo/src/ejemplo.o
 .debug_abbrev  0x0000000000000281      0x12a projects/ejemplo/out/libs/cmsis_core//src/armv7m_startup.o
 .debug_abbrev  0x00000000000003ab      0x2ad projects/ejemplo/out/libs/sys_newlib//src/system.o
 .debug_abbrev  0x0000000000000658      0x3b3 projects/ejemplo/out/libs/lpc_open/boards/edu_ciaa_nxp/src/board.o
 .debug_abbrev  0x0000000000000a0b      0x204 projects/ejemplo/out/libs/lpc_open/boards/edu_ciaa_nxp/src/board_sysinit.o
 .debug_abbrev  0x0000000000000c0f      0x1e4 projects/ejemplo/out/libs/lpc_open/lpc_chip_43xx/src/adc_18xx_43xx.o
 .debug_abbrev  0x0000000000000df3      0x1b2 projects/ejemplo/out/libs/lpc_open/lpc_chip_43xx/src/chip_18xx_43xx.o
 .debug_abbrev  0x0000000000000fa5      0x371 projects/ejemplo/out/libs/lpc_open/lpc_chip_43xx/src/clock_18xx_43xx.o
 .debug_abbrev  0x0000000000001316       0xd0 projects/ejemplo/out/libs/lpc_open/lpc_chip_43xx/src/gpio_18xx_43xx.o
 .debug_abbrev  0x00000000000013e6      0x326 projects/ejemplo/out/libs/lpc_open/lpc_chip_43xx/src/i2c_18xx_43xx.o
 .debug_abbrev  0x000000000000170c      0x317 projects/ejemplo/out/libs/lpc_open/lpc_chip_43xx/src/ssp_18xx_43xx.o
 .debug_abbrev  0x0000000000001a23      0x1ee projects/ejemplo/out/libs/lpc_open/lpc_chip_43xx/src/sysinit_18xx_43xx.o
 .debug_abbrev  0x0000000000001c11      0x390 projects/ejemplo/out/libs/lpc_open/lpc_chip_43xx/src/uart_18xx_43xx.o
 .debug_abbrev  0x0000000000001fa1       0x36 projects/ejemplo/out/libs/lpc_open/lpc_startup/src/crp.o
 .debug_abbrev  0x0000000000001fd7      0x134 projects/ejemplo/out/libs/lpc_open/lpc_startup/src/sysinit.o
 .debug_abbrev  0x000000000000210b       0x74 projects/ejemplo/out/libs/lpc_open/lpc_startup/src/vendor_interrupt.o

.debug_loc      0x0000000000000000     0x5a30
 .debug_loc     0x0000000000000000      0xa81 projects/ejemplo/out/projects/ejemplo/src/ejemplo.o
 .debug_loc     0x0000000000000a81      0x1f0 projects/ejemplo/out/libs/cmsis_core//src/armv7m_startup.o
 .debug_loc     0x0000000000000c71      0x643 projects/ejemplo/out/libs/sys_newlib//src/system.o
 .debug_loc     0x00000000000012b4      0x5a0 projects/ejemplo/out/libs/lpc_open/boards/edu_ciaa_nxp/src/board.o
 .debug_loc     0x0000000000001854       0xe0 projects/ejemplo/out/libs/lpc_open/boards/edu_ciaa_nxp/src/board_sysinit.o
 .debug_loc     0x0000000000001934      0x653 projects/ejemplo/out/libs/lpc_open/lpc_chip_43xx/src/adc_18xx_43xx.o
 .debug_loc     0x0000000000001f87     0x1209 projects/ejemplo/out/libs/lpc_open/lpc_chip_43xx/src/clock_18xx_43xx.o
 .debug_loc     0x0000000000003190      0xbe5 projects/ejemplo/out/libs/lpc_open/lpc_chip_43xx/src/i2c_18xx_43xx.o
 .debug_loc     0x0000000000003d75      0xe24 projects/ejemplo/out/libs/lpc_open/lpc_chip_43xx/src/ssp_18xx_43xx.o
 .debug_loc     0x0000000000004b99      0x178 projects/ejemplo/out/libs/lpc_open/lpc_chip_43xx/src/sysinit_18xx_43xx.o
 .debug_loc     0x0000000000004d11      0xd0c projects/ejemplo/out/libs/lpc_open/lpc_chip_43xx/src/uart_18xx_43xx.o
 .debug_loc     0x0000000000005a1d       0x13 projects/ejemplo/out/libs/lpc_open/lpc_startup/src/sysinit.o

.debug_aranges  0x0000000000000000      0x760
 .debug_aranges
                0x0000000000000000       0x38 projects/ejemplo/out/projects/ejemplo/src/ejemplo.o
 .debug_aranges
                0x0000000000000038       0x90 projects/ejemplo/out/libs/cmsis_core//src/armv7m_startup.o
 .debug_aranges
                0x00000000000000c8       0xe0 projects/ejemplo/out/libs/sys_newlib//src/system.o
 .debug_aranges
                0x00000000000001a8       0xc0 projects/ejemplo/out/libs/lpc_open/boards/edu_ciaa_nxp/src/board.o
 .debug_aranges
                0x0000000000000268       0x30 projects/ejemplo/out/libs/lpc_open/boards/edu_ciaa_nxp/src/board_sysinit.o
 .debug_aranges
                0x0000000000000298       0x90 projects/ejemplo/out/libs/lpc_open/lpc_chip_43xx/src/adc_18xx_43xx.o
 .debug_aranges
                0x0000000000000328       0x38 projects/ejemplo/out/libs/lpc_open/lpc_chip_43xx/src/chip_18xx_43xx.o
 .debug_aranges
                0x0000000000000360      0x128 projects/ejemplo/out/libs/lpc_open/lpc_chip_43xx/src/clock_18xx_43xx.o
 .debug_aranges
                0x0000000000000488       0x28 projects/ejemplo/out/libs/lpc_open/lpc_chip_43xx/src/gpio_18xx_43xx.o
 .debug_aranges
                0x00000000000004b0       0xd8 projects/ejemplo/out/libs/lpc_open/lpc_chip_43xx/src/i2c_18xx_43xx.o
 .debug_aranges
                0x0000000000000588       0xa0 projects/ejemplo/out/libs/lpc_open/lpc_chip_43xx/src/ssp_18xx_43xx.o
 .debug_aranges
                0x0000000000000628       0x38 projects/ejemplo/out/libs/lpc_open/lpc_chip_43xx/src/sysinit_18xx_43xx.o
 .debug_aranges
                0x0000000000000660       0xa8 projects/ejemplo/out/libs/lpc_open/lpc_chip_43xx/src/uart_18xx_43xx.o
 .debug_aranges
                0x0000000000000708       0x18 projects/ejemplo/out/libs/lpc_open/lpc_startup/src/crp.o
 .debug_aranges
                0x0000000000000720       0x20 projects/ejemplo/out/libs/lpc_open/lpc_startup/src/sysinit.o
 .debug_aranges
                0x0000000000000740       0x20 projects/ejemplo/out/libs/lpc_open/lpc_startup/src/vendor_interrupt.o

.debug_ranges   0x0000000000000000      0x6f8
 .debug_ranges  0x0000000000000000       0x28 projects/ejemplo/out/projects/ejemplo/src/ejemplo.o
 .debug_ranges  0x0000000000000028       0x80 projects/ejemplo/out/libs/cmsis_core//src/armv7m_startup.o
 .debug_ranges  0x00000000000000a8       0xe8 projects/ejemplo/out/libs/sys_newlib//src/system.o
 .debug_ranges  0x0000000000000190       0xb0 projects/ejemplo/out/libs/lpc_open/boards/edu_ciaa_nxp/src/board.o
 .debug_ranges  0x0000000000000240       0x20 projects/ejemplo/out/libs/lpc_open/boards/edu_ciaa_nxp/src/board_sysinit.o
 .debug_ranges  0x0000000000000260       0x80 projects/ejemplo/out/libs/lpc_open/lpc_chip_43xx/src/adc_18xx_43xx.o
 .debug_ranges  0x00000000000002e0       0x28 projects/ejemplo/out/libs/lpc_open/lpc_chip_43xx/src/chip_18xx_43xx.o
 .debug_ranges  0x0000000000000308      0x118 projects/ejemplo/out/libs/lpc_open/lpc_chip_43xx/src/clock_18xx_43xx.o
 .debug_ranges  0x0000000000000420       0x18 projects/ejemplo/out/libs/lpc_open/lpc_chip_43xx/src/gpio_18xx_43xx.o
 .debug_ranges  0x0000000000000438       0xc8 projects/ejemplo/out/libs/lpc_open/lpc_chip_43xx/src/i2c_18xx_43xx.o
 .debug_ranges  0x0000000000000500      0x100 projects/ejemplo/out/libs/lpc_open/lpc_chip_43xx/src/ssp_18xx_43xx.o
 .debug_ranges  0x0000000000000600       0x28 projects/ejemplo/out/libs/lpc_open/lpc_chip_43xx/src/sysinit_18xx_43xx.o
 .debug_ranges  0x0000000000000628       0xb0 projects/ejemplo/out/libs/lpc_open/lpc_chip_43xx/src/uart_18xx_43xx.o
 .debug_ranges  0x00000000000006d8       0x10 projects/ejemplo/out/libs/lpc_open/lpc_startup/src/sysinit.o
 .debug_ranges  0x00000000000006e8       0x10 projects/ejemplo/out/libs/lpc_open/lpc_startup/src/vendor_interrupt.o

.debug_macro    0x0000000000000000     0x86a1
 .debug_macro   0x0000000000000000      0x330 projects/ejemplo/out/projects/ejemplo/src/ejemplo.o
 .debug_macro   0x0000000000000330      0x8a4 projects/ejemplo/out/projects/ejemplo/src/ejemplo.o
 .debug_macro   0x0000000000000bd4       0x22 projects/ejemplo/out/projects/ejemplo/src/ejemplo.o
 .debug_macro   0x0000000000000bf6       0x4f projects/ejemplo/out/projects/ejemplo/src/ejemplo.o
 .debug_macro   0x0000000000000c45       0x44 projects/ejemplo/out/projects/ejemplo/src/ejemplo.o
 .debug_macro   0x0000000000000c89       0xfd projects/ejemplo/out/projects/ejemplo/src/ejemplo.o
 .debug_macro   0x0000000000000d86       0x5e projects/ejemplo/out/projects/ejemplo/src/ejemplo.o
 .debug_macro   0x0000000000000de4      0x1df projects/ejemplo/out/projects/ejemplo/src/ejemplo.o
 .debug_macro   0x0000000000000fc3       0x10 projects/ejemplo/out/projects/ejemplo/src/ejemplo.o
 .debug_macro   0x0000000000000fd3       0x10 projects/ejemplo/out/projects/ejemplo/src/ejemplo.o
 .debug_macro   0x0000000000000fe3       0x22 projects/ejemplo/out/projects/ejemplo/src/ejemplo.o
 .debug_macro   0x0000000000001005       0x73 projects/ejemplo/out/projects/ejemplo/src/ejemplo.o
 .debug_macro   0x0000000000001078       0x22 projects/ejemplo/out/projects/ejemplo/src/ejemplo.o
 .debug_macro   0x000000000000109a       0x1c projects/ejemplo/out/projects/ejemplo/src/ejemplo.o
 .debug_macro   0x00000000000010b6       0x22 projects/ejemplo/out/projects/ejemplo/src/ejemplo.o
 .debug_macro   0x00000000000010d8       0xdf projects/ejemplo/out/projects/ejemplo/src/ejemplo.o
 .debug_macro   0x00000000000011b7     0x102d projects/ejemplo/out/projects/ejemplo/src/ejemplo.o
 .debug_macro   0x00000000000021e4      0x11f projects/ejemplo/out/projects/ejemplo/src/ejemplo.o
 .debug_macro   0x0000000000002303      0x2c3 projects/ejemplo/out/projects/ejemplo/src/ejemplo.o
 .debug_macro   0x00000000000025c6      0x112 projects/ejemplo/out/projects/ejemplo/src/ejemplo.o
 .debug_macro   0x00000000000026d8       0x11 projects/ejemplo/out/projects/ejemplo/src/ejemplo.o
 .debug_macro   0x00000000000026e9       0x2a projects/ejemplo/out/projects/ejemplo/src/ejemplo.o
 .debug_macro   0x0000000000002713       0x16 projects/ejemplo/out/projects/ejemplo/src/ejemplo.o
 .debug_macro   0x0000000000002729      0x2e6 projects/ejemplo/out/projects/ejemplo/src/ejemplo.o
 .debug_macro   0x0000000000002a0f       0x82 projects/ejemplo/out/projects/ejemplo/src/ejemplo.o
 .debug_macro   0x0000000000002a91      0x13d projects/ejemplo/out/projects/ejemplo/src/ejemplo.o
 .debug_macro   0x0000000000002bce      0x198 projects/ejemplo/out/projects/ejemplo/src/ejemplo.o
 .debug_macro   0x0000000000002d66       0x34 projects/ejemplo/out/projects/ejemplo/src/ejemplo.o
 .debug_macro   0x0000000000002d9a       0x58 projects/ejemplo/out/projects/ejemplo/src/ejemplo.o
 .debug_macro   0x0000000000002df2      0x236 projects/ejemplo/out/projects/ejemplo/src/ejemplo.o
 .debug_macro   0x0000000000003028      0x572 projects/ejemplo/out/projects/ejemplo/src/ejemplo.o
 .debug_macro   0x000000000000359a       0x16 projects/ejemplo/out/projects/ejemplo/src/ejemplo.o
 .debug_macro   0x00000000000035b0      0x18a projects/ejemplo/out/projects/ejemplo/src/ejemplo.o
 .debug_macro   0x000000000000373a       0x88 projects/ejemplo/out/projects/ejemplo/src/ejemplo.o
 .debug_macro   0x00000000000037c2      0x1b9 projects/ejemplo/out/projects/ejemplo/src/ejemplo.o
 .debug_macro   0x000000000000397b      0x1da projects/ejemplo/out/projects/ejemplo/src/ejemplo.o
 .debug_macro   0x0000000000003b55       0x40 projects/ejemplo/out/projects/ejemplo/src/ejemplo.o
 .debug_macro   0x0000000000003b95       0x1c projects/ejemplo/out/projects/ejemplo/src/ejemplo.o
 .debug_macro   0x0000000000003bb1       0x2e projects/ejemplo/out/projects/ejemplo/src/ejemplo.o
 .debug_macro   0x0000000000003bdf       0x2e projects/ejemplo/out/projects/ejemplo/src/ejemplo.o
 .debug_macro   0x0000000000003c0d       0x22 projects/ejemplo/out/projects/ejemplo/src/ejemplo.o
 .debug_macro   0x0000000000003c2f      0x201 projects/ejemplo/out/projects/ejemplo/src/ejemplo.o
 .debug_macro   0x0000000000003e30       0xe0 projects/ejemplo/out/projects/ejemplo/src/ejemplo.o
 .debug_macro   0x0000000000003f10      0x34c projects/ejemplo/out/projects/ejemplo/src/ejemplo.o
 .debug_macro   0x000000000000425c       0xdc projects/ejemplo/out/projects/ejemplo/src/ejemplo.o
 .debug_macro   0x0000000000004338       0xc4 projects/ejemplo/out/projects/ejemplo/src/ejemplo.o
 .debug_macro   0x00000000000043fc       0x8f projects/ejemplo/out/projects/ejemplo/src/ejemplo.o
 .debug_macro   0x000000000000448b       0x94 projects/ejemplo/out/projects/ejemplo/src/ejemplo.o
 .debug_macro   0x000000000000451f       0xb8 projects/ejemplo/out/projects/ejemplo/src/ejemplo.o
 .debug_macro   0x00000000000045d7       0x4c projects/ejemplo/out/projects/ejemplo/src/ejemplo.o
 .debug_macro   0x0000000000004623       0x16 projects/ejemplo/out/projects/ejemplo/src/ejemplo.o
 .debug_macro   0x0000000000004639      0x328 projects/ejemplo/out/projects/ejemplo/src/ejemplo.o
 .debug_macro   0x0000000000004961       0x3a projects/ejemplo/out/projects/ejemplo/src/ejemplo.o
 .debug_macro   0x000000000000499b       0xd0 projects/ejemplo/out/projects/ejemplo/src/ejemplo.o
 .debug_macro   0x0000000000004a6b       0x18 projects/ejemplo/out/projects/ejemplo/src/ejemplo.o
 .debug_macro   0x0000000000004a83       0x22 projects/ejemplo/out/projects/ejemplo/src/ejemplo.o
 .debug_macro   0x0000000000004aa5       0x40 projects/ejemplo/out/projects/ejemplo/src/ejemplo.o
 .debug_macro   0x0000000000004ae5       0x1d projects/ejemplo/out/libs/cmsis_core//src/armv7m_startup.o
 .debug_macro   0x0000000000004b02      0x15e projects/ejemplo/out/libs/sys_newlib//src/system.o
 .debug_macro   0x0000000000004c60       0x4c projects/ejemplo/out/libs/sys_newlib//src/system.o
 .debug_macro   0x0000000000004cac       0x55 projects/ejemplo/out/libs/sys_newlib//src/system.o
 .debug_macro   0x0000000000004d01       0x35 projects/ejemplo/out/libs/sys_newlib//src/system.o
 .debug_macro   0x0000000000004d36       0x9c projects/ejemplo/out/libs/sys_newlib//src/system.o
 .debug_macro   0x0000000000004dd2      0x16d projects/ejemplo/out/libs/sys_newlib//src/system.o
 .debug_macro   0x0000000000004f3f       0x4a projects/ejemplo/out/libs/sys_newlib//src/system.o
 .debug_macro   0x0000000000004f89       0x52 projects/ejemplo/out/libs/sys_newlib//src/system.o
 .debug_macro   0x0000000000004fdb       0x1f projects/ejemplo/out/libs/sys_newlib//src/system.o
 .debug_macro   0x0000000000004ffa       0x43 projects/ejemplo/out/libs/sys_newlib//src/system.o
 .debug_macro   0x000000000000503d       0x20 projects/ejemplo/out/libs/sys_newlib//src/system.o
 .debug_macro   0x000000000000505d      0x187 projects/ejemplo/out/libs/sys_newlib//src/system.o
 .debug_macro   0x00000000000051e4       0x10 projects/ejemplo/out/libs/sys_newlib//src/system.o
 .debug_macro   0x00000000000051f4       0x35 projects/ejemplo/out/libs/sys_newlib//src/system.o
 .debug_macro   0x0000000000005229       0x10 projects/ejemplo/out/libs/sys_newlib//src/system.o
 .debug_macro   0x0000000000005239      0x241 projects/ejemplo/out/libs/sys_newlib//src/system.o
 .debug_macro   0x000000000000547a      0x330 projects/ejemplo/out/libs/sys_newlib//src/system.o
 .debug_macro   0x00000000000057aa       0x10 projects/ejemplo/out/libs/sys_newlib//src/system.o
 .debug_macro   0x00000000000057ba       0xb6 projects/ejemplo/out/libs/sys_newlib//src/system.o
 .debug_macro   0x0000000000005870      0x11a projects/ejemplo/out/libs/sys_newlib//src/system.o
 .debug_macro   0x000000000000598a       0x16 projects/ejemplo/out/libs/sys_newlib//src/system.o
 .debug_macro   0x00000000000059a0      0x433 projects/ejemplo/out/libs/lpc_open/boards/edu_ciaa_nxp/src/board.o
 .debug_macro   0x0000000000005dd3       0x52 projects/ejemplo/out/libs/lpc_open/boards/edu_ciaa_nxp/src/board.o
 .debug_macro   0x0000000000005e25       0x16 projects/ejemplo/out/libs/lpc_open/boards/edu_ciaa_nxp/src/board.o
 .debug_macro   0x0000000000005e3b       0x97 projects/ejemplo/out/libs/lpc_open/boards/edu_ciaa_nxp/src/board.o
 .debug_macro   0x0000000000005ed2      0x32a projects/ejemplo/out/libs/lpc_open/boards/edu_ciaa_nxp/src/board.o
 .debug_macro   0x00000000000061fc       0xf6 projects/ejemplo/out/libs/lpc_open/boards/edu_ciaa_nxp/src/board.o
 .debug_macro   0x00000000000062f2       0x10 projects/ejemplo/out/libs/lpc_open/boards/edu_ciaa_nxp/src/board.o
 .debug_macro   0x0000000000006302       0x16 projects/ejemplo/out/libs/lpc_open/boards/edu_ciaa_nxp/src/board.o
 .debug_macro   0x0000000000006318      0x145 projects/ejemplo/out/libs/lpc_open/boards/edu_ciaa_nxp/src/board.o
 .debug_macro   0x000000000000645d       0x20 projects/ejemplo/out/libs/lpc_open/boards/edu_ciaa_nxp/src/board.o
 .debug_macro   0x000000000000647d       0xee projects/ejemplo/out/libs/lpc_open/boards/edu_ciaa_nxp/src/board.o
 .debug_macro   0x000000000000656b      0x421 projects/ejemplo/out/libs/lpc_open/boards/edu_ciaa_nxp/src/board_sysinit.o
 .debug_macro   0x000000000000698c      0x315 projects/ejemplo/out/libs/lpc_open/lpc_chip_43xx/src/adc_18xx_43xx.o
 .debug_macro   0x0000000000006ca1      0x315 projects/ejemplo/out/libs/lpc_open/lpc_chip_43xx/src/chip_18xx_43xx.o
 .debug_macro   0x0000000000006fb6      0x31b projects/ejemplo/out/libs/lpc_open/lpc_chip_43xx/src/clock_18xx_43xx.o
 .debug_macro   0x00000000000072d1      0x315 projects/ejemplo/out/libs/lpc_open/lpc_chip_43xx/src/gpio_18xx_43xx.o
 .debug_macro   0x00000000000075e6      0x327 projects/ejemplo/out/libs/lpc_open/lpc_chip_43xx/src/i2c_18xx_43xx.o
 .debug_macro   0x000000000000790d      0x315 projects/ejemplo/out/libs/lpc_open/lpc_chip_43xx/src/ssp_18xx_43xx.o
 .debug_macro   0x0000000000007c22      0x315 projects/ejemplo/out/libs/lpc_open/lpc_chip_43xx/src/sysinit_18xx_43xx.o
 .debug_macro   0x0000000000007f37      0x315 projects/ejemplo/out/libs/lpc_open/lpc_chip_43xx/src/uart_18xx_43xx.o
 .debug_macro   0x000000000000824c       0x17 projects/ejemplo/out/libs/lpc_open/lpc_startup/src/crp.o
 .debug_macro   0x0000000000008263      0x421 projects/ejemplo/out/libs/lpc_open/lpc_startup/src/sysinit.o
 .debug_macro   0x0000000000008684       0x1d projects/ejemplo/out/libs/lpc_open/lpc_startup/src/vendor_interrupt.o

.debug_line     0x0000000000000000     0x6ee5
 .debug_line    0x0000000000000000      0x7e9 projects/ejemplo/out/projects/ejemplo/src/ejemplo.o
 .debug_line    0x00000000000007e9       0xfc projects/ejemplo/out/libs/cmsis_core//src/armv7m_startup.o
 .debug_line    0x00000000000008e5      0x473 projects/ejemplo/out/libs/sys_newlib//src/system.o
 .debug_line    0x0000000000000d58      0xa30 projects/ejemplo/out/libs/lpc_open/boards/edu_ciaa_nxp/src/board.o
 .debug_line    0x0000000000001788      0x830 projects/ejemplo/out/libs/lpc_open/boards/edu_ciaa_nxp/src/board_sysinit.o
 .debug_line    0x0000000000001fb8      0x7f3 projects/ejemplo/out/libs/lpc_open/lpc_chip_43xx/src/adc_18xx_43xx.o
 .debug_line    0x00000000000027ab      0x71a projects/ejemplo/out/libs/lpc_open/lpc_chip_43xx/src/chip_18xx_43xx.o
 .debug_line    0x0000000000002ec5      0xac4 projects/ejemplo/out/libs/lpc_open/lpc_chip_43xx/src/clock_18xx_43xx.o
 .debug_line    0x0000000000003989      0x6df projects/ejemplo/out/libs/lpc_open/lpc_chip_43xx/src/gpio_18xx_43xx.o
 .debug_line    0x0000000000004068      0x9a1 projects/ejemplo/out/libs/lpc_open/lpc_chip_43xx/src/i2c_18xx_43xx.o
 .debug_line    0x0000000000004a09      0xb32 projects/ejemplo/out/libs/lpc_open/lpc_chip_43xx/src/ssp_18xx_43xx.o
 .debug_line    0x000000000000553b      0x776 projects/ejemplo/out/libs/lpc_open/lpc_chip_43xx/src/sysinit_18xx_43xx.o
 .debug_line    0x0000000000005cb1      0x9b1 projects/ejemplo/out/libs/lpc_open/lpc_chip_43xx/src/uart_18xx_43xx.o
 .debug_line    0x0000000000006662       0x44 projects/ejemplo/out/libs/lpc_open/lpc_startup/src/crp.o
 .debug_line    0x00000000000066a6      0x7de projects/ejemplo/out/libs/lpc_open/lpc_startup/src/sysinit.o
 .debug_line    0x0000000000006e84       0x61 projects/ejemplo/out/libs/lpc_open/lpc_startup/src/vendor_interrupt.o

.debug_str      0x0000000000000000    0x1d46a
 .debug_str     0x0000000000000000    0x163ad projects/ejemplo/out/projects/ejemplo/src/ejemplo.o
                                      0x1660b (size before relaxing)
 .debug_str     0x00000000000163ad      0x1fe projects/ejemplo/out/libs/cmsis_core//src/armv7m_startup.o
                                       0x2761 (size before relaxing)
 .debug_str     0x00000000000165ab     0x3819 projects/ejemplo/out/libs/sys_newlib//src/system.o
                                       0x6266 (size before relaxing)
 .debug_str     0x0000000000019dc4     0x1c90 projects/ejemplo/out/libs/lpc_open/boards/edu_ciaa_nxp/src/board.o
                                      0x1a97a (size before relaxing)
 .debug_str     0x000000000001ba54      0x336 projects/ejemplo/out/libs/lpc_open/boards/edu_ciaa_nxp/src/board_sysinit.o
                                      0x1a2f7 (size before relaxing)
 .debug_str     0x000000000001bd8a      0x1b9 projects/ejemplo/out/libs/lpc_open/lpc_chip_43xx/src/adc_18xx_43xx.o
                                      0x167f4 (size before relaxing)
 .debug_str     0x000000000001bf43      0x131 projects/ejemplo/out/libs/lpc_open/lpc_chip_43xx/src/chip_18xx_43xx.o
                                      0x16d59 (size before relaxing)
 .debug_str     0x000000000001c074      0x512 projects/ejemplo/out/libs/lpc_open/lpc_chip_43xx/src/clock_18xx_43xx.o
                                      0x1721f (size before relaxing)
 .debug_str     0x000000000001c586       0x42 projects/ejemplo/out/libs/lpc_open/lpc_chip_43xx/src/gpio_18xx_43xx.o
                                      0x15fab (size before relaxing)
 .debug_str     0x000000000001c5c8      0x595 projects/ejemplo/out/libs/lpc_open/lpc_chip_43xx/src/i2c_18xx_43xx.o
                                      0x16f8b (size before relaxing)
 .debug_str     0x000000000001cb5d      0x3e8 projects/ejemplo/out/libs/lpc_open/lpc_chip_43xx/src/ssp_18xx_43xx.o
                                      0x169ea (size before relaxing)
 .debug_str     0x000000000001cf45       0xbc projects/ejemplo/out/libs/lpc_open/lpc_chip_43xx/src/sysinit_18xx_43xx.o
                                      0x16caa (size before relaxing)
 .debug_str     0x000000000001d001      0x36b projects/ejemplo/out/libs/lpc_open/lpc_chip_43xx/src/uart_18xx_43xx.o
                                      0x16e59 (size before relaxing)
 .debug_str     0x000000000001d36c       0x43 projects/ejemplo/out/libs/lpc_open/lpc_startup/src/crp.o
                                       0x256c (size before relaxing)
 .debug_str     0x000000000001d3af       0x65 projects/ejemplo/out/libs/lpc_open/lpc_startup/src/sysinit.o
                                      0x195c9 (size before relaxing)
 .debug_str     0x000000000001d414       0x56 projects/ejemplo/out/libs/lpc_open/lpc_startup/src/vendor_interrupt.o
                                       0x25c3 (size before relaxing)

.comment        0x0000000000000000       0x6e
 .comment       0x0000000000000000       0x6e projects/ejemplo/out/projects/ejemplo/src/ejemplo.o
                                         0x6f (size before relaxing)
 .comment       0x000000000000006e       0x6f projects/ejemplo/out/libs/cmsis_core//src/armv7m_startup.o
 .comment       0x000000000000006e       0x6f projects/ejemplo/out/libs/sys_newlib//src/system.o
 .comment       0x000000000000006e       0x6f projects/ejemplo/out/libs/lpc_open/boards/edu_ciaa_nxp/src/board.o
 .comment       0x000000000000006e       0x6f projects/ejemplo/out/libs/lpc_open/boards/edu_ciaa_nxp/src/board_sysinit.o
 .comment       0x000000000000006e       0x6f projects/ejemplo/out/libs/lpc_open/lpc_chip_43xx/src/adc_18xx_43xx.o
 .comment       0x000000000000006e       0x6f projects/ejemplo/out/libs/lpc_open/lpc_chip_43xx/src/chip_18xx_43xx.o
 .comment       0x000000000000006e       0x6f projects/ejemplo/out/libs/lpc_open/lpc_chip_43xx/src/clock_18xx_43xx.o
 .comment       0x000000000000006e       0x6f projects/ejemplo/out/libs/lpc_open/lpc_chip_43xx/src/gpio_18xx_43xx.o
 .comment       0x000000000000006e       0x6f projects/ejemplo/out/libs/lpc_open/lpc_chip_43xx/src/i2c_18xx_43xx.o
 .comment       0x000000000000006e       0x6f projects/ejemplo/out/libs/lpc_open/lpc_chip_43xx/src/ssp_18xx_43xx.o
 .comment       0x000000000000006e       0x6f projects/ejemplo/out/libs/lpc_open/lpc_chip_43xx/src/sysinit_18xx_43xx.o
 .comment       0x000000000000006e       0x6f projects/ejemplo/out/libs/lpc_open/lpc_chip_43xx/src/uart_18xx_43xx.o
 .comment       0x000000000000006e       0x6f projects/ejemplo/out/libs/lpc_open/lpc_startup/src/crp.o
 .comment       0x000000000000006e       0x6f projects/ejemplo/out/libs/lpc_open/lpc_startup/src/sysinit.o
 .comment       0x000000000000006e       0x6f projects/ejemplo/out/libs/lpc_open/lpc_startup/src/vendor_interrupt.o

.ARM.attributes
                0x0000000000000000       0x39
 .ARM.attributes
                0x0000000000000000       0x39 projects/ejemplo/out/projects/ejemplo/src/ejemplo.o
 .ARM.attributes
                0x0000000000000039       0x39 projects/ejemplo/out/libs/cmsis_core//src/armv7m_startup.o
 .ARM.attributes
                0x0000000000000072       0x39 projects/ejemplo/out/libs/sys_newlib//src/system.o
 .ARM.attributes
                0x00000000000000ab       0x39 projects/ejemplo/out/libs/lpc_open/boards/edu_ciaa_nxp/src/board.o
 .ARM.attributes
                0x00000000000000e4       0x39 projects/ejemplo/out/libs/lpc_open/boards/edu_ciaa_nxp/src/board_sysinit.o
 .ARM.attributes
                0x000000000000011d       0x39 projects/ejemplo/out/libs/lpc_open/lpc_chip_43xx/src/adc_18xx_43xx.o
 .ARM.attributes
                0x0000000000000156       0x39 projects/ejemplo/out/libs/lpc_open/lpc_chip_43xx/src/chip_18xx_43xx.o
 .ARM.attributes
                0x000000000000018f       0x39 projects/ejemplo/out/libs/lpc_open/lpc_chip_43xx/src/clock_18xx_43xx.o
 .ARM.attributes
                0x00000000000001c8       0x39 projects/ejemplo/out/libs/lpc_open/lpc_chip_43xx/src/gpio_18xx_43xx.o
 .ARM.attributes
                0x0000000000000201       0x39 projects/ejemplo/out/libs/lpc_open/lpc_chip_43xx/src/i2c_18xx_43xx.o
 .ARM.attributes
                0x000000000000023a       0x39 projects/ejemplo/out/libs/lpc_open/lpc_chip_43xx/src/ssp_18xx_43xx.o
 .ARM.attributes
                0x0000000000000273       0x39 projects/ejemplo/out/libs/lpc_open/lpc_chip_43xx/src/sysinit_18xx_43xx.o
 .ARM.attributes
                0x00000000000002ac       0x39 projects/ejemplo/out/libs/lpc_open/lpc_chip_43xx/src/uart_18xx_43xx.o
 .ARM.attributes
                0x00000000000002e5       0x39 projects/ejemplo/out/libs/lpc_open/lpc_startup/src/crp.o
 .ARM.attributes
                0x000000000000031e       0x39 projects/ejemplo/out/libs/lpc_open/lpc_startup/src/sysinit.o
 .ARM.attributes
                0x0000000000000357       0x39 projects/ejemplo/out/libs/lpc_open/lpc_startup/src/vendor_interrupt.o
 .ARM.attributes
                0x0000000000000390       0x22 /usr/local/Cellar/gcc-arm-none-eabi/20160928/bin/../lib/gcc/arm-none-eabi/5.4.1/armv7e-m/fpu/libgcc.a(_aeabi_uldivmod.o)
 .ARM.attributes
                0x00000000000003b2       0x34 /usr/local/Cellar/gcc-arm-none-eabi/20160928/bin/../lib/gcc/arm-none-eabi/5.4.1/armv7e-m/fpu/libgcc.a(_udivmoddi4.o)
 .ARM.attributes
                0x00000000000003e6       0x22 /usr/local/Cellar/gcc-arm-none-eabi/20160928/bin/../lib/gcc/arm-none-eabi/5.4.1/armv7e-m/fpu/libgcc.a(_dvmd_tls.o)
 .ARM.attributes
                0x0000000000000408       0x34 /usr/local/Cellar/gcc-arm-none-eabi/20160928/bin/../lib/gcc/arm-none-eabi/5.4.1/../../../../arm-none-eabi/lib/armv7e-m/fpu/libc_nano.a(lib_a-init.o)
 .ARM.attributes
                0x000000000000043c       0x34 /usr/local/Cellar/gcc-arm-none-eabi/20160928/bin/../lib/gcc/arm-none-eabi/5.4.1/../../../../arm-none-eabi/lib/armv7e-m/fpu/libc_nano.a(lib_a-memset.o)

.debug_frame    0x0000000000000000     0x124c
 .debug_frame   0x0000000000000000       0x70 projects/ejemplo/out/projects/ejemplo/src/ejemplo.o
 .debug_frame   0x0000000000000070      0x114 projects/ejemplo/out/libs/cmsis_core//src/armv7m_startup.o
 .debug_frame   0x0000000000000184      0x200 projects/ejemplo/out/libs/sys_newlib//src/system.o
 .debug_frame   0x0000000000000384      0x20c projects/ejemplo/out/libs/lpc_open/boards/edu_ciaa_nxp/src/board.o
 .debug_frame   0x0000000000000590       0x5c projects/ejemplo/out/libs/lpc_open/boards/edu_ciaa_nxp/src/board_sysinit.o
 .debug_frame   0x00000000000005ec      0x160 projects/ejemplo/out/libs/lpc_open/lpc_chip_43xx/src/adc_18xx_43xx.o
 .debug_frame   0x000000000000074c       0x70 projects/ejemplo/out/libs/lpc_open/lpc_chip_43xx/src/chip_18xx_43xx.o
 .debug_frame   0x00000000000007bc      0x30c projects/ejemplo/out/libs/lpc_open/lpc_chip_43xx/src/clock_18xx_43xx.o
 .debug_frame   0x0000000000000ac8       0x30 projects/ejemplo/out/libs/lpc_open/lpc_chip_43xx/src/gpio_18xx_43xx.o
 .debug_frame   0x0000000000000af8      0x260 projects/ejemplo/out/libs/lpc_open/lpc_chip_43xx/src/i2c_18xx_43xx.o
 .debug_frame   0x0000000000000d58      0x198 projects/ejemplo/out/libs/lpc_open/lpc_chip_43xx/src/ssp_18xx_43xx.o
 .debug_frame   0x0000000000000ef0       0x7c projects/ejemplo/out/libs/lpc_open/lpc_chip_43xx/src/sysinit_18xx_43xx.o
 .debug_frame   0x0000000000000f6c      0x1ec projects/ejemplo/out/libs/lpc_open/lpc_chip_43xx/src/uart_18xx_43xx.o
 .debug_frame   0x0000000000001158       0x28 projects/ejemplo/out/libs/lpc_open/lpc_startup/src/sysinit.o
 .debug_frame   0x0000000000001180       0x20 projects/ejemplo/out/libs/lpc_open/lpc_startup/src/vendor_interrupt.o
 .debug_frame   0x00000000000011a0       0x2c /usr/local/Cellar/gcc-arm-none-eabi/20160928/bin/../lib/gcc/arm-none-eabi/5.4.1/armv7e-m/fpu/libgcc.a(_aeabi_uldivmod.o)
 .debug_frame   0x00000000000011cc       0x34 /usr/local/Cellar/gcc-arm-none-eabi/20160928/bin/../lib/gcc/arm-none-eabi/5.4.1/armv7e-m/fpu/libgcc.a(_udivmoddi4.o)
 .debug_frame   0x0000000000001200       0x2c /usr/local/Cellar/gcc-arm-none-eabi/20160928/bin/../lib/gcc/arm-none-eabi/5.4.1/../../../../arm-none-eabi/lib/armv7e-m/fpu/libc_nano.a(lib_a-init.o)
 .debug_frame   0x000000000000122c       0x20 /usr/local/Cellar/gcc-arm-none-eabi/20160928/bin/../lib/gcc/arm-none-eabi/5.4.1/../../../../arm-none-eabi/lib/armv7e-m/fpu/libc_nano.a(lib_a-memset.o)

Cross Reference Table

Symbol                                            File
ADC0_IRQHandler                                   projects/ejemplo/out/libs/lpc_open/lpc_startup/src/vendor_interrupt.o
ADC1_IRQHandler                                   projects/ejemplo/out/libs/lpc_open/lpc_startup/src/vendor_interrupt.o
ADCHS_IRQHandler                                  projects/ejemplo/out/libs/lpc_open/lpc_startup/src/vendor_interrupt.o
ATIMER_IRQHandler                                 projects/ejemplo/out/libs/lpc_open/lpc_startup/src/vendor_interrupt.o
Board_ADC_ReadBegin                               projects/ejemplo/out/libs/lpc_open/boards/edu_ciaa_nxp/src/board.o
Board_ADC_ReadEnd                                 projects/ejemplo/out/libs/lpc_open/boards/edu_ciaa_nxp/src/board.o
Board_ADC_ReadWait                                projects/ejemplo/out/libs/lpc_open/boards/edu_ciaa_nxp/src/board.o
Board_Debug_Init                                  projects/ejemplo/out/libs/lpc_open/boards/edu_ciaa_nxp/src/board.o
Board_Init                                        projects/ejemplo/out/libs/lpc_open/boards/edu_ciaa_nxp/src/board.o
                                                  projects/ejemplo/out/libs/lpc_open/lpc_startup/src/sysinit.o
Board_LED_Set                                     projects/ejemplo/out/libs/lpc_open/boards/edu_ciaa_nxp/src/board.o
Board_LED_Test                                    projects/ejemplo/out/libs/lpc_open/boards/edu_ciaa_nxp/src/board.o
Board_LED_Toggle                                  projects/ejemplo/out/libs/lpc_open/boards/edu_ciaa_nxp/src/board.o
Board_SetupClocking                               projects/ejemplo/out/libs/lpc_open/boards/edu_ciaa_nxp/src/board_sysinit.o
Board_SetupMuxing                                 projects/ejemplo/out/libs/lpc_open/boards/edu_ciaa_nxp/src/board_sysinit.o
Board_SystemInit                                  projects/ejemplo/out/libs/lpc_open/boards/edu_ciaa_nxp/src/board_sysinit.o
                                                  projects/ejemplo/out/libs/lpc_open/lpc_startup/src/sysinit.o
Board_TEC_GetStatus                               projects/ejemplo/out/libs/lpc_open/boards/edu_ciaa_nxp/src/board.o
Board_UARTGetChar                                 projects/ejemplo/out/libs/lpc_open/boards/edu_ciaa_nxp/src/board.o
Board_UARTPutChar                                 projects/ejemplo/out/libs/lpc_open/boards/edu_ciaa_nxp/src/board.o
Board_UARTPutSTR                                  projects/ejemplo/out/libs/lpc_open/boards/edu_ciaa_nxp/src/board.o
BusFault_Handler                                  projects/ejemplo/out/libs/cmsis_core//src/armv7m_startup.o
CAN0_IRQHandler                                   projects/ejemplo/out/libs/lpc_open/lpc_startup/src/vendor_interrupt.o
CAN1_IRQHandler                                   projects/ejemplo/out/libs/lpc_open/lpc_startup/src/vendor_interrupt.o
CRP_WORD                                          projects/ejemplo/out/libs/lpc_open/lpc_startup/src/crp.o
Chip_ADC_DeInit                                   projects/ejemplo/out/libs/lpc_open/lpc_chip_43xx/src/adc_18xx_43xx.o
Chip_ADC_EnableChannel                            projects/ejemplo/out/libs/lpc_open/lpc_chip_43xx/src/adc_18xx_43xx.o
                                                  projects/ejemplo/out/libs/lpc_open/boards/edu_ciaa_nxp/src/board.o
                                                  projects/ejemplo/out/modules/drivers_bm//src/adc.o
Chip_ADC_Init                                     projects/ejemplo/out/libs/lpc_open/lpc_chip_43xx/src/adc_18xx_43xx.o
                                                  projects/ejemplo/out/libs/lpc_open/boards/edu_ciaa_nxp/src/board.o
                                                  projects/ejemplo/out/modules/drivers_bm//src/adc.o
Chip_ADC_Int_SetChannelCmd                        projects/ejemplo/out/libs/lpc_open/lpc_chip_43xx/src/adc_18xx_43xx.o
                                                  projects/ejemplo/out/modules/drivers_bm//src/adc.o
Chip_ADC_ReadByte                                 projects/ejemplo/out/libs/lpc_open/lpc_chip_43xx/src/adc_18xx_43xx.o
Chip_ADC_ReadStatus                               projects/ejemplo/out/libs/lpc_open/lpc_chip_43xx/src/adc_18xx_43xx.o
                                                  projects/ejemplo/out/libs/lpc_open/boards/edu_ciaa_nxp/src/board.o
                                                  projects/ejemplo/out/modules/drivers_bm//src/adc.o
Chip_ADC_ReadValue                                projects/ejemplo/out/libs/lpc_open/lpc_chip_43xx/src/adc_18xx_43xx.o
                                                  projects/ejemplo/out/libs/lpc_open/boards/edu_ciaa_nxp/src/board.o
                                                  projects/ejemplo/out/modules/drivers_bm//src/adc.o
Chip_ADC_SetBurstCmd                              projects/ejemplo/out/libs/lpc_open/lpc_chip_43xx/src/adc_18xx_43xx.o
                                                  projects/ejemplo/out/libs/lpc_open/boards/edu_ciaa_nxp/src/board.o
Chip_ADC_SetResolution                            projects/ejemplo/out/libs/lpc_open/lpc_chip_43xx/src/adc_18xx_43xx.o
                                                  projects/ejemplo/out/libs/lpc_open/boards/edu_ciaa_nxp/src/board.o
Chip_ADC_SetSampleRate                            projects/ejemplo/out/libs/lpc_open/lpc_chip_43xx/src/adc_18xx_43xx.o
                                                  projects/ejemplo/out/libs/lpc_open/boards/edu_ciaa_nxp/src/board.o
                                                  projects/ejemplo/out/modules/drivers_bm//src/adc.o
Chip_ADC_SetStartMode                             projects/ejemplo/out/libs/lpc_open/lpc_chip_43xx/src/adc_18xx_43xx.o
                                                  projects/ejemplo/out/libs/lpc_open/boards/edu_ciaa_nxp/src/board.o
                                                  projects/ejemplo/out/modules/drivers_bm//src/adc.o
Chip_AES_Config_DMA                               projects/ejemplo/out/libs/lpc_open/lpc_chip_43xx/src/aes_18xx_43xx.o
Chip_AES_GetStatusDMA                             projects/ejemplo/out/libs/lpc_open/lpc_chip_43xx/src/aes_18xx_43xx.o
Chip_AES_Init                                     projects/ejemplo/out/libs/lpc_open/lpc_chip_43xx/src/aes_18xx_43xx.o
Chip_AES_LoadIV_IC                                projects/ejemplo/out/libs/lpc_open/lpc_chip_43xx/src/aes_18xx_43xx.o
Chip_AES_LoadIV_SW                                projects/ejemplo/out/libs/lpc_open/lpc_chip_43xx/src/aes_18xx_43xx.o
Chip_AES_LoadKey                                  projects/ejemplo/out/libs/lpc_open/lpc_chip_43xx/src/aes_18xx_43xx.o
Chip_AES_LoadKeyRNG                               projects/ejemplo/out/libs/lpc_open/lpc_chip_43xx/src/aes_18xx_43xx.o
Chip_AES_LoadKeySW                                projects/ejemplo/out/libs/lpc_open/lpc_chip_43xx/src/aes_18xx_43xx.o
Chip_AES_Operate                                  projects/ejemplo/out/libs/lpc_open/lpc_chip_43xx/src/aes_18xx_43xx.o
Chip_AES_OperateDMA                               projects/ejemplo/out/libs/lpc_open/lpc_chip_43xx/src/aes_18xx_43xx.o
Chip_AES_ProgramKey                               projects/ejemplo/out/libs/lpc_open/lpc_chip_43xx/src/aes_18xx_43xx.o
Chip_AES_SetMode                                  projects/ejemplo/out/libs/lpc_open/lpc_chip_43xx/src/aes_18xx_43xx.o
Chip_ATIMER_DeInit                                projects/ejemplo/out/libs/lpc_open/lpc_chip_43xx/src/atimer_18xx_43xx.o
Chip_ATIMER_Init                                  projects/ejemplo/out/libs/lpc_open/lpc_chip_43xx/src/atimer_18xx_43xx.o
Chip_CCAN_AddReceiveID                            projects/ejemplo/out/libs/lpc_open/lpc_chip_43xx/src/ccan_18xx_43xx.o
Chip_CCAN_ClearStatus                             projects/ejemplo/out/libs/lpc_open/lpc_chip_43xx/src/ccan_18xx_43xx.o
Chip_CCAN_DeInit                                  projects/ejemplo/out/libs/lpc_open/lpc_chip_43xx/src/ccan_18xx_43xx.o
Chip_CCAN_DeleteReceiveID                         projects/ejemplo/out/libs/lpc_open/lpc_chip_43xx/src/ccan_18xx_43xx.o
Chip_CCAN_GetMsgObject                            projects/ejemplo/out/libs/lpc_open/lpc_chip_43xx/src/ccan_18xx_43xx.o
Chip_CCAN_Init                                    projects/ejemplo/out/libs/lpc_open/lpc_chip_43xx/src/ccan_18xx_43xx.o
Chip_CCAN_Send                                    projects/ejemplo/out/libs/lpc_open/lpc_chip_43xx/src/ccan_18xx_43xx.o
Chip_CCAN_SetBitRate                              projects/ejemplo/out/libs/lpc_open/lpc_chip_43xx/src/ccan_18xx_43xx.o
Chip_CCAN_SetMsgObject                            projects/ejemplo/out/libs/lpc_open/lpc_chip_43xx/src/ccan_18xx_43xx.o
Chip_CCAN_SetValidMsg                             projects/ejemplo/out/libs/lpc_open/lpc_chip_43xx/src/ccan_18xx_43xx.o
Chip_CCAN_TransferMsgObject                       projects/ejemplo/out/libs/lpc_open/lpc_chip_43xx/src/ccan_18xx_43xx.o
Chip_Clock_CalcMainPLLValue                       projects/ejemplo/out/libs/lpc_open/lpc_chip_43xx/src/clock_18xx_43xx.o
                                                  projects/ejemplo/out/libs/lpc_open/lpc_chip_43xx/src/sysinit_18xx_43xx.o
Chip_Clock_ClearPowerDown                         projects/ejemplo/out/libs/lpc_open/lpc_chip_43xx/src/clock_18xx_43xx.o
Chip_Clock_Disable                                projects/ejemplo/out/libs/lpc_open/lpc_chip_43xx/src/clock_18xx_43xx.o
                                                  projects/ejemplo/out/libs/lpc_open/lpc_chip_43xx/src/uart_18xx_43xx.o
                                                  projects/ejemplo/out/libs/lpc_open/lpc_chip_43xx/src/timer_18xx_43xx.o
                                                  projects/ejemplo/out/libs/lpc_open/lpc_chip_43xx/src/ssp_18xx_43xx.o
                                                  projects/ejemplo/out/libs/lpc_open/lpc_chip_43xx/src/spi_18xx_43xx.o
                                                  projects/ejemplo/out/libs/lpc_open/lpc_chip_43xx/src/sdif_18xx_43xx.o
                                                  projects/ejemplo/out/libs/lpc_open/lpc_chip_43xx/src/sct_18xx_43xx.o
                                                  projects/ejemplo/out/libs/lpc_open/lpc_chip_43xx/src/ritimer_18xx_43xx.o
                                                  projects/ejemplo/out/libs/lpc_open/lpc_chip_43xx/src/lcd_18xx_43xx.o
                                                  projects/ejemplo/out/libs/lpc_open/lpc_chip_43xx/src/i2s_18xx_43xx.o
                                                  projects/ejemplo/out/libs/lpc_open/lpc_chip_43xx/src/i2cm_18xx_43xx.o
                                                  projects/ejemplo/out/libs/lpc_open/lpc_chip_43xx/src/i2c_18xx_43xx.o
                                                  projects/ejemplo/out/libs/lpc_open/lpc_chip_43xx/src/gpdma_18xx_43xx.o
                                                  projects/ejemplo/out/libs/lpc_open/lpc_chip_43xx/src/enet_18xx_43xx.o
                                                  projects/ejemplo/out/libs/lpc_open/lpc_chip_43xx/src/dac_18xx_43xx.o
                                                  projects/ejemplo/out/libs/lpc_open/lpc_chip_43xx/src/ccan_18xx_43xx.o
                                                  projects/ejemplo/out/libs/lpc_open/lpc_chip_43xx/src/adc_18xx_43xx.o
Chip_Clock_DisableBaseClock                       projects/ejemplo/out/libs/lpc_open/lpc_chip_43xx/src/clock_18xx_43xx.o
Chip_Clock_DisableCrystal                         projects/ejemplo/out/libs/lpc_open/lpc_chip_43xx/src/clock_18xx_43xx.o
Chip_Clock_DisablePLL                             projects/ejemplo/out/libs/lpc_open/lpc_chip_43xx/src/clock_18xx_43xx.o
Chip_Clock_Enable                                 projects/ejemplo/out/libs/lpc_open/lpc_chip_43xx/src/clock_18xx_43xx.o
                                                  projects/ejemplo/out/libs/lpc_open/lpc_chip_43xx/src/timer_18xx_43xx.o
                                                  projects/ejemplo/out/libs/lpc_open/lpc_chip_43xx/src/ssp_18xx_43xx.o
                                                  projects/ejemplo/out/libs/lpc_open/lpc_chip_43xx/src/spi_18xx_43xx.o
                                                  projects/ejemplo/out/libs/lpc_open/lpc_chip_43xx/src/i2s_18xx_43xx.o
                                                  projects/ejemplo/out/libs/lpc_open/lpc_chip_43xx/src/i2cm_18xx_43xx.o
                                                  projects/ejemplo/out/libs/lpc_open/lpc_chip_43xx/src/i2c_18xx_43xx.o
Chip_Clock_EnableBaseClock                        projects/ejemplo/out/libs/lpc_open/lpc_chip_43xx/src/clock_18xx_43xx.o
                                                  projects/ejemplo/out/libs/lpc_open/lpc_chip_43xx/src/chip_18xx_43xx.o
Chip_Clock_EnableCrystal                          projects/ejemplo/out/libs/lpc_open/lpc_chip_43xx/src/clock_18xx_43xx.o
                                                  projects/ejemplo/out/libs/lpc_open/lpc_chip_43xx/src/sysinit_18xx_43xx.o
Chip_Clock_EnableOpts                             projects/ejemplo/out/libs/lpc_open/lpc_chip_43xx/src/clock_18xx_43xx.o
                                                  projects/ejemplo/out/libs/lpc_open/lpc_chip_43xx/src/uart_18xx_43xx.o
                                                  projects/ejemplo/out/libs/lpc_open/lpc_chip_43xx/src/sdif_18xx_43xx.o
                                                  projects/ejemplo/out/libs/lpc_open/lpc_chip_43xx/src/sct_18xx_43xx.o
                                                  projects/ejemplo/out/libs/lpc_open/lpc_chip_43xx/src/ritimer_18xx_43xx.o
                                                  projects/ejemplo/out/libs/lpc_open/lpc_chip_43xx/src/lcd_18xx_43xx.o
                                                  projects/ejemplo/out/libs/lpc_open/lpc_chip_43xx/src/gpdma_18xx_43xx.o
                                                  projects/ejemplo/out/libs/lpc_open/lpc_chip_43xx/src/enet_18xx_43xx.o
                                                  projects/ejemplo/out/libs/lpc_open/lpc_chip_43xx/src/dac_18xx_43xx.o
                                                  projects/ejemplo/out/libs/lpc_open/lpc_chip_43xx/src/chip_18xx_43xx.o
                                                  projects/ejemplo/out/libs/lpc_open/lpc_chip_43xx/src/ccan_18xx_43xx.o
                                                  projects/ejemplo/out/libs/lpc_open/lpc_chip_43xx/src/adc_18xx_43xx.o
Chip_Clock_EnablePLL                              projects/ejemplo/out/libs/lpc_open/lpc_chip_43xx/src/clock_18xx_43xx.o
                                                  projects/ejemplo/out/libs/lpc_open/lpc_chip_43xx/src/chip_18xx_43xx.o
Chip_Clock_GetBaseClock                           projects/ejemplo/out/libs/lpc_open/lpc_chip_43xx/src/clock_18xx_43xx.o
Chip_Clock_GetBaseClockOpts                       projects/ejemplo/out/libs/lpc_open/lpc_chip_43xx/src/clock_18xx_43xx.o
Chip_Clock_GetBaseClocktHz                        projects/ejemplo/out/libs/lpc_open/lpc_chip_43xx/src/clock_18xx_43xx.o
                                                  projects/ejemplo/out/libs/lpc_open/lpc_chip_43xx/src/sdmmc_18xx_43xx.o
                                                  projects/ejemplo/out/libs/lpc_open/lpc_chip_43xx/src/sdio_18xx_43xx.o
Chip_Clock_GetClockInputHz                        projects/ejemplo/out/libs/lpc_open/lpc_chip_43xx/src/clock_18xx_43xx.o
                                                  projects/ejemplo/out/libs/lpc_open/lpc_chip_43xx/src/chip_18xx_43xx.o
Chip_Clock_GetDividerDivisor                      projects/ejemplo/out/libs/lpc_open/lpc_chip_43xx/src/clock_18xx_43xx.o
Chip_Clock_GetDividerSource                       projects/ejemplo/out/libs/lpc_open/lpc_chip_43xx/src/clock_18xx_43xx.o
Chip_Clock_GetEMCRate                             projects/ejemplo/out/libs/lpc_open/lpc_chip_43xx/src/clock_18xx_43xx.o
                                                  projects/ejemplo/out/libs/lpc_open/lpc_chip_43xx/src/emc_18xx_43xx.o
Chip_Clock_GetMainPLLHz                           projects/ejemplo/out/libs/lpc_open/lpc_chip_43xx/src/clock_18xx_43xx.o
Chip_Clock_GetPLLStatus                           projects/ejemplo/out/libs/lpc_open/lpc_chip_43xx/src/clock_18xx_43xx.o
                                                  projects/ejemplo/out/libs/lpc_open/lpc_chip_43xx/src/chip_18xx_43xx.o
Chip_Clock_GetRate                                projects/ejemplo/out/libs/lpc_open/lpc_chip_43xx/src/clock_18xx_43xx.o
                                                  projects/ejemplo/out/libs/lpc_open/lpc_chip_43xx/src/uart_18xx_43xx.o
                                                  projects/ejemplo/out/libs/lpc_open/lpc_chip_43xx/src/stopwatch_18xx_43xx.o
                                                  projects/ejemplo/out/libs/lpc_open/lpc_chip_43xx/src/ssp_18xx_43xx.o
                                                  projects/ejemplo/out/libs/lpc_open/lpc_chip_43xx/src/spi_18xx_43xx.o
                                                  projects/ejemplo/out/libs/lpc_open/lpc_chip_43xx/src/sct_pwm_18xx_43xx.o
                                                  projects/ejemplo/out/libs/lpc_open/lpc_chip_43xx/src/ritimer_18xx_43xx.o
                                                  projects/ejemplo/out/libs/lpc_open/lpc_chip_43xx/src/i2s_18xx_43xx.o
                                                  projects/ejemplo/out/libs/lpc_open/lpc_chip_43xx/src/i2cm_18xx_43xx.o
                                                  projects/ejemplo/out/libs/lpc_open/lpc_chip_43xx/src/i2c_18xx_43xx.o
                                                  projects/ejemplo/out/libs/lpc_open/lpc_chip_43xx/src/eeprom_18xx_43xx.o
                                                  projects/ejemplo/out/libs/lpc_open/lpc_chip_43xx/src/chip_18xx_43xx.o
                                                  projects/ejemplo/out/libs/lpc_open/lpc_chip_43xx/src/ccan_18xx_43xx.o
                                                  projects/ejemplo/out/libs/lpc_open/lpc_chip_43xx/src/adc_18xx_43xx.o
Chip_Clock_IsBaseClockEnabled                     projects/ejemplo/out/libs/lpc_open/lpc_chip_43xx/src/clock_18xx_43xx.o
Chip_Clock_RTCEnable                              projects/ejemplo/out/libs/lpc_open/lpc_chip_43xx/src/clock_18xx_43xx.o
                                                  projects/ejemplo/out/libs/lpc_open/lpc_chip_43xx/src/rtc_18xx_43xx.o
Chip_Clock_SetBaseClock                           projects/ejemplo/out/libs/lpc_open/lpc_chip_43xx/src/clock_18xx_43xx.o
                                                  projects/ejemplo/out/libs/lpc_open/lpc_chip_43xx/src/sysinit_18xx_43xx.o
                                                  projects/ejemplo/out/libs/lpc_open/lpc_chip_43xx/src/chip_18xx_43xx.o
                                                  projects/ejemplo/out/libs/lpc_open/boards/edu_ciaa_nxp/src/board_sysinit.o
Chip_Clock_SetDivider                             projects/ejemplo/out/libs/lpc_open/lpc_chip_43xx/src/clock_18xx_43xx.o
                                                  projects/ejemplo/out/libs/lpc_open/lpc_chip_43xx/src/chip_18xx_43xx.o
Chip_Clock_SetupMainPLLHz                         projects/ejemplo/out/libs/lpc_open/lpc_chip_43xx/src/clock_18xx_43xx.o
Chip_Clock_SetupMainPLLMult                       projects/ejemplo/out/libs/lpc_open/lpc_chip_43xx/src/clock_18xx_43xx.o
Chip_Clock_SetupPLL                               projects/ejemplo/out/libs/lpc_open/lpc_chip_43xx/src/clock_18xx_43xx.o
                                                  projects/ejemplo/out/libs/lpc_open/lpc_chip_43xx/src/chip_18xx_43xx.o
Chip_Clock_StartPowerDown                         projects/ejemplo/out/libs/lpc_open/lpc_chip_43xx/src/clock_18xx_43xx.o
Chip_DAC_DeInit                                   projects/ejemplo/out/libs/lpc_open/lpc_chip_43xx/src/dac_18xx_43xx.o
Chip_DAC_Init                                     projects/ejemplo/out/libs/lpc_open/lpc_chip_43xx/src/dac_18xx_43xx.o
                                                  projects/ejemplo/out/modules/drivers_bm//src/dac.o
Chip_DAC_SetBias                                  projects/ejemplo/out/libs/lpc_open/lpc_chip_43xx/src/dac_18xx_43xx.o
                                                  projects/ejemplo/out/modules/drivers_bm//src/dac.o
Chip_DAC_UpdateValue                              projects/ejemplo/out/libs/lpc_open/lpc_chip_43xx/src/dac_18xx_43xx.o
                                                  projects/ejemplo/out/modules/drivers_bm//src/dac.o
Chip_EEPROM_EraseProgramPage                      projects/ejemplo/out/libs/lpc_open/lpc_chip_43xx/src/eeprom_18xx_43xx.o
Chip_EEPROM_Init                                  projects/ejemplo/out/libs/lpc_open/lpc_chip_43xx/src/eeprom_18xx_43xx.o
Chip_EEPROM_WaitForIntStatus                      projects/ejemplo/out/libs/lpc_open/lpc_chip_43xx/src/eeprom_18xx_43xx.o
Chip_EMC_Dynamic_Enable                           projects/ejemplo/out/libs/lpc_open/lpc_chip_43xx/src/emc_18xx_43xx.o
Chip_EMC_Dynamic_Init                             projects/ejemplo/out/libs/lpc_open/lpc_chip_43xx/src/emc_18xx_43xx.o
Chip_EMC_Enable                                   projects/ejemplo/out/libs/lpc_open/lpc_chip_43xx/src/emc_18xx_43xx.o
Chip_EMC_Init                                     projects/ejemplo/out/libs/lpc_open/lpc_chip_43xx/src/emc_18xx_43xx.o
Chip_EMC_LowPowerMode                             projects/ejemplo/out/libs/lpc_open/lpc_chip_43xx/src/emc_18xx_43xx.o
Chip_EMC_Mirror                                   projects/ejemplo/out/libs/lpc_open/lpc_chip_43xx/src/emc_18xx_43xx.o
Chip_EMC_Static_Init                              projects/ejemplo/out/libs/lpc_open/lpc_chip_43xx/src/emc_18xx_43xx.o
Chip_ENET_DeInit                                  projects/ejemplo/out/libs/lpc_open/lpc_chip_43xx/src/enet_18xx_43xx.o
Chip_ENET_Init                                    projects/ejemplo/out/libs/lpc_open/lpc_chip_43xx/src/enet_18xx_43xx.o
Chip_ENET_SetDuplex                               projects/ejemplo/out/libs/lpc_open/lpc_chip_43xx/src/enet_18xx_43xx.o
Chip_ENET_SetSpeed                                projects/ejemplo/out/libs/lpc_open/lpc_chip_43xx/src/enet_18xx_43xx.o
Chip_ENET_SetupMII                                projects/ejemplo/out/libs/lpc_open/lpc_chip_43xx/src/enet_18xx_43xx.o
Chip_ENET_StartMIIRead                            projects/ejemplo/out/libs/lpc_open/lpc_chip_43xx/src/enet_18xx_43xx.o
Chip_ENET_StartMIIWrite                           projects/ejemplo/out/libs/lpc_open/lpc_chip_43xx/src/enet_18xx_43xx.o
Chip_EVRT_ConfigIntSrcActiveType                  projects/ejemplo/out/libs/lpc_open/lpc_chip_43xx/src/evrt_18xx_43xx.o
Chip_EVRT_Init                                    projects/ejemplo/out/libs/lpc_open/lpc_chip_43xx/src/evrt_18xx_43xx.o
Chip_EVRT_IsSourceInterrupting                    projects/ejemplo/out/libs/lpc_open/lpc_chip_43xx/src/evrt_18xx_43xx.o
Chip_EVRT_SetUpIntSrc                             projects/ejemplo/out/libs/lpc_open/lpc_chip_43xx/src/evrt_18xx_43xx.o
Chip_GPDMA_ChannelCmd                             projects/ejemplo/out/libs/lpc_open/lpc_chip_43xx/src/gpdma_18xx_43xx.o
Chip_GPDMA_ClearIntPending                        projects/ejemplo/out/libs/lpc_open/lpc_chip_43xx/src/gpdma_18xx_43xx.o
Chip_GPDMA_DeInit                                 projects/ejemplo/out/libs/lpc_open/lpc_chip_43xx/src/gpdma_18xx_43xx.o
Chip_GPDMA_GetFreeChannel                         projects/ejemplo/out/libs/lpc_open/lpc_chip_43xx/src/gpdma_18xx_43xx.o
Chip_GPDMA_Init                                   projects/ejemplo/out/libs/lpc_open/lpc_chip_43xx/src/gpdma_18xx_43xx.o
Chip_GPDMA_InitChannelCfg                         projects/ejemplo/out/libs/lpc_open/lpc_chip_43xx/src/gpdma_18xx_43xx.o
Chip_GPDMA_IntGetStatus                           projects/ejemplo/out/libs/lpc_open/lpc_chip_43xx/src/gpdma_18xx_43xx.o
Chip_GPDMA_Interrupt                              projects/ejemplo/out/libs/lpc_open/lpc_chip_43xx/src/gpdma_18xx_43xx.o
Chip_GPDMA_PrepareDescriptor                      projects/ejemplo/out/libs/lpc_open/lpc_chip_43xx/src/gpdma_18xx_43xx.o
Chip_GPDMA_SGTransfer                             projects/ejemplo/out/libs/lpc_open/lpc_chip_43xx/src/gpdma_18xx_43xx.o
Chip_GPDMA_Stop                                   projects/ejemplo/out/libs/lpc_open/lpc_chip_43xx/src/gpdma_18xx_43xx.o
Chip_GPDMA_Transfer                               projects/ejemplo/out/libs/lpc_open/lpc_chip_43xx/src/gpdma_18xx_43xx.o
Chip_GPIO_DeInit                                  projects/ejemplo/out/libs/lpc_open/lpc_chip_43xx/src/gpio_18xx_43xx.o
Chip_GPIO_Init                                    projects/ejemplo/out/libs/lpc_open/lpc_chip_43xx/src/gpio_18xx_43xx.o
                                                  projects/ejemplo/out/libs/lpc_open/boards/edu_ciaa_nxp/src/board.o
                                                  projects/ejemplo/out/modules/drivers_bm//src/switch.o
                                                  projects/ejemplo/out/modules/drivers_bm//src/led.o
Chip_GPIO_ReadPort                                projects/ejemplo/out/modules/drivers_bm//src/unt.o
Chip_I2CM_DeInit                                  projects/ejemplo/out/libs/lpc_open/lpc_chip_43xx/src/i2cm_18xx_43xx.o
Chip_I2CM_Init                                    projects/ejemplo/out/libs/lpc_open/lpc_chip_43xx/src/i2cm_18xx_43xx.o
Chip_I2CM_Read                                    projects/ejemplo/out/libs/lpc_open/lpc_chip_43xx/src/i2cm_18xx_43xx.o
Chip_I2CM_SetBusSpeed                             projects/ejemplo/out/libs/lpc_open/lpc_chip_43xx/src/i2cm_18xx_43xx.o
Chip_I2CM_Write                                   projects/ejemplo/out/libs/lpc_open/lpc_chip_43xx/src/i2cm_18xx_43xx.o
Chip_I2CM_Xfer                                    projects/ejemplo/out/libs/lpc_open/lpc_chip_43xx/src/i2cm_18xx_43xx.o
Chip_I2CM_XferBlocking                            projects/ejemplo/out/libs/lpc_open/lpc_chip_43xx/src/i2cm_18xx_43xx.o
Chip_I2CM_XferHandler                             projects/ejemplo/out/libs/lpc_open/lpc_chip_43xx/src/i2cm_18xx_43xx.o
Chip_I2C_DeInit                                   projects/ejemplo/out/libs/lpc_open/lpc_chip_43xx/src/i2c_18xx_43xx.o
Chip_I2C_Disable                                  projects/ejemplo/out/libs/lpc_open/lpc_chip_43xx/src/i2c_18xx_43xx.o
Chip_I2C_EventHandler                             projects/ejemplo/out/libs/lpc_open/lpc_chip_43xx/src/i2c_18xx_43xx.o
Chip_I2C_EventHandlerPolling                      projects/ejemplo/out/libs/lpc_open/lpc_chip_43xx/src/i2c_18xx_43xx.o
Chip_I2C_GetClockRate                             projects/ejemplo/out/libs/lpc_open/lpc_chip_43xx/src/i2c_18xx_43xx.o
Chip_I2C_GetMasterEventHandler                    projects/ejemplo/out/libs/lpc_open/lpc_chip_43xx/src/i2c_18xx_43xx.o
Chip_I2C_Init                                     projects/ejemplo/out/libs/lpc_open/lpc_chip_43xx/src/i2c_18xx_43xx.o
                                                  projects/ejemplo/out/libs/lpc_open/boards/edu_ciaa_nxp/src/board.o
Chip_I2C_IsMasterActive                           projects/ejemplo/out/libs/lpc_open/lpc_chip_43xx/src/i2c_18xx_43xx.o
Chip_I2C_IsStateChanged                           projects/ejemplo/out/libs/lpc_open/lpc_chip_43xx/src/i2c_18xx_43xx.o
Chip_I2C_MasterCmdRead                            projects/ejemplo/out/libs/lpc_open/lpc_chip_43xx/src/i2c_18xx_43xx.o
Chip_I2C_MasterRead                               projects/ejemplo/out/libs/lpc_open/lpc_chip_43xx/src/i2c_18xx_43xx.o
Chip_I2C_MasterSend                               projects/ejemplo/out/libs/lpc_open/lpc_chip_43xx/src/i2c_18xx_43xx.o
Chip_I2C_MasterStateHandler                       projects/ejemplo/out/libs/lpc_open/lpc_chip_43xx/src/i2c_18xx_43xx.o
Chip_I2C_MasterTransfer                           projects/ejemplo/out/libs/lpc_open/lpc_chip_43xx/src/i2c_18xx_43xx.o
Chip_I2C_SetClockRate                             projects/ejemplo/out/libs/lpc_open/lpc_chip_43xx/src/i2c_18xx_43xx.o
                                                  projects/ejemplo/out/libs/lpc_open/boards/edu_ciaa_nxp/src/board.o
Chip_I2C_SetMasterEventHandler                    projects/ejemplo/out/libs/lpc_open/lpc_chip_43xx/src/i2c_18xx_43xx.o
Chip_I2C_SlaveSetup                               projects/ejemplo/out/libs/lpc_open/lpc_chip_43xx/src/i2c_18xx_43xx.o